Archive member included to satisfy reference by file (symbol)

/usr/lib/gcc/arm-none-eabi/14.1.0/../../../../arm-none-eabi/lib/thumb/v7-m/nofp/libc_nano.a(libc_a-atexit.o)
                              /usr/lib/gcc/arm-none-eabi/14.1.0/../../../../arm-none-eabi/lib/thumb/v7-m/nofp/crt0.o (atexit)
/usr/lib/gcc/arm-none-eabi/14.1.0/../../../../arm-none-eabi/lib/thumb/v7-m/nofp/libc_nano.a(libc_a-exit.o)
                              /usr/lib/gcc/arm-none-eabi/14.1.0/../../../../arm-none-eabi/lib/thumb/v7-m/nofp/crt0.o (exit)
/usr/lib/gcc/arm-none-eabi/14.1.0/../../../../arm-none-eabi/lib/thumb/v7-m/nofp/libc_nano.a(libc_a-findfp.o)
                              /usr/lib/gcc/arm-none-eabi/14.1.0/../../../../arm-none-eabi/lib/thumb/v7-m/nofp/libc_nano.a(libc_a-exit.o) (__stdio_exit_handler)
/usr/lib/gcc/arm-none-eabi/14.1.0/../../../../arm-none-eabi/lib/thumb/v7-m/nofp/libc_nano.a(libc_a-fwalk.o)
                              /usr/lib/gcc/arm-none-eabi/14.1.0/../../../../arm-none-eabi/lib/thumb/v7-m/nofp/libc_nano.a(libc_a-findfp.o) (_fwalk_sglue)
/usr/lib/gcc/arm-none-eabi/14.1.0/../../../../arm-none-eabi/lib/thumb/v7-m/nofp/libc_nano.a(libc_a-stdio.o)
                              /usr/lib/gcc/arm-none-eabi/14.1.0/../../../../arm-none-eabi/lib/thumb/v7-m/nofp/libc_nano.a(libc_a-findfp.o) (__sread)
/usr/lib/gcc/arm-none-eabi/14.1.0/../../../../arm-none-eabi/lib/thumb/v7-m/nofp/libc_nano.a(libc_a-memset.o)
                              /usr/lib/gcc/arm-none-eabi/14.1.0/../../../../arm-none-eabi/lib/thumb/v7-m/nofp/crt0.o (memset)
/usr/lib/gcc/arm-none-eabi/14.1.0/../../../../arm-none-eabi/lib/thumb/v7-m/nofp/libc_nano.a(libc_a-closer.o)
                              /usr/lib/gcc/arm-none-eabi/14.1.0/../../../../arm-none-eabi/lib/thumb/v7-m/nofp/libc_nano.a(libc_a-stdio.o) (_close_r)
/usr/lib/gcc/arm-none-eabi/14.1.0/../../../../arm-none-eabi/lib/thumb/v7-m/nofp/libc_nano.a(libc_a-reent.o)
                              /usr/lib/gcc/arm-none-eabi/14.1.0/../../../../arm-none-eabi/lib/thumb/v7-m/nofp/libc_nano.a(libc_a-closer.o) (errno)
/usr/lib/gcc/arm-none-eabi/14.1.0/../../../../arm-none-eabi/lib/thumb/v7-m/nofp/libc_nano.a(libc_a-impure.o)
                              /usr/lib/gcc/arm-none-eabi/14.1.0/../../../../arm-none-eabi/lib/thumb/v7-m/nofp/libc_nano.a(libc_a-reent.o) (_impure_ptr)
/usr/lib/gcc/arm-none-eabi/14.1.0/../../../../arm-none-eabi/lib/thumb/v7-m/nofp/libc_nano.a(libc_a-lseekr.o)
                              /usr/lib/gcc/arm-none-eabi/14.1.0/../../../../arm-none-eabi/lib/thumb/v7-m/nofp/libc_nano.a(libc_a-stdio.o) (_lseek_r)
/usr/lib/gcc/arm-none-eabi/14.1.0/../../../../arm-none-eabi/lib/thumb/v7-m/nofp/libc_nano.a(libc_a-readr.o)
                              /usr/lib/gcc/arm-none-eabi/14.1.0/../../../../arm-none-eabi/lib/thumb/v7-m/nofp/libc_nano.a(libc_a-stdio.o) (_read_r)
/usr/lib/gcc/arm-none-eabi/14.1.0/../../../../arm-none-eabi/lib/thumb/v7-m/nofp/libc_nano.a(libc_a-writer.o)
                              /usr/lib/gcc/arm-none-eabi/14.1.0/../../../../arm-none-eabi/lib/thumb/v7-m/nofp/libc_nano.a(libc_a-stdio.o) (_write_r)
/usr/lib/gcc/arm-none-eabi/14.1.0/../../../../arm-none-eabi/lib/thumb/v7-m/nofp/libc_nano.a(libc_a-errno.o)
                              build/syscalls.o (__errno)
/usr/lib/gcc/arm-none-eabi/14.1.0/../../../../arm-none-eabi/lib/thumb/v7-m/nofp/libc_nano.a(libc_a-init.o)
                              /usr/lib/gcc/arm-none-eabi/14.1.0/../../../../arm-none-eabi/lib/thumb/v7-m/nofp/crt0.o (__libc_init_array)
/usr/lib/gcc/arm-none-eabi/14.1.0/../../../../arm-none-eabi/lib/thumb/v7-m/nofp/libc_nano.a(libc_a-fini.o)
                              /usr/lib/gcc/arm-none-eabi/14.1.0/../../../../arm-none-eabi/lib/thumb/v7-m/nofp/crt0.o (__libc_fini_array)
/usr/lib/gcc/arm-none-eabi/14.1.0/../../../../arm-none-eabi/lib/thumb/v7-m/nofp/libc_nano.a(libc_a-lock.o)
                              /usr/lib/gcc/arm-none-eabi/14.1.0/../../../../arm-none-eabi/lib/thumb/v7-m/nofp/libc_nano.a(libc_a-findfp.o) (__retarget_lock_init_recursive)
/usr/lib/gcc/arm-none-eabi/14.1.0/../../../../arm-none-eabi/lib/thumb/v7-m/nofp/libc_nano.a(libc_a-__atexit.o)
                              /usr/lib/gcc/arm-none-eabi/14.1.0/../../../../arm-none-eabi/lib/thumb/v7-m/nofp/libc_nano.a(libc_a-atexit.o) (__register_exitproc)
/usr/lib/gcc/arm-none-eabi/14.1.0/../../../../arm-none-eabi/lib/thumb/v7-m/nofp/libc_nano.a(libc_a-__call_atexit.o)
                              /usr/lib/gcc/arm-none-eabi/14.1.0/../../../../arm-none-eabi/lib/thumb/v7-m/nofp/libc_nano.a(libc_a-__atexit.o) (__call_exitprocs)
/usr/lib/gcc/arm-none-eabi/14.1.0/../../../../arm-none-eabi/lib/thumb/v7-m/nofp/libc_nano.a(libc_a-freer.o)
                              /usr/lib/gcc/arm-none-eabi/14.1.0/../../../../arm-none-eabi/lib/thumb/v7-m/nofp/libc_nano.a(libc_a-reent.o) (_free_r)
/usr/lib/gcc/arm-none-eabi/14.1.0/../../../../arm-none-eabi/lib/thumb/v7-m/nofp/libc_nano.a(libc_a-mallocr.o)
[...]
Memory Configuration

Name             Origin             Length             Attributes
RAM              0x20000000         0x00005000         xrw
FLASH            0x08000000         0x00010000         xr
*default*        0x00000000         0xffffffff

Linker script and memory map

LOAD /usr/lib/gcc/arm-none-eabi/14.1.0/thumb/v7-m/nofp/crti.o
LOAD /usr/lib/gcc/arm-none-eabi/14.1.0/thumb/v7-m/nofp/crtbegin.o
LOAD /usr/lib/gcc/arm-none-eabi/14.1.0/../../../../arm-none-eabi/lib/thumb/v7-m/nofp/crt0.o
LOAD build/crc.o
LOAD build/gpio.o
LOAD build/hx711.o
LOAD build/main.o
LOAD build/stm32f1xx_hal_msp.o
LOAD build/stm32f1xx_it.o
LOAD build/syscalls.o
LOAD build/sysmem.o
LOAD build/system_stm32f1xx.o
LOAD build/tim.o
LOAD build/stm32f1xx_hal.o
LOAD build/stm32f1xx_hal_cortex.o
LOAD build/stm32f1xx_hal_crc.o
LOAD build/stm32f1xx_hal_dma.o
LOAD build/stm32f1xx_hal_exti.o
LOAD build/stm32f1xx_hal_flash.o
LOAD build/stm32f1xx_hal_flash_ex.o
LOAD build/stm32f1xx_hal_gpio.o
LOAD build/stm32f1xx_hal_gpio_ex.o
LOAD build/stm32f1xx_hal_pcd.o
LOAD build/stm32f1xx_hal_pcd_ex.o
LOAD build/stm32f1xx_hal_pwr.o
LOAD build/stm32f1xx_hal_rcc.o
LOAD build/stm32f1xx_hal_rcc_ex.o
LOAD build/stm32f1xx_hal_tim.o
LOAD build/stm32f1xx_hal_tim_ex.o
LOAD build/stm32f1xx_ll_usb.o
LOAD build/usbd_cdc.o
LOAD build/usbd_core.o
LOAD build/usbd_ctlreq.o
LOAD build/usbd_ioreq.o
LOAD build/usb_device.o
LOAD build/usbd_cdc_if.o
LOAD build/usbd_desc.o
LOAD build/usbd_conf.o
LOAD build/startup_stm32f103xb.o
LOAD /usr/lib/gcc/arm-none-eabi/14.1.0/../../../../arm-none-eabi/lib/thumb/v7-m/nofp/libc_nano.a
LOAD /usr/lib/gcc/arm-none-eabi/14.1.0/../../../../arm-none-eabi/lib/thumb/v7-m/nofp/libm.a
LOAD /usr/lib/gcc/arm-none-eabi/14.1.0/../../../../arm-none-eabi/lib/thumb/v7-m/nofp/libnosys.a
START GROUP
LOAD /usr/lib/gcc/arm-none-eabi/14.1.0/thumb/v7-m/nofp/libgcc.a
LOAD /usr/lib/gcc/arm-none-eabi/14.1.0/../../../../arm-none-eabi/lib/thumb/v7-m/nofp/libc_nano.a
END GROUP
START GROUP
LOAD /usr/lib/gcc/arm-none-eabi/14.1.0/thumb/v7-m/nofp/libgcc.a
LOAD /usr/lib/gcc/arm-none-eabi/14.1.0/../../../../arm-none-eabi/lib/thumb/v7-m/nofp/libc_nano.a
END GROUP
LOAD /usr/lib/gcc/arm-none-eabi/14.1.0/thumb/v7-m/nofp/crtend.o
LOAD /usr/lib/gcc/arm-none-eabi/14.1.0/thumb/v7-m/nofp/crtn.o
                0x20005000                        _estack = (ORIGIN (RAM) + LENGTH (RAM))
                0x00000200                        _Min_Heap_Size = 0x200
                0x00000400                        _Min_Stack_Size = 0x400

.isr_vector     0x08000000      0x10c
                0x08000000                        . = ALIGN (0x4)
 *(.isr_vector)
 .isr_vector    0x08000000      0x10c build/startup_stm32f103xb.o
                0x08000000                g_pfnVectors
                0x0800010c                        . = ALIGN (0x4)

.text           0x08000110     0x56d8
                0x08000110                        . = ALIGN (0x4)
 *(.text)
 .text          0x08000110      0x168 /usr/lib/gcc/arm-none-eabi/14.1.0/thumb/v7-m/nofp/libgcc.a(_arm_mulsf3.o)
                0x08000110                __mulsf3
                0x08000110                __aeabi_fmul
 .text          0x08000278      0x378 /usr/lib/gcc/arm-none-eabi/14.1.0/thumb/v7-m/nofp/libgcc.a(_arm_addsubdf3.o)
                0x08000278                __aeabi_drsub
                0x08000280                __aeabi_dsub
                0x08000280                __subdf3
                0x08000284                __adddf3
                0x08000284                __aeabi_dadd
                0x080004fc                __aeabi_ui2d
                0x080004fc                __floatunsidf
                0x0800051c                __floatsidf
                0x0800051c                __aeabi_i2d
                0x08000540                __extendsfdf2
                0x08000540                __aeabi_f2d
                0x08000584                __aeabi_ul2d
                0x08000584                __floatundidf
                0x08000594                __floatdidf
                0x08000594                __aeabi_l2d
 .text          0x080005f0      0x424 /usr/lib/gcc/arm-none-eabi/14.1.0/thumb/v7-m/nofp/libgcc.a(_arm_muldivdf3.o)
                0x080005f0                __aeabi_dmul
                0x080005f0                __muldf3
                0x08000844                __aeabi_ddiv
                0x08000844                __divdf3
 .text          0x08000a14       0xa0 /usr/lib/gcc/arm-none-eabi/14.1.0/thumb/v7-m/nofp/libgcc.a(_arm_truncdfsf2.o)
                0x08000a14                __aeabi_d2f
                0x08000a14                __truncdfsf2
 .text          0x08000ab4      0x21c /usr/lib/gcc/arm-none-eabi/14.1.0/thumb/v7-m/nofp/libgcc.a(_arm_addsubsf3.o)
                0x08000ab4                __aeabi_frsub
                0x08000abc                __subsf3
                0x08000abc                __aeabi_fsub
                0x08000ac0                __aeabi_fadd
                0x08000ac0                __addsf3
                0x08000c20                __aeabi_ui2f
                0x08000c20                __floatunsisf
                0x08000c28                __aeabi_i2f
                0x08000c28                __floatsisf
                0x08000c44                __floatundisf
                0x08000c44                __aeabi_ul2f
                0x08000c54                __floatdisf
                0x08000c54                __aeabi_l2f
 *(.text*)
 .text.__do_global_dtors_aux
                0x08000cd0       0x24 /usr/lib/gcc/arm-none-eabi/14.1.0/thumb/v7-m/nofp/crtbegin.o
 .text.frame_dummy
                0x08000cf4       0x1c /usr/lib/gcc/arm-none-eabi/14.1.0/thumb/v7-m/nofp/crtbegin.o
 .text.MX_CRC_Init
                0x08000d10       0x20 build/crc.o
                0x08000d10                MX_CRC_Init
 .text.HAL_CRC_MspInit
                0x08000d30       0x2c build/crc.o
                0x08000d30                HAL_CRC_MspInit
 .text.MX_GPIO_Init
                0x08000d5c       0x90 build/gpio.o
                0x08000d5c                MX_GPIO_Init
 .text.sign_extend
                0x08000dec        0xc build/hx711.o
                0x08000dec                sign_extend
 .text.wait_for_sensors
                0x08000df8       0x18 build/hx711.o
                0x08000df8                wait_for_sensors
 .text.hx711_read
                0x08000e10       0xe0 build/hx711.o
                0x08000e10                hx711_read
 .text.hx711_initialize
                0x08000ef0       0x28 build/hx711.o
                0x08000ef0                hx711_initialize
 .text.hx711_zero
                0x08000f18       0x7c build/hx711.o
                0x08000f18                hx711_zero
 *fill*         0x08000f94        0x4 
 .text.hx711_get_kpa
                0x08000f98       0x70 build/hx711.o
                0x08000f98                hx711_get_kpa
 .text.build_tx_data
                0x08001008       0x38 build/main.o
                0x08001008                build_tx_data
 .text.Error_Handler
                0x08001040        0x4 build/main.o
                0x08001040                Error_Handler
 .text.SystemClock_Config
                0x08001044       0x80 build/main.o
                0x08001044                SystemClock_Config
 .text.main     0x080010c4       0x54 build/main.o
                0x080010c4                main
 .text.HAL_MspInit
                0x08001118       0x44 build/stm32f1xx_hal_msp.o
                0x08001118                HAL_MspInit
 .text.NMI_Handler
                0x0800115c        0x2 build/stm32f1xx_it.o
                0x0800115c                NMI_Handler
 .text.HardFault_Handler
                0x0800115e        0x2 build/stm32f1xx_it.o
                0x0800115e                HardFault_Handler
 .text.MemManage_Handler
                0x08001160        0x2 build/stm32f1xx_it.o
                0x08001160                MemManage_Handler
 .text.BusFault_Handler
                0x08001162        0x2 build/stm32f1xx_it.o
                0x08001162                BusFault_Handler
 .text.UsageFault_Handler
                0x08001164        0x2 build/stm32f1xx_it.o
                0x08001164                UsageFault_Handler
 .text.SVC_Handler
                0x08001166        0x2 build/stm32f1xx_it.o
                0x08001166                SVC_Handler
 .text.DebugMon_Handler
                0x08001168        0x2 build/stm32f1xx_it.o
                0x08001168                DebugMon_Handler
 .text.PendSV_Handler
                0x0800116a        0x2 build/stm32f1xx_it.o
                0x0800116a                PendSV_Handler
 .text.SysTick_Handler
                0x0800116c        0x8 build/stm32f1xx_it.o
                0x0800116c                SysTick_Handler
 .text.USB_LP_CAN1_RX0_IRQHandler
                0x08001174       0x10 build/stm32f1xx_it.o
                0x08001174                USB_LP_CAN1_RX0_IRQHandler
 .text.SystemInit
                0x08001184        0x2 build/system_stm32f1xx.o
                0x08001184                SystemInit
 *fill*         0x08001186        0x2 
 .text.HAL_TIM_Base_MspInit
                0x08001188       0x4c build/tim.o
                0x08001188                HAL_TIM_Base_MspInit
 .text.HAL_TIM_PWM_MspInit
                0x080011d4       0x26 build/tim.o
                0x080011d4                HAL_TIM_PWM_MspInit
 *fill*         0x080011fa        0x2 
 .text.HAL_TIM_MspPostInit
                0x080011fc       0xdc build/tim.o
                0x080011fc                HAL_TIM_MspPostInit
 .text.MX_TIM1_Init
                0x080012d8       0xe4 build/tim.o
                0x080012d8                MX_TIM1_Init
 .text.MX_TIM2_Init
                0x080013bc       0xb4 build/tim.o
                0x080013bc                MX_TIM2_Init
 .text.MX_TIM3_Init
                0x08001470       0xe8 build/tim.o
                0x08001470                MX_TIM3_Init
 .text.HAL_InitTick
                0x08001558       0x4c build/stm32f1xx_hal.o
                0x08001558                HAL_InitTick
 .text.HAL_Init
                0x080015a4       0x24 build/stm32f1xx_hal.o
                0x080015a4                HAL_Init
 .text.HAL_IncTick
                0x080015c8       0x18 build/stm32f1xx_hal.o
                0x080015c8                HAL_IncTick
 .text.HAL_GetTick
                0x080015e0        0xc build/stm32f1xx_hal.o
                0x080015e0                HAL_GetTick
 .text.__NVIC_SetPriority
                0x080015ec       0x28 build/stm32f1xx_hal_cortex.o
 .text.NVIC_EncodePriority
                0x08001614       0x3e build/stm32f1xx_hal_cortex.o
 *fill*         0x08001652        0x2 
 .text.HAL_NVIC_SetPriorityGrouping
                0x08001654       0x24 build/stm32f1xx_hal_cortex.o
                0x08001654                HAL_NVIC_SetPriorityGrouping
 .text.HAL_NVIC_SetPriority
                0x08001678       0x20 build/stm32f1xx_hal_cortex.o
                0x08001678                HAL_NVIC_SetPriority
 .text.HAL_NVIC_EnableIRQ
                0x08001698       0x1c build/stm32f1xx_hal_cortex.o
                0x08001698                HAL_NVIC_EnableIRQ
 .text.HAL_SYSTICK_Config
                0x080016b4       0x28 build/stm32f1xx_hal_cortex.o
                0x080016b4                HAL_SYSTICK_Config
 .text.HAL_CRC_Init
                0x080016dc       0x1e build/stm32f1xx_hal_crc.o
                0x080016dc                HAL_CRC_Init
 .text.HAL_CRC_Calculate
                0x080016fa       0x48 build/stm32f1xx_hal_crc.o
                0x080016fa                HAL_CRC_Calculate
 *fill*         0x08001742        0x2 
 .text.HAL_GPIO_Init
                0x08001744      0x214 build/stm32f1xx_hal_gpio.o
                0x08001744                HAL_GPIO_Init
 .text.HAL_GPIO_ReadPin
                0x08001958        0xe build/stm32f1xx_hal_gpio.o
                0x08001958                HAL_GPIO_ReadPin
 .text.HAL_GPIO_WritePin
                0x08001966        0xc build/stm32f1xx_hal_gpio.o
                0x08001966                HAL_GPIO_WritePin
 .text.HAL_PCD_EP_DB_Receive
                0x08001972      0x11c build/stm32f1xx_hal_pcd.o
 .text.HAL_PCD_Init
                0x08001a8e       0xe8 build/stm32f1xx_hal_pcd.o
                0x08001a8e                HAL_PCD_Init
 .text.HAL_PCD_Start
                0x08001b76       0x32 build/stm32f1xx_hal_pcd.o
                0x08001b76                HAL_PCD_Start
 .text.HAL_PCD_EP_DB_Transmit
                0x08001ba8      0x424 build/stm32f1xx_hal_pcd.o
 .text.PCD_EP_ISR_Handler
                0x08001fcc      0x554 build/stm32f1xx_hal_pcd.o
 .text.HAL_PCD_SetAddress
                0x08002520       0x26 build/stm32f1xx_hal_pcd.o
                0x08002520                HAL_PCD_SetAddress
 .text.HAL_PCD_IRQHandler
                0x08002546      0x1b0 build/stm32f1xx_hal_pcd.o
                0x08002546                HAL_PCD_IRQHandler
 .text.HAL_PCD_EP_Open
                0x080026f6       0x84 build/stm32f1xx_hal_pcd.o
                0x080026f6                HAL_PCD_EP_Open
 .text.HAL_PCD_EP_Close
                0x0800277a       0x6c build/stm32f1xx_hal_pcd.o
                0x0800277a                HAL_PCD_EP_Close
 .text.HAL_PCD_EP_Receive
                0x080027e6       0x3a build/stm32f1xx_hal_pcd.o
                0x080027e6                HAL_PCD_EP_Receive
 .text.HAL_PCD_EP_GetRxCount
                0x08002820       0x12 build/stm32f1xx_hal_pcd.o
                0x08002820                HAL_PCD_EP_GetRxCount
 .text.HAL_PCD_EP_Transmit
                0x08002832       0x4c build/stm32f1xx_hal_pcd.o
                0x08002832                HAL_PCD_EP_Transmit
 .text.HAL_PCD_EP_SetStall
                0x0800287e       0x80 build/stm32f1xx_hal_pcd.o
                0x0800287e                HAL_PCD_EP_SetStall
 .text.HAL_PCD_EP_ClrStall
                0x080028fe       0x7e build/stm32f1xx_hal_pcd.o
                0x080028fe                HAL_PCD_EP_ClrStall
 .text.HAL_PCDEx_PMAConfig
                0x0800297c       0x38 build/stm32f1xx_hal_pcd_ex.o
                0x0800297c                HAL_PCDEx_PMAConfig
 .text.RCC_Delay
                0x080029b4       0x2c build/stm32f1xx_hal_rcc.o
 .text.HAL_RCC_OscConfig
                0x080029e0      0x410 build/stm32f1xx_hal_rcc.o
                0x080029e0                HAL_RCC_OscConfig
 .text.HAL_RCC_GetSysClockFreq
                0x08002df0       0x54 build/stm32f1xx_hal_rcc.o
                0x08002df0                HAL_RCC_GetSysClockFreq
 .text.HAL_RCC_ClockConfig
                0x08002e44      0x16c build/stm32f1xx_hal_rcc.o
                0x08002e44                HAL_RCC_ClockConfig
 .text.HAL_RCCEx_PeriphCLKConfig
                0x08002fb0      0x118 build/stm32f1xx_hal_rcc_ex.o
                0x08002fb0                HAL_RCCEx_PeriphCLKConfig
 .text.TIM_OC1_SetConfig
                0x080030c8       0x54 build/stm32f1xx_hal_tim.o
 .text.TIM_OC3_SetConfig
                0x0800311c       0x5c build/stm32f1xx_hal_tim.o
 .text.TIM_OC4_SetConfig
                0x08003178       0x48 build/stm32f1xx_hal_tim.o
 .text.TIM_TI1_ConfigInputStage
                0x080031c0       0x24 build/stm32f1xx_hal_tim.o
 .text.TIM_TI2_ConfigInputStage
                0x080031e4       0x26 build/stm32f1xx_hal_tim.o
 .text.TIM_ITRx_SetConfig
                0x0800320a       0x10 build/stm32f1xx_hal_tim.o
 *fill*         0x0800321a        0x2 
 .text.TIM_Base_SetConfig
                0x0800321c       0x84 build/stm32f1xx_hal_tim.o
                0x0800321c                TIM_Base_SetConfig
 .text.HAL_TIM_Base_Init
                0x080032a0       0x58 build/stm32f1xx_hal_tim.o
                0x080032a0                HAL_TIM_Base_Init
 .text.HAL_TIM_PWM_Init
                0x080032f8       0x58 build/stm32f1xx_hal_tim.o
                0x080032f8                HAL_TIM_PWM_Init
 .text.TIM_OC2_SetConfig
                0x08003350       0x5c build/stm32f1xx_hal_tim.o
                0x08003350                TIM_OC2_SetConfig
 .text.HAL_TIM_PWM_ConfigChannel
                0x080033ac      0x108 build/stm32f1xx_hal_tim.o
                0x080033ac                HAL_TIM_PWM_ConfigChannel
 .text.TIM_ETR_SetConfig
                0x080034b4       0x18 build/stm32f1xx_hal_tim.o
                0x080034b4                TIM_ETR_SetConfig
 .text.HAL_TIM_ConfigClockSource
                0x080034cc       0xfe build/stm32f1xx_hal_tim.o
                0x080034cc                HAL_TIM_ConfigClockSource
 *fill*         0x080035ca        0x2 
 .text.HAL_TIMEx_MasterConfigSynchronization
                0x080035cc       0x6c build/stm32f1xx_hal_tim_ex.o
                0x080035cc                HAL_TIMEx_MasterConfigSynchronization
 .text.HAL_TIMEx_ConfigBreakDeadTime
                0x08003638       0x52 build/stm32f1xx_hal_tim_ex.o
                0x08003638                HAL_TIMEx_ConfigBreakDeadTime
 .text.USB_CoreInit
                0x0800368a        0xe build/stm32f1xx_ll_usb.o
                0x0800368a                USB_CoreInit
 .text.USB_EnableGlobalInt
                0x08003698       0x12 build/stm32f1xx_ll_usb.o
                0x08003698                USB_EnableGlobalInt
 .text.USB_DisableGlobalInt
                0x080036aa       0x14 build/stm32f1xx_ll_usb.o
                0x080036aa                USB_DisableGlobalInt
 .text.USB_SetCurrentMode
                0x080036be        0x4 build/stm32f1xx_ll_usb.o
                0x080036be                USB_SetCurrentMode
 .text.USB_DevInit
                0x080036c2       0x22 build/stm32f1xx_ll_usb.o
                0x080036c2                USB_DevInit
 .text.USB_ActivateEndpoint
                0x080036e4      0x3dc build/stm32f1xx_ll_usb.o
                0x080036e4                USB_ActivateEndpoint
 .text.USB_DeactivateEndpoint
                0x08003ac0      0x1d6 build/stm32f1xx_ll_usb.o
                0x08003ac0                USB_DeactivateEndpoint
 .text.USB_EPSetStall
                0x08003c96       0x4a build/stm32f1xx_ll_usb.o
                0x08003c96                USB_EPSetStall
 .text.USB_EPClearStall
                0x08003ce0       0xa2 build/stm32f1xx_ll_usb.o
                0x08003ce0                USB_EPClearStall
 .text.USB_SetDevAddress
                0x08003d82        0xc build/stm32f1xx_ll_usb.o
                0x08003d82                USB_SetDevAddress
 .text.USB_DevConnect
                0x08003d8e        0x4 build/stm32f1xx_ll_usb.o
                0x08003d8e                USB_DevConnect
 .text.USB_DevDisconnect
                0x08003d92        0x4 build/stm32f1xx_ll_usb.o
                0x08003d92                USB_DevDisconnect
 .text.USB_ReadInterrupts
                0x08003d96        0x8 build/stm32f1xx_ll_usb.o
                0x08003d96                USB_ReadInterrupts
 .text.USB_EP0_OutStart
                0x08003d9e        0x4 build/stm32f1xx_ll_usb.o
                0x08003d9e                USB_EP0_OutStart
 .text.USB_WritePMA
                0x08003da2       0x26 build/stm32f1xx_ll_usb.o
                0x08003da2                USB_WritePMA
 .text.USB_EPStartXfer
                0x08003dc8      0x7ce build/stm32f1xx_ll_usb.o
                0x08003dc8                USB_EPStartXfer
 .text.USB_ReadPMA
                0x08004596       0x30 build/stm32f1xx_ll_usb.o
                0x08004596                USB_ReadPMA
 .text.USBD_CDC_EP0_RxReady
                0x080045c6       0x28 build/usbd_cdc.o
 *fill*         0x080045ee        0x2 
 .text.USBD_CDC_GetFSCfgDesc
                0x080045f0        0xc build/usbd_cdc.o
 .text.USBD_CDC_GetHSCfgDesc
                0x080045fc        0xc build/usbd_cdc.o
 .text.USBD_CDC_GetOtherSpeedCfgDesc
                0x08004608        0xc build/usbd_cdc.o
 .text.USBD_CDC_GetDeviceQualifierDescriptor
                0x08004614        0xc build/usbd_cdc.o
                0x08004614                USBD_CDC_GetDeviceQualifierDescriptor
 .text.USBD_CDC_DataOut
                0x08004620       0x2e build/usbd_cdc.o
 .text.USBD_CDC_DataIn
                0x0800464e       0x4e build/usbd_cdc.o
 .text.USBD_CDC_Setup
                0x0800469c       0xd6 build/usbd_cdc.o
 .text.USBD_CDC_DeInit
                0x08004772       0x42 build/usbd_cdc.o
 .text.USBD_CDC_Init
                0x080047b4       0xaa build/usbd_cdc.o
 .text.USBD_CDC_RegisterInterface
                0x0800485e        0xe build/usbd_cdc.o
                0x0800485e                USBD_CDC_RegisterInterface
 .text.USBD_CDC_SetTxBuffer
                0x0800486c       0x10 build/usbd_cdc.o
                0x0800486c                USBD_CDC_SetTxBuffer
 .text.USBD_CDC_SetRxBuffer
                0x0800487c        0xc build/usbd_cdc.o
                0x0800487c                USBD_CDC_SetRxBuffer
 .text.USBD_CDC_TransmitPacket
                0x08004888       0x32 build/usbd_cdc.o
                0x08004888                USBD_CDC_TransmitPacket
 .text.USBD_CDC_ReceivePacket
                0x080048ba       0x30 build/usbd_cdc.o
                0x080048ba                USBD_CDC_ReceivePacket
 .text.USBD_Init
                0x080048ea       0x2e build/usbd_core.o
                0x080048ea                USBD_Init
 .text.USBD_RegisterClass
                0x08004918        0xe build/usbd_core.o
                0x08004918                USBD_RegisterClass
 .text.USBD_Start
                0x08004926        0xa build/usbd_core.o
                0x08004926                USBD_Start
 .text.USBD_SetClassConfig
                0x08004930       0x18 build/usbd_core.o
                0x08004930                USBD_SetClassConfig
 .text.USBD_ClrClassConfig
                0x08004948        0xe build/usbd_core.o
                0x08004948                USBD_ClrClassConfig
 .text.USBD_LL_SetupStage
                0x08004956       0x5a build/usbd_core.o
                0x08004956                USBD_LL_SetupStage
 .text.USBD_LL_DataOutStage
                0x080049b0       0x8c build/usbd_core.o
                0x080049b0                USBD_LL_DataOutStage
 .text.USBD_LL_DataInStage
                0x08004a3c       0xd0 build/usbd_core.o
                0x08004a3c                USBD_LL_DataInStage
 .text.USBD_LL_Reset
                0x08004b0c       0x50 build/usbd_core.o
                0x08004b0c                USBD_LL_Reset
 .text.USBD_LL_SetSpeed
                0x08004b5c        0x6 build/usbd_core.o
                0x08004b5c                USBD_LL_SetSpeed
 .text.USBD_LL_Suspend
                0x08004b62       0x12 build/usbd_core.o
                0x08004b62                USBD_LL_Suspend
 .text.USBD_LL_Resume
                0x08004b74       0x16 build/usbd_core.o
                0x08004b74                USBD_LL_Resume
 .text.USBD_LL_SOF
                0x08004b8a       0x1c build/usbd_core.o
                0x08004b8a                USBD_LL_SOF
 .text.USBD_GetLen
                0x08004ba6       0x14 build/usbd_ctlreq.o
 .text.USBD_SetFeature
                0x08004bba       0x14 build/usbd_ctlreq.o
 .text.USBD_ParseSetupRequest
                0x08004bce       0x28 build/usbd_ctlreq.o
                0x08004bce                USBD_ParseSetupRequest
 .text.USBD_CtlError
                0x08004bf6       0x14 build/usbd_ctlreq.o
                0x08004bf6                USBD_CtlError
 *fill*         0x08004c0a        0x2 
 .text.USBD_GetDescriptor
                0x08004c0c      0x1b0 build/usbd_ctlreq.o
 .text.USBD_SetAddress
                0x08004dbc       0x4e build/usbd_ctlreq.o
 *fill*         0x08004e0a        0x2 
 .text.USBD_SetConfig
                0x08004e0c       0xb0 build/usbd_ctlreq.o
 .text.USBD_GetConfig
                0x08004ebc       0x3e build/usbd_ctlreq.o
 .text.USBD_GetStatus
                0x08004efa       0x38 build/usbd_ctlreq.o
 .text.USBD_ClrFeature
                0x08004f32       0x26 build/usbd_ctlreq.o
 .text.USBD_StdDevReq
                0x08004f58       0x88 build/usbd_ctlreq.o
                0x08004f58                USBD_StdDevReq
 .text.USBD_StdItfReq
                0x08004fe0       0x60 build/usbd_ctlreq.o
                0x08004fe0                USBD_StdItfReq
 .text.USBD_StdEPReq
                0x08005040      0x1e2 build/usbd_ctlreq.o
                0x08005040                USBD_StdEPReq
 .text.USBD_GetString
                0x08005222       0x3a build/usbd_ctlreq.o
                0x08005222                USBD_GetString
 .text.USBD_CtlSendData
                0x0800525c       0x1a build/usbd_ioreq.o
                0x0800525c                USBD_CtlSendData
 .text.USBD_CtlContinueSendData
                0x08005276       0x10 build/usbd_ioreq.o
                0x08005276                USBD_CtlContinueSendData
 .text.USBD_CtlPrepareRx
                0x08005286       0x1e build/usbd_ioreq.o
                0x08005286                USBD_CtlPrepareRx
 .text.USBD_CtlContinueRx
                0x080052a4       0x10 build/usbd_ioreq.o
                0x080052a4                USBD_CtlContinueRx
 .text.USBD_CtlSendStatus
                0x080052b4       0x16 build/usbd_ioreq.o
                0x080052b4                USBD_CtlSendStatus
 .text.USBD_CtlReceiveStatus
                0x080052ca       0x16 build/usbd_ioreq.o
                0x080052ca                USBD_CtlReceiveStatus
 .text.MX_USB_DEVICE_Init
                0x080052e0       0x54 build/usb_device.o
                0x080052e0                MX_USB_DEVICE_Init
 .text.CDC_DeInit_FS
                0x08005334        0x4 build/usbd_cdc_if.o
 .text.CDC_Control_FS
                0x08005338        0x4 build/usbd_cdc_if.o
 .text.CDC_Receive_FS
                0x0800533c       0x1c build/usbd_cdc_if.o
 .text.CDC_Init_FS
                0x08005358       0x28 build/usbd_cdc_if.o
 .text.CDC_Transmit_FS
                0x08005380       0x2c build/usbd_cdc_if.o
                0x08005380                CDC_Transmit_FS
 .text.USBD_FS_DeviceDescriptor
                0x080053ac        0xc build/usbd_desc.o
                0x080053ac                USBD_FS_DeviceDescriptor
 .text.USBD_FS_LangIDStrDescriptor
                0x080053b8        0xc build/usbd_desc.o
                0x080053b8                USBD_FS_LangIDStrDescriptor
 .text.IntToUnicode
                0x080053c4       0x46 build/usbd_desc.o
 *fill*         0x0800540a        0x2 
 .text.Get_SerialNum
                0x0800540c       0x38 build/usbd_desc.o
 .text.USBD_FS_SerialStrDescriptor
                0x08005444       0x14 build/usbd_desc.o
                0x08005444                USBD_FS_SerialStrDescriptor
 .text.USBD_FS_ProductStrDescriptor
                0x08005458       0x24 build/usbd_desc.o
                0x08005458                USBD_FS_ProductStrDescriptor
 .text.USBD_FS_ManufacturerStrDescriptor
                0x0800547c       0x1c build/usbd_desc.o
                0x0800547c                USBD_FS_ManufacturerStrDescriptor
 .text.USBD_FS_ConfigStrDescriptor
                0x08005498       0x24 build/usbd_desc.o
                0x08005498                USBD_FS_ConfigStrDescriptor
 .text.USBD_FS_InterfaceStrDescriptor
                0x080054bc       0x24 build/usbd_desc.o
                0x080054bc                USBD_FS_InterfaceStrDescriptor
 .text.USBD_Get_USB_Status
                0x080054e0       0x20 build/usbd_conf.o
 .text.HAL_PCD_MspInit
                0x08005500       0x40 build/usbd_conf.o
                0x08005500                HAL_PCD_MspInit
 .text.HAL_PCD_SetupStageCallback
                0x08005540       0x10 build/usbd_conf.o
                0x08005540                HAL_PCD_SetupStageCallback
 .text.HAL_PCD_DataOutStageCallback
                0x08005550       0x18 build/usbd_conf.o
                0x08005550                HAL_PCD_DataOutStageCallback
 .text.HAL_PCD_DataInStageCallback
                0x08005568       0x16 build/usbd_conf.o
                0x08005568                HAL_PCD_DataInStageCallback
 .text.HAL_PCD_SOFCallback
                0x0800557e        0xc build/usbd_conf.o
                0x0800557e                HAL_PCD_SOFCallback
 .text.HAL_PCD_ResetCallback
                0x0800558a       0x24 build/usbd_conf.o
                0x0800558a                HAL_PCD_ResetCallback
 *fill*         0x080055ae        0x2 
 .text.HAL_PCD_SuspendCallback
                0x080055b0       0x20 build/usbd_conf.o
                0x080055b0                HAL_PCD_SuspendCallback
 .text.HAL_PCD_ResumeCallback
                0x080055d0        0xc build/usbd_conf.o
                0x080055d0                HAL_PCD_ResumeCallback
 .text.USBD_LL_Init
                0x080055dc       0x84 build/usbd_conf.o
                0x080055dc                USBD_LL_Init
 .text.USBD_LL_Start
                0x08005660       0x10 build/usbd_conf.o
                0x08005660                USBD_LL_Start
 .text.USBD_LL_OpenEP
                0x08005670       0x16 build/usbd_conf.o
                0x08005670                USBD_LL_OpenEP
 .text.USBD_LL_CloseEP
                0x08005686       0x10 build/usbd_conf.o
                0x08005686                USBD_LL_CloseEP
 .text.USBD_LL_StallEP
                0x08005696       0x10 build/usbd_conf.o
                0x08005696                USBD_LL_StallEP
 .text.USBD_LL_ClearStallEP
                0x080056a6       0x10 build/usbd_conf.o
                0x080056a6                USBD_LL_ClearStallEP
 .text.USBD_LL_IsStallEP
                0x080056b6       0x2c build/usbd_conf.o
                0x080056b6                USBD_LL_IsStallEP
 .text.USBD_LL_SetUSBAddress
                0x080056e2       0x10 build/usbd_conf.o
                0x080056e2                USBD_LL_SetUSBAddress
 .text.USBD_LL_Transmit
                0x080056f2       0x10 build/usbd_conf.o
                0x080056f2                USBD_LL_Transmit
 .text.USBD_LL_PrepareReceive
                0x08005702       0x10 build/usbd_conf.o
                0x08005702                USBD_LL_PrepareReceive
 .text.USBD_LL_GetRxDataSize
                0x08005712        0xc build/usbd_conf.o
                0x08005712                USBD_LL_GetRxDataSize
 *fill*         0x0800571e        0x2 
 .text.USBD_static_malloc
                0x08005720        0x8 build/usbd_conf.o
                0x08005720                USBD_static_malloc
 .text.USBD_static_free
                0x08005728        0x2 build/usbd_conf.o
                0x08005728                USBD_static_free
 .text.HAL_PCDEx_SetConnectionState
                0x0800572a        0x2 build/usbd_conf.o
                0x0800572a                HAL_PCDEx_SetConnectionState
 .text.Reset_Handler
                0x0800572c       0x48 build/startup_stm32f103xb.o
                0x0800572c                Reset_Handler
 .text.Default_Handler
                0x08005774        0x2 build/startup_stm32f103xb.o
                0x08005774                RTC_Alarm_IRQHandler
                0x08005774                EXTI2_IRQHandler
                0x08005774                TIM1_CC_IRQHandler
                0x08005774                PVD_IRQHandler
                0x08005774                EXTI3_IRQHandler
                0x08005774                EXTI0_IRQHandler
                0x08005774                I2C2_EV_IRQHandler
                0x08005774                ADC1_2_IRQHandler
                0x08005774                SPI1_IRQHandler
                0x08005774                TAMPER_IRQHandler
                0x08005774                DMA1_Channel4_IRQHandler
                0x08005774                USART3_IRQHandler
                0x08005774                RTC_IRQHandler
                0x08005774                DMA1_Channel7_IRQHandler
                0x08005774                CAN1_RX1_IRQHandler
                0x08005774                TIM4_IRQHandler
                0x08005774                I2C1_EV_IRQHandler
                0x08005774                DMA1_Channel6_IRQHandler
                0x08005774                TIM3_IRQHandler
                0x08005774                RCC_IRQHandler
                0x08005774                TIM1_TRG_COM_IRQHandler
                0x08005774                DMA1_Channel1_IRQHandler
                0x08005774                Default_Handler
                0x08005774                EXTI15_10_IRQHandler
                0x08005774                EXTI9_5_IRQHandler
                0x08005774                SPI2_IRQHandler
                0x08005774                DMA1_Channel5_IRQHandler
                0x08005774                EXTI4_IRQHandler
                0x08005774                USB_HP_CAN1_TX_IRQHandler
                0x08005774                DMA1_Channel3_IRQHandler
                0x08005774                TIM1_UP_IRQHandler
                0x08005774                WWDG_IRQHandler
                0x08005774                TIM2_IRQHandler
                0x08005774                TIM1_BRK_IRQHandler
                0x08005774                EXTI1_IRQHandler
                0x08005774                USART2_IRQHandler
                0x08005774                I2C2_ER_IRQHandler
                0x08005774                DMA1_Channel2_IRQHandler
                0x08005774                CAN1_SCE_IRQHandler
                0x08005774                FLASH_IRQHandler
                0x08005774                USART1_IRQHandler
                0x08005774                I2C1_ER_IRQHandler
                0x08005774                USBWakeUp_IRQHandler
 .text.memset   0x08005776       0x10 /usr/lib/gcc/arm-none-eabi/14.1.0/../../../../arm-none-eabi/lib/thumb/v7-m/nofp/libc_nano.a(libc_a-memset.o)
                0x08005776                memset
 *fill*         0x08005786        0x2 
 .text.__libc_init_array
                0x08005788       0x48 /usr/lib/gcc/arm-none-eabi/14.1.0/../../../../arm-none-eabi/lib/thumb/v7-m/nofp/libc_nano.a(libc_a-init.o)
                0x08005788                __libc_init_array
 *(.glue_7)
 .glue_7        0x080057d0        0x0 linker stubs
 *(.glue_7t)
 .glue_7t       0x080057d0        0x0 linker stubs
 *(.eh_frame)
 .eh_frame      0x080057d0        0x0 /usr/lib/gcc/arm-none-eabi/14.1.0/thumb/v7-m/nofp/crtbegin.o
 *(.init)
 .init          0x080057d0        0x4 /usr/lib/gcc/arm-none-eabi/14.1.0/thumb/v7-m/nofp/crti.o
                0x080057d0                _init
 .init          0x080057d4        0x8 /usr/lib/gcc/arm-none-eabi/14.1.0/thumb/v7-m/nofp/crtn.o
 *(.fini)
 .fini          0x080057dc        0x4 /usr/lib/gcc/arm-none-eabi/14.1.0/thumb/v7-m/nofp/crti.o
                0x080057dc                _fini
 .fini          0x080057e0        0x8 /usr/lib/gcc/arm-none-eabi/14.1.0/thumb/v7-m/nofp/crtn.o
                0x080057e8                        . = ALIGN (0x4)
                0x080057e8                        _etext = .

.vfp11_veneer   0x080057e8        0x0
 .vfp11_veneer  0x080057e8        0x0 linker stubs

.v4_bx          0x080057e8        0x0
 .v4_bx         0x080057e8        0x0 linker stubs

.iplt           0x080057e8        0x0
 .iplt          0x080057e8        0x0 /usr/lib/gcc/arm-none-eabi/14.1.0/thumb/v7-m/nofp/crtbegin.o

.rodata         0x080057e8       0x7c
                0x080057e8                        . = ALIGN (0x4)
 *(.rodata)
 *(.rodata*)
 .rodata.dout_pins
                0x080057e8       0x10 build/hx711.o
                0x080057e8                dout_pins
 .rodata.AHBPrescTable
                0x080057f8       0x10 build/system_stm32f1xx.o
                0x080057f8                AHBPrescTable
 .rodata.aPredivFactorTable.0
                0x08005808        0x2 build/stm32f1xx_hal_rcc.o
 *fill*         0x0800580a        0x2 
 .rodata.aPLLMULFactorTable.1
                0x0800580c       0x10 build/stm32f1xx_hal_rcc.o
 .rodata.USBD_FS_ProductStrDescriptor.str1.4
                0x0800581c       0x46 build/usbd_desc.o
                                 0x16 (size before relaxing)
 .rodata.USBD_FS_ManufacturerStrDescriptor.str1.4
                0x08005862       0x13 build/usbd_desc.o
 .rodata.USBD_FS_ConfigStrDescriptor.str1.4
                0x08005862        0xb build/usbd_desc.o
 .rodata.USBD_FS_InterfaceStrDescriptor.str1.4
                0x08005862        0xe build/usbd_desc.o
                0x08005878                        . = ALIGN (0x4)
 *fill*         0x08005862        0x2 

.rel.dyn        0x08005864        0x0
 .rel.iplt      0x08005864        0x0 /usr/lib/gcc/arm-none-eabi/14.1.0/thumb/v7-m/nofp/crtbegin.o

.ARM.extab
 *(.ARM.extab* .gnu.linkonce.armextab.*)

.ARM            0x08005864        0x0
                0x08005864                        __exidx_start = .
 *(.ARM.exidx*)
                0x08005864                        __exidx_end = .

.preinit_array  0x08005864        0x0
                0x08005864                        PROVIDE (__preinit_array_start = .)
 *(.preinit_array*)
                0x08005864                        PROVIDE (__preinit_array_end = .)

.init_array     0x08005864        0x4
                0x08005864                        PROVIDE (__init_array_start = .)
 *(SORT_BY_NAME(.init_array.*))
 *(.init_array*)
 .init_array    0x08005864        0x4 /usr/lib/gcc/arm-none-eabi/14.1.0/thumb/v7-m/nofp/crtbegin.o
                0x08005868                        PROVIDE (__init_array_end = .)

.fini_array     0x08005868        0x4
                0x08005868                        PROVIDE (__fini_array_start = .)
 *(SORT_BY_NAME(.fini_array.*))
 *(.fini_array*)
 .fini_array    0x08005868        0x4 /usr/lib/gcc/arm-none-eabi/14.1.0/thumb/v7-m/nofp/crtbegin.o
                0x0800586c                        PROVIDE (__fini_array_end = .)
                0x0800586c                        _sidata = LOADADDR (.data)

.data           0x20000000      0x17c load address 0x0800586c
                0x20000000                        . = ALIGN (0x4)
                0x20000000                        _sdata = .
 *(.data)
 *(.data*)
 .data.SystemCoreClock
                0x20000000        0x4 build/system_stm32f1xx.o
                0x20000000                SystemCoreClock
 .data.uwTickFreq
                0x20000004        0x1 build/stm32f1xx_hal.o
                0x20000004                uwTickFreq
 *fill*         0x20000005        0x3 
 .data.uwTickPrio
                0x20000008        0x4 build/stm32f1xx_hal.o
                0x20000008                uwTickPrio
 .data.USBD_CDC_OtherSpeedCfgDesc
                0x2000000c       0x43 build/usbd_cdc.o
                0x2000000c                USBD_CDC_OtherSpeedCfgDesc
 *fill*         0x2000004f        0x1 
 .data.USBD_CDC_CfgFSDesc
                0x20000050       0x43 build/usbd_cdc.o
                0x20000050                USBD_CDC_CfgFSDesc
 *fill*         0x20000093        0x1 
 .data.USBD_CDC_CfgHSDesc
                0x20000094       0x43 build/usbd_cdc.o
                0x20000094                USBD_CDC_CfgHSDesc
 *fill*         0x200000d7        0x1 
 .data.USBD_CDC
                0x200000d8       0x38 build/usbd_cdc.o
                0x200000d8                USBD_CDC
 .data.USBD_CDC_DeviceQualifierDesc
                0x20000110        0xa build/usbd_cdc.o
 *fill*         0x2000011a        0x2 
 .data.USBD_Interface_fops_FS
                0x2000011c       0x10 build/usbd_cdc_if.o
                0x2000011c                USBD_Interface_fops_FS
 .data.USBD_StringSerial
                0x2000012c       0x1a build/usbd_desc.o
                0x2000012c                USBD_StringSerial
 *fill*         0x20000146        0x2 
 .data.USBD_LangIDDesc
                0x20000148        0x4 build/usbd_desc.o
                0x20000148                USBD_LangIDDesc
 .data.USBD_FS_DeviceDesc
                0x2000014c       0x12 build/usbd_desc.o
                0x2000014c                USBD_FS_DeviceDesc
 *fill*         0x2000015e        0x2 
 .data.FS_Desc  0x20000160       0x1c build/usbd_desc.o
                0x20000160                FS_Desc
                0x2000017c                        . = ALIGN (0x4)
                0x2000017c                        _edata = .

.igot.plt       0x2000017c        0x0 load address 0x080059e8
 .igot.plt      0x2000017c        0x0 /usr/lib/gcc/arm-none-eabi/14.1.0/thumb/v7-m/nofp/crtbegin.o
                0x2000017c                        . = ALIGN (0x4)

.bss            0x2000017c     0x132c load address 0x080059e8
                0x2000017c                        _sbss = .
                0x2000017c                        __bss_start__ = _sbss
 *(.bss)
 *(.bss*)
 .bss.completed.1
                0x2000017c        0x1 /usr/lib/gcc/arm-none-eabi/14.1.0/thumb/v7-m/nofp/crtbegin.o
 *fill*         0x2000017d        0x3 
 .bss.object.0  0x20000180       0x18 /usr/lib/gcc/arm-none-eabi/14.1.0/thumb/v7-m/nofp/crtbegin.o
 .bss.hcrc      0x20000198        0x8 build/crc.o
                0x20000198                hcrc
 .bss.counts    0x200001a0       0x20 build/hx711.o
                0x200001a0                counts
 .bss.offsets   0x200001c0       0x20 build/hx711.o
                0x200001c0                offsets
 .bss.pulse_count
                0x200001e0        0x1 build/hx711.o
                0x200001e0                pulse_count
 *fill*         0x200001e1        0x3 
 .bss.tx_data   0x200001e4       0x28 build/main.o
                0x200001e4                tx_data
 .bss.htim3     0x2000020c       0x48 build/tim.o
                0x2000020c                htim3
 .bss.htim2     0x20000254       0x48 build/tim.o
                0x20000254                htim2
 .bss.htim1     0x2000029c       0x48 build/tim.o
                0x2000029c                htim1
 .bss.uwTick    0x200002e4        0x4 build/stm32f1xx_hal.o
                0x200002e4                uwTick
 .bss.cfgidx.0  0x200002e8        0x1 build/usbd_ctlreq.o
 *fill*         0x200002e9        0x3 
 .bss.hUsbDeviceFS
                0x200002ec      0x2c4 build/usb_device.o
                0x200002ec                hUsbDeviceFS
 .bss.UserTxBufferFS
                0x200005b0      0x400 build/usbd_cdc_if.o
                0x200005b0                UserTxBufferFS
 .bss.UserRxBufferFS
                0x200009b0      0x400 build/usbd_cdc_if.o
                0x200009b0                UserRxBufferFS
 .bss.USBD_StrDesc
                0x20000db0      0x200 build/usbd_desc.o
                0x20000db0                USBD_StrDesc
 .bss.mem.0     0x20000fb0      0x220 build/usbd_conf.o
 .bss.hpcd_USB_FS
                0x200011d0      0x2d8 build/usbd_conf.o
                0x200011d0                hpcd_USB_FS
 *(COMMON)
                0x200014a8                        . = ALIGN (0x4)
                0x200014a8                        _ebss = .
                0x200014a8                        __bss_end__ = _ebss

._user_heap_stack
                0x200014a8      0x600 load address 0x080059e8
                0x200014a8                        . = ALIGN (0x8)
                [!provide]                        PROVIDE (end = .)
                0x200014a8                        PROVIDE (_end = .)
                0x200016a8                        . = (. + _Min_Heap_Size)
 *fill*         0x200014a8      0x200 
                0x20001aa8                        . = (. + _Min_Stack_Size)
 *fill*         0x200016a8      0x400 
                0x20001aa8                        . = ALIGN (0x8)

/DISCARD/
 libc.a(*)
 libm.a(*)
 libgcc.a(*)

.ARM.attributes
                0x00000000       0x29
 *(.ARM.attributes)
 .ARM.attributes
                0x00000000       0x1d /usr/lib/gcc/arm-none-eabi/14.1.0/thumb/v7-m/nofp/crti.o
 .ARM.attributes
                0x0000001d       0x2d /usr/lib/gcc/arm-none-eabi/14.1.0/thumb/v7-m/nofp/crtbegin.o
 .ARM.attributes
                0x0000004a       0x2d build/crc.o
 .ARM.attributes
                0x00000077       0x2d build/gpio.o
 .ARM.attributes
                0x000000a4       0x2d build/hx711.o
 .ARM.attributes
                0x000000d1       0x2d build/main.o
 .ARM.attributes
                0x000000fe       0x2d build/stm32f1xx_hal_msp.o
 .ARM.attributes
                0x0000012b       0x2d build/stm32f1xx_it.o
 .ARM.attributes
                0x00000158       0x2d build/system_stm32f1xx.o
 .ARM.attributes
                0x00000185       0x2d build/tim.o
 .ARM.attributes
                0x000001b2       0x2d build/stm32f1xx_hal.o
 .ARM.attributes
                0x000001df       0x2d build/stm32f1xx_hal_cortex.o
 .ARM.attributes
                0x0000020c       0x2d build/stm32f1xx_hal_crc.o
 .ARM.attributes
                0x00000239       0x2d build/stm32f1xx_hal_gpio.o
 .ARM.attributes
                0x00000266       0x2d build/stm32f1xx_hal_pcd.o
 .ARM.attributes
                0x00000293       0x2d build/stm32f1xx_hal_pcd_ex.o
 .ARM.attributes
                0x000002c0       0x2d build/stm32f1xx_hal_rcc.o
 .ARM.attributes
                0x000002ed       0x2d build/stm32f1xx_hal_rcc_ex.o
 .ARM.attributes
                0x0000031a       0x2d build/stm32f1xx_hal_tim.o
 .ARM.attributes
                0x00000347       0x2d build/stm32f1xx_hal_tim_ex.o
 .ARM.attributes
                0x00000374       0x2d build/stm32f1xx_ll_usb.o
 .ARM.attributes
                0x000003a1       0x2d build/usbd_cdc.o
 .ARM.attributes
                0x000003ce       0x2d build/usbd_core.o
 .ARM.attributes
                0x000003fb       0x2d build/usbd_ctlreq.o
 .ARM.attributes
                0x00000428       0x2d build/usbd_ioreq.o
 .ARM.attributes
                0x00000455       0x2d build/usb_device.o
 .ARM.attributes
                0x00000482       0x2d build/usbd_cdc_if.o
 .ARM.attributes
                0x000004af       0x2d build/usbd_desc.o
 .ARM.attributes
                0x000004dc       0x2d build/usbd_conf.o
 .ARM.attributes
                0x00000509       0x21 build/startup_stm32f103xb.o
 .ARM.attributes
                0x0000052a       0x2d /usr/lib/gcc/arm-none-eabi/14.1.0/../../../../arm-none-eabi/lib/thumb/v7-m/nofp/libc_nano.a(libc_a-memset.o)
 .ARM.attributes
                0x00000557       0x2d /usr/lib/gcc/arm-none-eabi/14.1.0/../../../../arm-none-eabi/lib/thumb/v7-m/nofp/libc_nano.a(libc_a-init.o)
 .ARM.attributes
                0x00000584       0x1d /usr/lib/gcc/arm-none-eabi/14.1.0/thumb/v7-m/nofp/libgcc.a(_arm_mulsf3.o)
 .ARM.attributes
                0x000005a1       0x1d /usr/lib/gcc/arm-none-eabi/14.1.0/thumb/v7-m/nofp/libgcc.a(_arm_addsubdf3.o)
 .ARM.attributes
                0x000005be       0x1d /usr/lib/gcc/arm-none-eabi/14.1.0/thumb/v7-m/nofp/libgcc.a(_arm_muldivdf3.o)
 .ARM.attributes
                0x000005db       0x1d /usr/lib/gcc/arm-none-eabi/14.1.0/thumb/v7-m/nofp/libgcc.a(_arm_truncdfsf2.o)
 .ARM.attributes
                0x000005f8       0x1d /usr/lib/gcc/arm-none-eabi/14.1.0/thumb/v7-m/nofp/libgcc.a(_arm_addsubsf3.o)
 .ARM.attributes
                0x00000615       0x1d /usr/lib/gcc/arm-none-eabi/14.1.0/thumb/v7-m/nofp/crtn.o
OUTPUT(build/firmware.elf elf32-littlearm)
LOAD linker stubs
LOAD /usr/lib/gcc/arm-none-eabi/14.1.0/../../../../arm-none-eabi/lib/thumb/v7-m/nofp/libc.a
LOAD /usr/lib/gcc/arm-none-eabi/14.1.0/../../../../arm-none-eabi/lib/thumb/v7-m/nofp/libm.a
LOAD /usr/lib/gcc/arm-none-eabi/14.1.0/thumb/v7-m/nofp/libgcc.a

.debug_info     0x00000000    0x16141
 .debug_info    0x00000000      0x341 build/crc.o
 .debug_info    0x00000341      0x312 build/gpio.o
 .debug_info    0x00000653      0x612 build/hx711.o
 .debug_info    0x00000c65      0x6eb build/main.o
 .debug_info    0x00001350      0x1fb build/stm32f1xx_hal_msp.o
 .debug_info    0x0000154b      0x621 build/stm32f1xx_it.o
 .debug_info    0x00001b6c      0x22d build/system_stm32f1xx.o
 .debug_info    0x00001d99     0x103e build/tim.o
 .debug_info    0x00002dd7      0x7a2 build/stm32f1xx_hal.o
 .debug_info    0x00003579      0xcd9 build/stm32f1xx_hal_cortex.o
 .debug_info    0x00004252      0x3bc build/stm32f1xx_hal_crc.o
 .debug_info    0x0000460e      0x604 build/stm32f1xx_hal_gpio.o
 .debug_info    0x00004c12     0x1cbc build/stm32f1xx_hal_pcd.o
 .debug_info    0x000068ce      0x6d2 build/stm32f1xx_hal_pcd_ex.o
 .debug_info    0x00006fa0      0x9c7 build/stm32f1xx_hal_rcc.o
 .debug_info    0x00007967      0x420 build/stm32f1xx_hal_rcc_ex.o
 .debug_info    0x00007d87     0x3c0f build/stm32f1xx_hal_tim.o
 .debug_info    0x0000b996     0x1a9e build/stm32f1xx_hal_tim_ex.o
 .debug_info    0x0000d434     0x1b1a build/stm32f1xx_ll_usb.o
 .debug_info    0x0000ef4e     0x13d8 build/usbd_cdc.o
 .debug_info    0x00010326      0xdf9 build/usbd_core.o
 .debug_info    0x0001111f     0x10ac build/usbd_ctlreq.o
 .debug_info    0x000121cb      0x83b build/usbd_ioreq.o
 .debug_info    0x00012a06      0x6c6 build/usb_device.o
 .debug_info    0x000130cc      0x8ae build/usbd_cdc_if.o
 .debug_info    0x0001397a      0x5d5 build/usbd_desc.o
 .debug_info    0x00013f4f     0x1d65 build/usbd_conf.o
 .debug_info    0x00015cb4       0x30 build/startup_stm32f103xb.o
 .debug_info    0x00015ce4       0xe0 /usr/lib/gcc/arm-none-eabi/14.1.0/../../../../arm-none-eabi/lib/thumb/v7-m/nofp/libc_nano.a(libc_a-memset.o)
 .debug_info    0x00015dc4      0x10b /usr/lib/gcc/arm-none-eabi/14.1.0/../../../../arm-none-eabi/lib/thumb/v7-m/nofp/libc_nano.a(libc_a-init.o)
 .debug_info    0x00015ecf       0x3f /usr/lib/gcc/arm-none-eabi/14.1.0/thumb/v7-m/nofp/libgcc.a(_arm_mulsf3.o)
 .debug_info    0x00015f0e       0xd3 /usr/lib/gcc/arm-none-eabi/14.1.0/thumb/v7-m/nofp/libgcc.a(_arm_addsubdf3.o)
 .debug_info    0x00015fe1       0x57 /usr/lib/gcc/arm-none-eabi/14.1.0/thumb/v7-m/nofp/libgcc.a(_arm_muldivdf3.o)
 .debug_info    0x00016038       0x3f /usr/lib/gcc/arm-none-eabi/14.1.0/thumb/v7-m/nofp/libgcc.a(_arm_truncdfsf2.o)
 .debug_info    0x00016077       0xca /usr/lib/gcc/arm-none-eabi/14.1.0/thumb/v7-m/nofp/libgcc.a(_arm_addsubsf3.o)

.debug_abbrev   0x00000000     0x3da2
 .debug_abbrev  0x00000000      0x1a4 build/crc.o
 .debug_abbrev  0x000001a4      0x151 build/gpio.o
 .debug_abbrev  0x000002f5      0x227 build/hx711.o
 .debug_abbrev  0x0000051c      0x279 build/main.o
 .debug_abbrev  0x00000795       0xed build/stm32f1xx_hal_msp.o
 .debug_abbrev  0x00000882      0x19b build/stm32f1xx_it.o
 .debug_abbrev  0x00000a1d      0x143 build/system_stm32f1xx.o
 .debug_abbrev  0x00000b60      0x297 build/tim.o
 .debug_abbrev  0x00000df7      0x22d build/stm32f1xx_hal.o
 .debug_abbrev  0x00001024      0x36d build/stm32f1xx_hal_cortex.o
 .debug_abbrev  0x00001391      0x1d7 build/stm32f1xx_hal_crc.o
 .debug_abbrev  0x00001568      0x1f7 build/stm32f1xx_hal_gpio.o
 .debug_abbrev  0x0000175f      0x311 build/stm32f1xx_hal_pcd.o
 .debug_abbrev  0x00001a70      0x19f build/stm32f1xx_hal_pcd_ex.o
 .debug_abbrev  0x00001c0f      0x2a0 build/stm32f1xx_hal_rcc.o
 .debug_abbrev  0x00001eaf      0x1d8 build/stm32f1xx_hal_rcc_ex.o
 .debug_abbrev  0x00002087      0x270 build/stm32f1xx_hal_tim.o
 .debug_abbrev  0x000022f7      0x26e build/stm32f1xx_hal_tim_ex.o
 .debug_abbrev  0x00002565      0x233 build/stm32f1xx_ll_usb.o
 .debug_abbrev  0x00002798      0x326 build/usbd_cdc.o
 .debug_abbrev  0x00002abe      0x289 build/usbd_core.o
 .debug_abbrev  0x00002d47      0x2eb build/usbd_ctlreq.o
 .debug_abbrev  0x00003032      0x1a8 build/usbd_ioreq.o
 .debug_abbrev  0x000031da      0x1a8 build/usb_device.o
 .debug_abbrev  0x00003382      0x281 build/usbd_cdc_if.o
 .debug_abbrev  0x00003603      0x220 build/usbd_desc.o
 .debug_abbrev  0x00003823      0x32e build/usbd_conf.o
 .debug_abbrev  0x00003b51       0x24 build/startup_stm32f103xb.o
 .debug_abbrev  0x00003b75       0x9e /usr/lib/gcc/arm-none-eabi/14.1.0/../../../../arm-none-eabi/lib/thumb/v7-m/nofp/libc_nano.a(libc_a-memset.o)
 .debug_abbrev  0x00003c13       0xc9 /usr/lib/gcc/arm-none-eabi/14.1.0/../../../../arm-none-eabi/lib/thumb/v7-m/nofp/libc_nano.a(libc_a-init.o)
 .debug_abbrev  0x00003cdc       0x26 /usr/lib/gcc/arm-none-eabi/14.1.0/thumb/v7-m/nofp/libgcc.a(_arm_mulsf3.o)
 .debug_abbrev  0x00003d02       0x28 /usr/lib/gcc/arm-none-eabi/14.1.0/thumb/v7-m/nofp/libgcc.a(_arm_addsubdf3.o)
 .debug_abbrev  0x00003d2a       0x28 /usr/lib/gcc/arm-none-eabi/14.1.0/thumb/v7-m/nofp/libgcc.a(_arm_muldivdf3.o)
 .debug_abbrev  0x00003d52       0x28 /usr/lib/gcc/arm-none-eabi/14.1.0/thumb/v7-m/nofp/libgcc.a(_arm_truncdfsf2.o)
 .debug_abbrev  0x00003d7a       0x28 /usr/lib/gcc/arm-none-eabi/14.1.0/thumb/v7-m/nofp/libgcc.a(_arm_addsubsf3.o)

.debug_aranges  0x00000000     0x1188
 .debug_aranges
                0x00000000       0x30 build/crc.o
 .debug_aranges
                0x00000030       0x20 build/gpio.o
 .debug_aranges
                0x00000050       0x48 build/hx711.o
 .debug_aranges
                0x00000098       0x38 build/main.o
 .debug_aranges
                0x000000d0       0x20 build/stm32f1xx_hal_msp.o
 .debug_aranges
                0x000000f0       0x68 build/stm32f1xx_it.o
 .debug_aranges
                0x00000158       0x28 build/system_stm32f1xx.o
 .debug_aranges
                0x00000180       0x58 build/tim.o
 .debug_aranges
                0x000001d8       0xe0 build/stm32f1xx_hal.o
 .debug_aranges
                0x000002b8       0xc0 build/stm32f1xx_hal_cortex.o
 .debug_aranges
                0x00000378       0x50 build/stm32f1xx_hal_crc.o
 .debug_aranges
                0x000003c8       0x58 build/stm32f1xx_hal_gpio.o
 .debug_aranges
                0x00000420      0x140 build/stm32f1xx_hal_pcd.o
 .debug_aranges
                0x00000560       0x38 build/stm32f1xx_hal_pcd_ex.o
 .debug_aranges
                0x00000598       0x90 build/stm32f1xx_hal_rcc.o
 .debug_aranges
                0x00000628       0x30 build/stm32f1xx_hal_rcc_ex.o
 .debug_aranges
                0x00000658      0x3d0 build/stm32f1xx_hal_tim.o
 .debug_aranges
                0x00000a28      0x168 build/stm32f1xx_hal_tim_ex.o
 .debug_aranges
                0x00000b90       0xf8 build/stm32f1xx_ll_usb.o
 .debug_aranges
                0x00000c88       0x90 build/usbd_cdc.o
 .debug_aranges
                0x00000d18       0xb8 build/usbd_core.o
 .debug_aranges
                0x00000dd0       0x88 build/usbd_ctlreq.o
 .debug_aranges
                0x00000e58       0x50 build/usbd_ioreq.o
 .debug_aranges
                0x00000ea8       0x20 build/usb_device.o
 .debug_aranges
                0x00000ec8       0x40 build/usbd_cdc_if.o
 .debug_aranges
                0x00000f08       0x60 build/usbd_desc.o
 .debug_aranges
                0x00000f68      0x118 build/usbd_conf.o
 .debug_aranges
                0x00001080       0x28 build/startup_stm32f103xb.o
 .debug_aranges
                0x000010a8       0x20 /usr/lib/gcc/arm-none-eabi/14.1.0/../../../../arm-none-eabi/lib/thumb/v7-m/nofp/libc_nano.a(libc_a-memset.o)
 .debug_aranges
                0x000010c8       0x20 /usr/lib/gcc/arm-none-eabi/14.1.0/../../../../arm-none-eabi/lib/thumb/v7-m/nofp/libc_nano.a(libc_a-init.o)
 .debug_aranges
                0x000010e8       0x20 /usr/lib/gcc/arm-none-eabi/14.1.0/thumb/v7-m/nofp/libgcc.a(_arm_mulsf3.o)
 .debug_aranges
                0x00001108       0x20 /usr/lib/gcc/arm-none-eabi/14.1.0/thumb/v7-m/nofp/libgcc.a(_arm_addsubdf3.o)
 .debug_aranges
                0x00001128       0x20 /usr/lib/gcc/arm-none-eabi/14.1.0/thumb/v7-m/nofp/libgcc.a(_arm_muldivdf3.o)
 .debug_aranges
                0x00001148       0x20 /usr/lib/gcc/arm-none-eabi/14.1.0/thumb/v7-m/nofp/libgcc.a(_arm_truncdfsf2.o)
 .debug_aranges
                0x00001168       0x20 /usr/lib/gcc/arm-none-eabi/14.1.0/thumb/v7-m/nofp/libgcc.a(_arm_addsubsf3.o)

.debug_rnglists
                0x00000000      0xe90
 .debug_rnglists
                0x00000000       0x1f build/crc.o
 .debug_rnglists
                0x0000001f       0x14 build/gpio.o
 .debug_rnglists
                0x00000033       0x56 build/hx711.o
 .debug_rnglists
                0x00000089       0x26 build/main.o
 .debug_rnglists
                0x000000af       0x13 build/stm32f1xx_hal_msp.o
 .debug_rnglists
                0x000000c2       0x49 build/stm32f1xx_it.o
 .debug_rnglists
                0x0000010b       0x1a build/system_stm32f1xx.o
 .debug_rnglists
                0x00000125       0x41 build/tim.o
 .debug_rnglists
                0x00000166       0xa3 build/stm32f1xx_hal.o
 .debug_rnglists
                0x00000209       0x8b build/stm32f1xx_hal_cortex.o
 .debug_rnglists
                0x00000294       0x37 build/stm32f1xx_hal_crc.o
 .debug_rnglists
                0x000002cb       0x3f build/stm32f1xx_hal_gpio.o
 .debug_rnglists
                0x0000030a      0x186 build/stm32f1xx_hal_pcd.o
 .debug_rnglists
                0x00000490       0x25 build/stm32f1xx_hal_pcd_ex.o
 .debug_rnglists
                0x000004b5       0x7d build/stm32f1xx_hal_rcc.o
 .debug_rnglists
                0x00000532       0x2f build/stm32f1xx_hal_rcc_ex.o
 .debug_rnglists
                0x00000561      0x300 build/stm32f1xx_hal_tim.o
 .debug_rnglists
                0x00000861      0x11a build/stm32f1xx_hal_tim_ex.o
 .debug_rnglists
                0x0000097b      0x1fb build/stm32f1xx_ll_usb.o
 .debug_rnglists
                0x00000b76       0x69 build/usbd_cdc.o
 .debug_rnglists
                0x00000bdf       0x87 build/usbd_core.o
 .debug_rnglists
                0x00000c66       0x65 build/usbd_ctlreq.o
 .debug_rnglists
                0x00000ccb       0x37 build/usbd_ioreq.o
 .debug_rnglists
                0x00000d02       0x13 build/usb_device.o
 .debug_rnglists
                0x00000d15       0x2b build/usbd_cdc_if.o
 .debug_rnglists
                0x00000d40       0x43 build/usbd_desc.o
 .debug_rnglists
                0x00000d83       0xce build/usbd_conf.o
 .debug_rnglists
                0x00000e51       0x19 build/startup_stm32f103xb.o
 .debug_rnglists
                0x00000e6a       0x13 /usr/lib/gcc/arm-none-eabi/14.1.0/../../../../arm-none-eabi/lib/thumb/v7-m/nofp/libc_nano.a(libc_a-memset.o)
 .debug_rnglists
                0x00000e7d       0x13 /usr/lib/gcc/arm-none-eabi/14.1.0/../../../../arm-none-eabi/lib/thumb/v7-m/nofp/libc_nano.a(libc_a-init.o)

.debug_line     0x00000000     0xf92e
 .debug_line    0x00000000      0x1c6 build/crc.o
 .debug_line    0x000001c6      0x173 build/gpio.o
 .debug_line    0x00000339      0x3d7 build/hx711.o
 .debug_line    0x00000710      0x39a build/main.o
 .debug_line    0x00000aaa      0x105 build/stm32f1xx_hal_msp.o
 .debug_line    0x00000baf      0x238 build/stm32f1xx_it.o
 .debug_line    0x00000de7      0x1cd build/system_stm32f1xx.o
 .debug_line    0x00000fb4      0x6a8 build/tim.o
 .debug_line    0x0000165c      0x4b6 build/stm32f1xx_hal.o
 .debug_line    0x00001b12      0x62f build/stm32f1xx_hal_cortex.o
 .debug_line    0x00002141      0x346 build/stm32f1xx_hal_crc.o
 .debug_line    0x00002487      0x551 build/stm32f1xx_hal_gpio.o
 .debug_line    0x000029d8     0x1776 build/stm32f1xx_hal_pcd.o
 .debug_line    0x0000414e      0x21b build/stm32f1xx_hal_pcd_ex.o
 .debug_line    0x00004369      0xc40 build/stm32f1xx_hal_rcc.o
 .debug_line    0x00004fa9      0x431 build/stm32f1xx_hal_rcc_ex.o
 .debug_line    0x000053da     0x4538 build/stm32f1xx_hal_tim.o
 .debug_line    0x00009912     0x1908 build/stm32f1xx_hal_tim_ex.o
 .debug_line    0x0000b21a     0x16e8 build/stm32f1xx_ll_usb.o
 .debug_line    0x0000c902      0x749 build/usbd_cdc.o
 .debug_line    0x0000d04b      0x6a1 build/usbd_core.o
 .debug_line    0x0000d6ec      0xa6f build/usbd_ctlreq.o
 .debug_line    0x0000e15b      0x22c build/usbd_ioreq.o
 .debug_line    0x0000e387      0x1c1 build/usb_device.o
 .debug_line    0x0000e548      0x1ef build/usbd_cdc_if.o
 .debug_line    0x0000e737      0x2dc build/usbd_desc.o
 .debug_line    0x0000ea13      0x745 build/usbd_conf.o
 .debug_line    0x0000f158       0x74 build/startup_stm32f103xb.o
 .debug_line    0x0000f1cc      0x123 /usr/lib/gcc/arm-none-eabi/14.1.0/../../../../arm-none-eabi/lib/thumb/v7-m/nofp/libc_nano.a(libc_a-memset.o)
 .debug_line    0x0000f2ef      0x116 /usr/lib/gcc/arm-none-eabi/14.1.0/../../../../arm-none-eabi/lib/thumb/v7-m/nofp/libc_nano.a(libc_a-init.o)
 .debug_line    0x0000f405       0xbd /usr/lib/gcc/arm-none-eabi/14.1.0/thumb/v7-m/nofp/libgcc.a(_arm_mulsf3.o)
 .debug_line    0x0000f4c2      0x16f /usr/lib/gcc/arm-none-eabi/14.1.0/thumb/v7-m/nofp/libgcc.a(_arm_addsubdf3.o)
 .debug_line    0x0000f631      0x184 /usr/lib/gcc/arm-none-eabi/14.1.0/thumb/v7-m/nofp/libgcc.a(_arm_muldivdf3.o)
 .debug_line    0x0000f7b5       0x76 /usr/lib/gcc/arm-none-eabi/14.1.0/thumb/v7-m/nofp/libgcc.a(_arm_truncdfsf2.o)
 .debug_line    0x0000f82b      0x103 /usr/lib/gcc/arm-none-eabi/14.1.0/thumb/v7-m/nofp/libgcc.a(_arm_addsubsf3.o)

.debug_str      0x00000000     0x4c56
 .debug_str     0x00000000     0x4c56 build/crc.o
                                0x34f (size before relaxing)
 .debug_str     0x00004c56      0x265 build/gpio.o
 .debug_str     0x00004c56      0x362 build/hx711.o
 .debug_str     0x00004c56      0x5b4 build/main.o
 .debug_str     0x00004c56      0x1f9 build/stm32f1xx_hal_msp.o
 .debug_str     0x00004c56      0x5c6 build/stm32f1xx_it.o
 .debug_str     0x00004c56      0x228 build/system_stm32f1xx.o
 .debug_str     0x00004c56      0xa38 build/tim.o
 .debug_str     0x00004c56      0x802 build/stm32f1xx_hal.o
 .debug_str     0x00004c56      0x8a7 build/stm32f1xx_hal_cortex.o
 .debug_str     0x00004c56      0x36a build/stm32f1xx_hal_crc.o
 .debug_str     0x00004c56      0x3d4 build/stm32f1xx_hal_gpio.o
 .debug_str     0x00004c56      0xaf7 build/stm32f1xx_hal_pcd.o
 .debug_str     0x00004c56      0x6a7 build/stm32f1xx_hal_pcd_ex.o
 .debug_str     0x00004c56      0x5ff build/stm32f1xx_hal_rcc.o
 .debug_str     0x00004c56      0x3a7 build/stm32f1xx_hal_rcc_ex.o
 .debug_str     0x00004c56     0x1659 build/stm32f1xx_hal_tim.o
 .debug_str     0x00004c56      0xe65 build/stm32f1xx_hal_tim_ex.o
 .debug_str     0x00004c56      0x6f9 build/stm32f1xx_ll_usb.o
 .debug_str     0x00004c56      0xbfe build/usbd_cdc.o
 .debug_str     0x00004c56      0x80b build/usbd_core.o
 .debug_str     0x00004c56      0x725 build/usbd_ctlreq.o
 .debug_str     0x00004c56      0x652 build/usbd_ioreq.o
 .debug_str     0x00004c56      0x633 build/usb_device.o
 .debug_str     0x00004c56      0x6e7 build/usbd_cdc_if.o
 .debug_str     0x00004c56      0x42b build/usbd_desc.o
 .debug_str     0x00004c56     0x118b build/usbd_conf.o
 .debug_str     0x00004c56       0x62 build/startup_stm32f103xb.o
 .debug_str     0x00004c56      0x1b7 /usr/lib/gcc/arm-none-eabi/14.1.0/../../../../arm-none-eabi/lib/thumb/v7-m/nofp/libc_nano.a(libc_a-memset.o)
 .debug_str     0x00004c56      0x218 /usr/lib/gcc/arm-none-eabi/14.1.0/../../../../arm-none-eabi/lib/thumb/v7-m/nofp/libc_nano.a(libc_a-init.o)
 .debug_str     0x00004c56       0xb5 /usr/lib/gcc/arm-none-eabi/14.1.0/thumb/v7-m/nofp/libgcc.a(_arm_mulsf3.o)
 .debug_str     0x00004c56      0x14b /usr/lib/gcc/arm-none-eabi/14.1.0/thumb/v7-m/nofp/libgcc.a(_arm_addsubdf3.o)
 .debug_str     0x00004c56       0xcb /usr/lib/gcc/arm-none-eabi/14.1.0/thumb/v7-m/nofp/libgcc.a(_arm_muldivdf3.o)
 .debug_str     0x00004c56       0xb8 /usr/lib/gcc/arm-none-eabi/14.1.0/thumb/v7-m/nofp/libgcc.a(_arm_truncdfsf2.o)
 .debug_str     0x00004c56      0x13f /usr/lib/gcc/arm-none-eabi/14.1.0/thumb/v7-m/nofp/libgcc.a(_arm_addsubsf3.o)

.comment        0x00000000       0x1e
 .comment       0x00000000       0x1e build/crc.o
                                 0x1f (size before relaxing)
 .comment       0x0000001e       0x1f build/gpio.o
 .comment       0x0000001e       0x1f build/hx711.o
 .comment       0x0000001e       0x1f build/main.o
 .comment       0x0000001e       0x1f build/stm32f1xx_hal_msp.o
 .comment       0x0000001e       0x1f build/stm32f1xx_it.o
 .comment       0x0000001e       0x1f build/system_stm32f1xx.o
 .comment       0x0000001e       0x1f build/tim.o
 .comment       0x0000001e       0x1f build/stm32f1xx_hal.o
 .comment       0x0000001e       0x1f build/stm32f1xx_hal_cortex.o
 .comment       0x0000001e       0x1f build/stm32f1xx_hal_crc.o
 .comment       0x0000001e       0x1f build/stm32f1xx_hal_gpio.o
 .comment       0x0000001e       0x1f build/stm32f1xx_hal_pcd.o
 .comment       0x0000001e       0x1f build/stm32f1xx_hal_pcd_ex.o
 .comment       0x0000001e       0x1f build/stm32f1xx_hal_rcc.o
 .comment       0x0000001e       0x1f build/stm32f1xx_hal_rcc_ex.o
 .comment       0x0000001e       0x1f build/stm32f1xx_hal_tim.o
 .comment       0x0000001e       0x1f build/stm32f1xx_hal_tim_ex.o
 .comment       0x0000001e       0x1f build/stm32f1xx_ll_usb.o
 .comment       0x0000001e       0x1f build/usbd_cdc.o
 .comment       0x0000001e       0x1f build/usbd_core.o
 .comment       0x0000001e       0x1f build/usbd_ctlreq.o
 .comment       0x0000001e       0x1f build/usbd_ioreq.o
 .comment       0x0000001e       0x1f build/usb_device.o
 .comment       0x0000001e       0x1f build/usbd_cdc_if.o
 .comment       0x0000001e       0x1f build/usbd_desc.o
 .comment       0x0000001e       0x1f build/usbd_conf.o
 .comment       0x0000001e       0x1f /usr/lib/gcc/arm-none-eabi/14.1.0/../../../../arm-none-eabi/lib/thumb/v7-m/nofp/libc_nano.a(libc_a-memset.o)
 .comment       0x0000001e       0x1f /usr/lib/gcc/arm-none-eabi/14.1.0/../../../../arm-none-eabi/lib/thumb/v7-m/nofp/libc_nano.a(libc_a-init.o)

.debug_frame    0x00000000     0x2af8
 .debug_frame   0x00000000       0x50 build/crc.o
 .debug_frame   0x00000050       0x34 build/gpio.o
 .debug_frame   0x00000084       0xa4 build/hx711.o
 .debug_frame   0x00000128       0x70 build/main.o
 .debug_frame   0x00000198       0x28 build/stm32f1xx_hal_msp.o
 .debug_frame   0x000001c0       0xc0 build/stm32f1xx_it.o
 .debug_frame   0x00000280       0x30 build/system_stm32f1xx.o
 .debug_frame   0x000002b0       0xec build/tim.o
 .debug_frame   0x0000039c      0x1cc build/stm32f1xx_hal.o
 .debug_frame   0x00000568      0x19c build/stm32f1xx_hal_cortex.o
 .debug_frame   0x00000704       0xb8 build/stm32f1xx_hal_crc.o
 .debug_frame   0x000007bc       0xe4 build/stm32f1xx_hal_gpio.o
 .debug_frame   0x000008a0      0x358 build/stm32f1xx_hal_pcd.o
 .debug_frame   0x00000bf8       0x50 build/stm32f1xx_hal_pcd_ex.o
 .debug_frame   0x00000c48      0x184 build/stm32f1xx_hal_rcc.o
 .debug_frame   0x00000dcc       0x60 build/stm32f1xx_hal_rcc_ex.o
 .debug_frame   0x00000e2c      0xb18 build/stm32f1xx_hal_tim.o
 .debug_frame   0x00001944      0x418 build/stm32f1xx_hal_tim_ex.o
 .debug_frame   0x00001d5c      0x200 build/stm32f1xx_ll_usb.o
 .debug_frame   0x00001f5c      0x160 build/usbd_cdc.o
 .debug_frame   0x000020bc      0x1c4 build/usbd_core.o
 .debug_frame   0x00002280      0x178 build/usbd_ctlreq.o
 .debug_frame   0x000023f8       0xb8 build/usbd_ioreq.o
 .debug_frame   0x000024b0       0x28 build/usb_device.o
 .debug_frame   0x000024d8       0x78 build/usbd_cdc_if.o
 .debug_frame   0x00002550       0xe0 build/usbd_desc.o
 .debug_frame   0x00002630      0x2ec build/usbd_conf.o
 .debug_frame   0x0000291c       0x20 /usr/lib/gcc/arm-none-eabi/14.1.0/../../../../arm-none-eabi/lib/thumb/v7-m/nofp/libc_nano.a(libc_a-memset.o)
 .debug_frame   0x0000293c       0x2c /usr/lib/gcc/arm-none-eabi/14.1.0/../../../../arm-none-eabi/lib/thumb/v7-m/nofp/libc_nano.a(libc_a-init.o)
 .debug_frame   0x00002968       0x24 /usr/lib/gcc/arm-none-eabi/14.1.0/thumb/v7-m/nofp/libgcc.a(_arm_mulsf3.o)
 .debug_frame   0x0000298c       0xac /usr/lib/gcc/arm-none-eabi/14.1.0/thumb/v7-m/nofp/libgcc.a(_arm_addsubdf3.o)
 .debug_frame   0x00002a38       0x50 /usr/lib/gcc/arm-none-eabi/14.1.0/thumb/v7-m/nofp/libgcc.a(_arm_muldivdf3.o)
 .debug_frame   0x00002a88       0x24 /usr/lib/gcc/arm-none-eabi/14.1.0/thumb/v7-m/nofp/libgcc.a(_arm_truncdfsf2.o)
 .debug_frame   0x00002aac       0x4c /usr/lib/gcc/arm-none-eabi/14.1.0/thumb/v7-m/nofp/libgcc.a(_arm_addsubsf3.o)

.debug_loclists
                0x00000000     0xab1d
 .debug_loclists
                0x00000000      0x1ba build/hx711.o
 .debug_loclists
                0x000001ba       0x3c build/main.o
 .debug_loclists
                0x000001f6       0x17 build/stm32f1xx_hal_msp.o
 .debug_loclists
                0x0000020d       0xb7 build/system_stm32f1xx.o
 .debug_loclists
                0x000002c4       0x71 build/tim.o
 .debug_loclists
                0x00000335       0xe1 build/stm32f1xx_hal.o
 .debug_loclists
                0x00000416      0x530 build/stm32f1xx_hal_cortex.o
 .debug_loclists
                0x00000946      0x153 build/stm32f1xx_hal_crc.o
 .debug_loclists
                0x00000a99      0x300 build/stm32f1xx_hal_gpio.o
 .debug_loclists
                0x00000d99      0xf0e build/stm32f1xx_hal_pcd.o
 .debug_loclists
                0x00001ca7       0xf0 build/stm32f1xx_hal_pcd_ex.o
 .debug_loclists
                0x00001d97      0x42e build/stm32f1xx_hal_rcc.o
 .debug_loclists
                0x000021c5      0x2ca build/stm32f1xx_hal_rcc_ex.o
 .debug_loclists
                0x0000248f     0x385b build/stm32f1xx_hal_tim.o
 .debug_loclists
                0x00005cea     0x13b3 build/stm32f1xx_hal_tim_ex.o
 .debug_loclists
                0x0000709d     0x10a8 build/stm32f1xx_ll_usb.o
 .debug_loclists
                0x00008145      0x61a build/usbd_cdc.o
 .debug_loclists
                0x0000875f      0x695 build/usbd_core.o
 .debug_loclists
                0x00008df4      0xea5 build/usbd_ctlreq.o
 .debug_loclists
                0x00009c99      0x214 build/usbd_ioreq.o
 .debug_loclists
                0x00009ead       0xed build/usbd_cdc_if.o
 .debug_loclists
                0x00009f9a      0x299 build/usbd_desc.o
 .debug_loclists
                0x0000a233      0x86b build/usbd_conf.o
 .debug_loclists
                0x0000aa9e       0x3b /usr/lib/gcc/arm-none-eabi/14.1.0/../../../../arm-none-eabi/lib/thumb/v7-m/nofp/libc_nano.a(libc_a-memset.o)
 .debug_loclists
                0x0000aad9       0x44 /usr/lib/gcc/arm-none-eabi/14.1.0/../../../../arm-none-eabi/lib/thumb/v7-m/nofp/libc_nano.a(libc_a-init.o)

.debug_line_str
                0x00000000       0xe8
 .debug_line_str
                0x00000000       0xe8 build/startup_stm32f103xb.o
                                 0x48 (size before relaxing)
 .debug_line_str
                0x000000e8       0x93 /usr/lib/gcc/arm-none-eabi/14.1.0/thumb/v7-m/nofp/libgcc.a(_arm_mulsf3.o)
 .debug_line_str
                0x000000e8       0x93 /usr/lib/gcc/arm-none-eabi/14.1.0/thumb/v7-m/nofp/libgcc.a(_arm_addsubdf3.o)
 .debug_line_str
                0x000000e8       0x93 /usr/lib/gcc/arm-none-eabi/14.1.0/thumb/v7-m/nofp/libgcc.a(_arm_muldivdf3.o)
 .debug_line_str
                0x000000e8       0x93 /usr/lib/gcc/arm-none-eabi/14.1.0/thumb/v7-m/nofp/libgcc.a(_arm_truncdfsf2.o)
 .debug_line_str
                0x000000e8       0x93 /usr/lib/gcc/arm-none-eabi/14.1.0/thumb/v7-m/nofp/libgcc.a(_arm_addsubsf3.o)

Cross Reference Table

Symbol                                            File
ADC1_2_IRQHandler                                 build/startup_stm32f103xb.o
AHBPrescTable                                     build/system_stm32f1xx.o
                                                  build/stm32f1xx_hal_rcc.o
APBPrescTable                                     build/system_stm32f1xx.o
                                                  build/stm32f1xx_hal_rcc.o
BusFault_Handler                                  build/stm32f1xx_it.o
CAN1_RX1_IRQHandler                               build/startup_stm32f103xb.o
CAN1_SCE_IRQHandler                               build/startup_stm32f103xb.o
CDC_Transmit_FS                                   build/usbd_cdc_if.o
                                                  build/main.o
DMA1_Channel1_IRQHandler                          build/startup_stm32f103xb.o
DMA1_Channel2_IRQHandler                          build/startup_stm32f103xb.o
DMA1_Channel3_IRQHandler                          build/startup_stm32f103xb.o
DMA1_Channel4_IRQHandler                          build/startup_stm32f103xb.o
DMA1_Channel5_IRQHandler                          build/startup_stm32f103xb.o
DMA1_Channel6_IRQHandler                          build/startup_stm32f103xb.o
DMA1_Channel7_IRQHandler                          build/startup_stm32f103xb.o
DebugMon_Handler                                  build/stm32f1xx_it.o
Default_Handler                                   build/startup_stm32f103xb.o
EXTI0_IRQHandler                                  build/startup_stm32f103xb.o
EXTI15_10_IRQHandler                              build/startup_stm32f103xb.o
EXTI1_IRQHandler                                  build/startup_stm32f103xb.o
EXTI2_IRQHandler                                  build/startup_stm32f103xb.o
EXTI3_IRQHandler                                  build/startup_stm32f103xb.o
EXTI4_IRQHandler                                  build/startup_stm32f103xb.o
EXTI9_5_IRQHandler                                build/startup_stm32f103xb.o
Error_Handler                                     build/main.o
                                                  build/usbd_conf.o
                                                  build/usb_device.o
                                                  build/tim.o
                                                  build/crc.o
FLASH_IRQHandler                                  build/startup_stm32f103xb.o
FLASH_PageErase                                   build/stm32f1xx_hal_flash_ex.o
                                                  build/stm32f1xx_hal_flash.o
FLASH_WaitForLastOperation                        build/stm32f1xx_hal_flash.o
                                                  build/stm32f1xx_hal_flash_ex.o
FS_Desc                                           build/usbd_desc.o
                                                  build/usb_device.o
HAL_CRC_Accumulate                                build/stm32f1xx_hal_crc.o
HAL_CRC_Calculate                                 build/stm32f1xx_hal_crc.o
                                                  build/main.o
HAL_CRC_DeInit                                    build/stm32f1xx_hal_crc.o
HAL_CRC_GetState                                  build/stm32f1xx_hal_crc.o
HAL_CRC_Init                                      build/stm32f1xx_hal_crc.o
                                                  build/crc.o
HAL_CRC_MspDeInit                                 build/crc.o
HAL_CRC_MspInit                                   build/crc.o
HAL_DBGMCU_DisableDBGSleepMode                    build/stm32f1xx_hal.o
HAL_DBGMCU_DisableDBGStandbyMode                  build/stm32f1xx_hal.o
HAL_DBGMCU_DisableDBGStopMode                     build/stm32f1xx_hal.o
HAL_DBGMCU_EnableDBGSleepMode                     build/stm32f1xx_hal.o
HAL_DBGMCU_EnableDBGStandbyMode                   build/stm32f1xx_hal.o
HAL_DBGMCU_EnableDBGStopMode                      build/stm32f1xx_hal.o
HAL_DMA_Abort                                     build/stm32f1xx_hal_dma.o
HAL_DMA_Abort_IT                                  build/stm32f1xx_hal_dma.o
                                                  build/stm32f1xx_hal_tim_ex.o
                                                  build/stm32f1xx_hal_tim.o
HAL_DMA_DeInit                                    build/stm32f1xx_hal_dma.o
HAL_DMA_GetError                                  build/stm32f1xx_hal_dma.o
HAL_DMA_GetState                                  build/stm32f1xx_hal_dma.o
HAL_DMA_IRQHandler                                build/stm32f1xx_hal_dma.o
HAL_DMA_Init                                      build/stm32f1xx_hal_dma.o
HAL_DMA_PollForTransfer                           build/stm32f1xx_hal_dma.o
HAL_DMA_RegisterCallback                          build/stm32f1xx_hal_dma.o
HAL_DMA_Start                                     build/stm32f1xx_hal_dma.o
HAL_DMA_Start_IT                                  build/stm32f1xx_hal_dma.o
                                                  build/stm32f1xx_hal_tim_ex.o
                                                  build/stm32f1xx_hal_tim.o
HAL_DMA_UnRegisterCallback                        build/stm32f1xx_hal_dma.o
HAL_DeInit                                        build/stm32f1xx_hal.o
HAL_Delay                                         build/stm32f1xx_hal.o
                                                  build/usbd_conf.o
HAL_EXTI_ClearConfigLine                          build/stm32f1xx_hal_exti.o
HAL_EXTI_ClearPending                             build/stm32f1xx_hal_exti.o
HAL_EXTI_GenerateSWI                              build/stm32f1xx_hal_exti.o
HAL_EXTI_GetConfigLine                            build/stm32f1xx_hal_exti.o
HAL_EXTI_GetHandle                                build/stm32f1xx_hal_exti.o
HAL_EXTI_GetPending                               build/stm32f1xx_hal_exti.o
HAL_EXTI_IRQHandler                               build/stm32f1xx_hal_exti.o
HAL_EXTI_RegisterCallback                         build/stm32f1xx_hal_exti.o
HAL_EXTI_SetConfigLine                            build/stm32f1xx_hal_exti.o
HAL_FLASHEx_Erase                                 build/stm32f1xx_hal_flash_ex.o
HAL_FLASHEx_Erase_IT                              build/stm32f1xx_hal_flash_ex.o
HAL_FLASHEx_OBErase                               build/stm32f1xx_hal_flash_ex.o
HAL_FLASHEx_OBGetConfig                           build/stm32f1xx_hal_flash_ex.o
HAL_FLASHEx_OBGetUserData                         build/stm32f1xx_hal_flash_ex.o
HAL_FLASHEx_OBProgram                             build/stm32f1xx_hal_flash_ex.o
HAL_FLASH_EndOfOperationCallback                  build/stm32f1xx_hal_flash.o
HAL_FLASH_GetError                                build/stm32f1xx_hal_flash.o
HAL_FLASH_IRQHandler                              build/stm32f1xx_hal_flash.o
HAL_FLASH_Lock                                    build/stm32f1xx_hal_flash.o
HAL_FLASH_OB_Launch                               build/stm32f1xx_hal_flash.o
HAL_FLASH_OB_Lock                                 build/stm32f1xx_hal_flash.o
HAL_FLASH_OB_Unlock                               build/stm32f1xx_hal_flash.o
HAL_FLASH_OperationErrorCallback                  build/stm32f1xx_hal_flash.o
HAL_FLASH_Program                                 build/stm32f1xx_hal_flash.o
HAL_FLASH_Program_IT                              build/stm32f1xx_hal_flash.o
HAL_FLASH_Unlock                                  build/stm32f1xx_hal_flash.o
HAL_GPIOEx_ConfigEventout                         build/stm32f1xx_hal_gpio_ex.o
HAL_GPIOEx_DisableEventout                        build/stm32f1xx_hal_gpio_ex.o
HAL_GPIOEx_EnableEventout                         build/stm32f1xx_hal_gpio_ex.o
HAL_GPIO_DeInit                                   build/stm32f1xx_hal_gpio.o
HAL_GPIO_EXTI_Callback                            build/stm32f1xx_hal_gpio.o
HAL_GPIO_EXTI_IRQHandler                          build/stm32f1xx_hal_gpio.o
HAL_GPIO_Init                                     build/stm32f1xx_hal_gpio.o
                                                  build/stm32f1xx_hal_rcc.o
                                                  build/tim.o
                                                  build/gpio.o
HAL_GPIO_LockPin                                  build/stm32f1xx_hal_gpio.o
HAL_GPIO_ReadPin                                  build/stm32f1xx_hal_gpio.o
                                                  build/hx711.o
HAL_GPIO_TogglePin                                build/stm32f1xx_hal_gpio.o
HAL_GPIO_WritePin                                 build/stm32f1xx_hal_gpio.o
                                                  build/hx711.o
                                                  build/gpio.o
HAL_GetDEVID                                      build/stm32f1xx_hal.o
HAL_GetHalVersion                                 build/stm32f1xx_hal.o
HAL_GetREVID                                      build/stm32f1xx_hal.o
HAL_GetTick                                       build/stm32f1xx_hal.o
                                                  build/stm32f1xx_hal_rcc_ex.o
                                                  build/stm32f1xx_hal_rcc.o
                                                  build/stm32f1xx_hal_flash.o
                                                  build/stm32f1xx_hal_dma.o
HAL_GetTickFreq                                   build/stm32f1xx_hal.o
HAL_GetTickPrio                                   build/stm32f1xx_hal.o
HAL_GetUIDw0                                      build/stm32f1xx_hal.o
HAL_GetUIDw1                                      build/stm32f1xx_hal.o
HAL_GetUIDw2                                      build/stm32f1xx_hal.o
HAL_IncTick                                       build/stm32f1xx_hal.o
                                                  build/stm32f1xx_it.o
HAL_Init                                          build/stm32f1xx_hal.o
                                                  build/main.o
HAL_InitTick                                      build/stm32f1xx_hal.o
                                                  build/stm32f1xx_hal_rcc.o
HAL_MspDeInit                                     build/stm32f1xx_hal.o
HAL_MspInit                                       build/stm32f1xx_hal_msp.o
HAL_NVIC_ClearPendingIRQ                          build/stm32f1xx_hal_cortex.o
HAL_NVIC_DisableIRQ                               build/stm32f1xx_hal_cortex.o
                                                  build/usbd_conf.o
HAL_NVIC_EnableIRQ                                build/stm32f1xx_hal_cortex.o
                                                  build/usbd_conf.o
HAL_NVIC_GetActive                                build/stm32f1xx_hal_cortex.o
HAL_NVIC_GetPendingIRQ                            build/stm32f1xx_hal_cortex.o
HAL_NVIC_GetPriority                              build/stm32f1xx_hal_cortex.o
HAL_NVIC_GetPriorityGrouping                      build/stm32f1xx_hal_cortex.o
HAL_NVIC_SetPendingIRQ                            build/stm32f1xx_hal_cortex.o
HAL_NVIC_SetPriority                              build/stm32f1xx_hal_cortex.o
                                                  build/usbd_conf.o
                                                  build/stm32f1xx_hal.o
HAL_NVIC_SetPriorityGrouping                      build/stm32f1xx_hal_cortex.o
                                                  build/stm32f1xx_hal.o
HAL_NVIC_SystemReset                              build/stm32f1xx_hal_cortex.o
                                                  build/stm32f1xx_hal_flash.o
HAL_PCDEx_BCD_Callback                            build/stm32f1xx_hal_pcd_ex.o
HAL_PCDEx_LPM_Callback                            build/stm32f1xx_hal_pcd_ex.o
HAL_PCDEx_PMAConfig                               build/stm32f1xx_hal_pcd_ex.o
                                                  build/usbd_conf.o
HAL_PCDEx_SetConnectionState                      build/usbd_conf.o
                                                  build/stm32f1xx_hal_pcd_ex.o
                                                  build/stm32f1xx_hal_pcd.o
HAL_PCD_ActivateRemoteWakeup                      build/stm32f1xx_hal_pcd.o
HAL_PCD_ConnectCallback                           build/usbd_conf.o
                                                  build/stm32f1xx_hal_pcd.o
HAL_PCD_DataInStageCallback                       build/usbd_conf.o
                                                  build/stm32f1xx_hal_pcd.o
HAL_PCD_DataOutStageCallback                      build/usbd_conf.o
                                                  build/stm32f1xx_hal_pcd.o
HAL_PCD_DeActivateRemoteWakeup                    build/stm32f1xx_hal_pcd.o
HAL_PCD_DeInit                                    build/stm32f1xx_hal_pcd.o
                                                  build/usbd_conf.o
HAL_PCD_DevConnect                                build/stm32f1xx_hal_pcd.o
HAL_PCD_DevDisconnect                             build/stm32f1xx_hal_pcd.o
HAL_PCD_DisconnectCallback                        build/usbd_conf.o
                                                  build/stm32f1xx_hal_pcd.o
HAL_PCD_EP_Abort                                  build/stm32f1xx_hal_pcd.o
HAL_PCD_EP_Close                                  build/stm32f1xx_hal_pcd.o
                                                  build/usbd_conf.o
HAL_PCD_EP_ClrStall                               build/stm32f1xx_hal_pcd.o
                                                  build/usbd_conf.o
HAL_PCD_EP_Flush                                  build/stm32f1xx_hal_pcd.o
                                                  build/usbd_conf.o
HAL_PCD_EP_GetRxCount                             build/stm32f1xx_hal_pcd.o
                                                  build/usbd_conf.o
HAL_PCD_EP_Open                                   build/stm32f1xx_hal_pcd.o
                                                  build/usbd_conf.o
HAL_PCD_EP_Receive                                build/stm32f1xx_hal_pcd.o
                                                  build/usbd_conf.o
HAL_PCD_EP_SetStall                               build/stm32f1xx_hal_pcd.o
                                                  build/usbd_conf.o
HAL_PCD_EP_Transmit                               build/stm32f1xx_hal_pcd.o
                                                  build/usbd_conf.o
HAL_PCD_GetState                                  build/stm32f1xx_hal_pcd.o
HAL_PCD_IRQHandler                                build/stm32f1xx_hal_pcd.o
                                                  build/stm32f1xx_it.o
HAL_PCD_ISOINIncompleteCallback                   build/usbd_conf.o
                                                  build/stm32f1xx_hal_pcd.o
HAL_PCD_ISOOUTIncompleteCallback                  build/usbd_conf.o
                                                  build/stm32f1xx_hal_pcd.o
HAL_PCD_Init                                      build/stm32f1xx_hal_pcd.o
                                                  build/usbd_conf.o
HAL_PCD_MspDeInit                                 build/usbd_conf.o
                                                  build/stm32f1xx_hal_pcd.o
HAL_PCD_MspInit                                   build/usbd_conf.o
                                                  build/stm32f1xx_hal_pcd.o
HAL_PCD_ResetCallback                             build/usbd_conf.o
                                                  build/stm32f1xx_hal_pcd.o
HAL_PCD_ResumeCallback                            build/usbd_conf.o
                                                  build/stm32f1xx_hal_pcd.o
HAL_PCD_SOFCallback                               build/usbd_conf.o
                                                  build/stm32f1xx_hal_pcd.o
HAL_PCD_SetAddress                                build/stm32f1xx_hal_pcd.o
                                                  build/usbd_conf.o
HAL_PCD_SetupStageCallback                        build/usbd_conf.o
                                                  build/stm32f1xx_hal_pcd.o
HAL_PCD_Start                                     build/stm32f1xx_hal_pcd.o
                                                  build/usbd_conf.o
HAL_PCD_Stop                                      build/stm32f1xx_hal_pcd.o
                                                  build/usbd_conf.o
HAL_PCD_SuspendCallback                           build/usbd_conf.o
                                                  build/stm32f1xx_hal_pcd.o
HAL_PCD_WKUP_IRQHandler                           build/stm32f1xx_hal_pcd.o
HAL_PWR_ConfigPVD                                 build/stm32f1xx_hal_pwr.o
HAL_PWR_DeInit                                    build/stm32f1xx_hal_pwr.o
HAL_PWR_DisableBkUpAccess                         build/stm32f1xx_hal_pwr.o
HAL_PWR_DisablePVD                                build/stm32f1xx_hal_pwr.o
HAL_PWR_DisableSEVOnPend                          build/stm32f1xx_hal_pwr.o
HAL_PWR_DisableSleepOnExit                        build/stm32f1xx_hal_pwr.o
HAL_PWR_DisableWakeUpPin                          build/stm32f1xx_hal_pwr.o
HAL_PWR_EnableBkUpAccess                          build/stm32f1xx_hal_pwr.o
HAL_PWR_EnablePVD                                 build/stm32f1xx_hal_pwr.o
HAL_PWR_EnableSEVOnPend                           build/stm32f1xx_hal_pwr.o
HAL_PWR_EnableSleepOnExit                         build/stm32f1xx_hal_pwr.o
HAL_PWR_EnableWakeUpPin                           build/stm32f1xx_hal_pwr.o
HAL_PWR_EnterSLEEPMode                            build/stm32f1xx_hal_pwr.o
HAL_PWR_EnterSTANDBYMode                          build/stm32f1xx_hal_pwr.o
HAL_PWR_EnterSTOPMode                             build/stm32f1xx_hal_pwr.o
HAL_PWR_PVDCallback                               build/stm32f1xx_hal_pwr.o
HAL_PWR_PVD_IRQHandler                            build/stm32f1xx_hal_pwr.o
HAL_RCCEx_GetPeriphCLKConfig                      build/stm32f1xx_hal_rcc_ex.o
HAL_RCCEx_GetPeriphCLKFreq                        build/stm32f1xx_hal_rcc_ex.o
HAL_RCCEx_PeriphCLKConfig                         build/stm32f1xx_hal_rcc_ex.o
                                                  build/main.o
HAL_RCC_CSSCallback                               build/stm32f1xx_hal_rcc.o
HAL_RCC_ClockConfig                               build/stm32f1xx_hal_rcc.o
                                                  build/main.o
HAL_RCC_DeInit                                    build/stm32f1xx_hal_rcc.o
HAL_RCC_DisableCSS                                build/stm32f1xx_hal_rcc.o
HAL_RCC_EnableCSS                                 build/stm32f1xx_hal_rcc.o
HAL_RCC_GetClockConfig                            build/stm32f1xx_hal_rcc.o
HAL_RCC_GetHCLKFreq                               build/stm32f1xx_hal_rcc.o
HAL_RCC_GetOscConfig                              build/stm32f1xx_hal_rcc.o
HAL_RCC_GetPCLK1Freq                              build/stm32f1xx_hal_rcc.o
HAL_RCC_GetPCLK2Freq                              build/stm32f1xx_hal_rcc.o
                                                  build/stm32f1xx_hal_rcc_ex.o
HAL_RCC_GetSysClockFreq                           build/stm32f1xx_hal_rcc.o
HAL_RCC_MCOConfig                                 build/stm32f1xx_hal_rcc.o
HAL_RCC_NMI_IRQHandler                            build/stm32f1xx_hal_rcc.o
HAL_RCC_OscConfig                                 build/stm32f1xx_hal_rcc.o
                                                  build/main.o
HAL_ResumeTick                                    build/stm32f1xx_hal.o
HAL_SYSTICK_CLKSourceConfig                       build/stm32f1xx_hal_cortex.o
HAL_SYSTICK_Callback                              build/stm32f1xx_hal_cortex.o
HAL_SYSTICK_Config                                build/stm32f1xx_hal_cortex.o
                                                  build/stm32f1xx_hal.o
HAL_SYSTICK_IRQHandler                            build/stm32f1xx_hal_cortex.o
HAL_SetTickFreq                                   build/stm32f1xx_hal.o
HAL_SuspendTick                                   build/stm32f1xx_hal.o
HAL_TIMEx_BreakCallback                           build/stm32f1xx_hal_tim_ex.o
                                                  build/stm32f1xx_hal_tim.o
HAL_TIMEx_CommutCallback                          build/stm32f1xx_hal_tim_ex.o
                                                  build/stm32f1xx_hal_tim.o
HAL_TIMEx_CommutHalfCpltCallback                  build/stm32f1xx_hal_tim_ex.o
HAL_TIMEx_ConfigBreakDeadTime                     build/stm32f1xx_hal_tim_ex.o
                                                  build/tim.o
HAL_TIMEx_ConfigCommutEvent                       build/stm32f1xx_hal_tim_ex.o
HAL_TIMEx_ConfigCommutEvent_DMA                   build/stm32f1xx_hal_tim_ex.o
HAL_TIMEx_ConfigCommutEvent_IT                    build/stm32f1xx_hal_tim_ex.o
HAL_TIMEx_GetChannelNState                        build/stm32f1xx_hal_tim_ex.o
HAL_TIMEx_HallSensor_DeInit                       build/stm32f1xx_hal_tim_ex.o
HAL_TIMEx_HallSensor_GetState                     build/stm32f1xx_hal_tim_ex.o
HAL_TIMEx_HallSensor_Init                         build/stm32f1xx_hal_tim_ex.o
HAL_TIMEx_HallSensor_MspDeInit                    build/stm32f1xx_hal_tim_ex.o
HAL_TIMEx_HallSensor_MspInit                      build/stm32f1xx_hal_tim_ex.o
HAL_TIMEx_HallSensor_Start                        build/stm32f1xx_hal_tim_ex.o
HAL_TIMEx_HallSensor_Start_DMA                    build/stm32f1xx_hal_tim_ex.o
HAL_TIMEx_HallSensor_Start_IT                     build/stm32f1xx_hal_tim_ex.o
HAL_TIMEx_HallSensor_Stop                         build/stm32f1xx_hal_tim_ex.o
HAL_TIMEx_HallSensor_Stop_DMA                     build/stm32f1xx_hal_tim_ex.o
HAL_TIMEx_HallSensor_Stop_IT                      build/stm32f1xx_hal_tim_ex.o
HAL_TIMEx_MasterConfigSynchronization             build/stm32f1xx_hal_tim_ex.o
                                                  build/tim.o
HAL_TIMEx_OCN_Start                               build/stm32f1xx_hal_tim_ex.o
HAL_TIMEx_OCN_Start_DMA                           build/stm32f1xx_hal_tim_ex.o
HAL_TIMEx_OCN_Start_IT                            build/stm32f1xx_hal_tim_ex.o
HAL_TIMEx_OCN_Stop                                build/stm32f1xx_hal_tim_ex.o
HAL_TIMEx_OCN_Stop_DMA                            build/stm32f1xx_hal_tim_ex.o
HAL_TIMEx_OCN_Stop_IT                             build/stm32f1xx_hal_tim_ex.o
HAL_TIMEx_OnePulseN_Start                         build/stm32f1xx_hal_tim_ex.o
HAL_TIMEx_OnePulseN_Start_IT                      build/stm32f1xx_hal_tim_ex.o
HAL_TIMEx_OnePulseN_Stop                          build/stm32f1xx_hal_tim_ex.o
HAL_TIMEx_OnePulseN_Stop_IT                       build/stm32f1xx_hal_tim_ex.o
HAL_TIMEx_PWMN_Start                              build/stm32f1xx_hal_tim_ex.o
HAL_TIMEx_PWMN_Start_DMA                          build/stm32f1xx_hal_tim_ex.o
HAL_TIMEx_PWMN_Start_IT                           build/stm32f1xx_hal_tim_ex.o
HAL_TIMEx_PWMN_Stop                               build/stm32f1xx_hal_tim_ex.o
HAL_TIMEx_PWMN_Stop_DMA                           build/stm32f1xx_hal_tim_ex.o
HAL_TIMEx_PWMN_Stop_IT                            build/stm32f1xx_hal_tim_ex.o
HAL_TIMEx_RemapConfig                             build/stm32f1xx_hal_tim_ex.o
HAL_TIM_Base_DeInit                               build/stm32f1xx_hal_tim.o
HAL_TIM_Base_GetState                             build/stm32f1xx_hal_tim.o
HAL_TIM_Base_Init                                 build/stm32f1xx_hal_tim.o
                                                  build/tim.o
HAL_TIM_Base_MspDeInit                            build/tim.o
HAL_TIM_Base_MspInit                              build/tim.o
HAL_TIM_Base_Start                                build/stm32f1xx_hal_tim.o
HAL_TIM_Base_Start_DMA                            build/stm32f1xx_hal_tim.o
HAL_TIM_Base_Start_IT                             build/stm32f1xx_hal_tim.o
HAL_TIM_Base_Stop                                 build/stm32f1xx_hal_tim.o
HAL_TIM_Base_Stop_DMA                             build/stm32f1xx_hal_tim.o
HAL_TIM_Base_Stop_IT                              build/stm32f1xx_hal_tim.o
HAL_TIM_ConfigClockSource                         build/stm32f1xx_hal_tim.o
                                                  build/tim.o