Archive member included to satisfy reference by file (symbol)

/usr/lib/gcc/arm-none-eabi/14.1.0/../../../../arm-none-eabi/lib/thumb/v7-m/nofp/libc_nano.a(libc_a-atexit.o)
                              /usr/lib/gcc/arm-none-eabi/14.1.0/../../../../arm-none-eabi/lib/thumb/v7-m/nofp/crt0.o (atexit)
/usr/lib/gcc/arm-none-eabi/14.1.0/../../../../arm-none-eabi/lib/thumb/v7-m/nofp/libc_nano.a(libc_a-exit.o)
                              /usr/lib/gcc/arm-none-eabi/14.1.0/../../../../arm-none-eabi/lib/thumb/v7-m/nofp/crt0.o (exit)
/usr/lib/gcc/arm-none-eabi/14.1.0/../../../../arm-none-eabi/lib/thumb/v7-m/nofp/libc_nano.a(libc_a-findfp.o)
                              /usr/lib/gcc/arm-none-eabi/14.1.0/../../../../arm-none-eabi/lib/thumb/v7-m/nofp/libc_nano.a(libc_a-exit.o) (__stdio_exit_handler)
/usr/lib/gcc/arm-none-eabi/14.1.0/../../../../arm-none-eabi/lib/thumb/v7-m/nofp/libc_nano.a(libc_a-fwalk.o)
                              /usr/lib/gcc/arm-none-eabi/14.1.0/../../../../arm-none-eabi/lib/thumb/v7-m/nofp/libc_nano.a(libc_a-findfp.o) (_fwalk_sglue)
/usr/lib/gcc/arm-none-eabi/14.1.0/../../../../arm-none-eabi/lib/thumb/v7-m/nofp/libc_nano.a(libc_a-stdio.o)
                              /usr/lib/gcc/arm-none-eabi/14.1.0/../../../../arm-none-eabi/lib/thumb/v7-m/nofp/libc_nano.a(libc_a-findfp.o) (__sread)
/usr/lib/gcc/arm-none-eabi/14.1.0/../../../../arm-none-eabi/lib/thumb/v7-m/nofp/libc_nano.a(libc_a-memset.o)
                              /usr/lib/gcc/arm-none-eabi/14.1.0/../../../../arm-none-eabi/lib/thumb/v7-m/nofp/crt0.o (memset)
/usr/lib/gcc/arm-none-eabi/14.1.0/../../../../arm-none-eabi/lib/thumb/v7-m/nofp/libc_nano.a(libc_a-closer.o)
                              /usr/lib/gcc/arm-none-eabi/14.1.0/../../../../arm-none-eabi/lib/thumb/v7-m/nofp/libc_nano.a(libc_a-stdio.o) (_close_r)
/usr/lib/gcc/arm-none-eabi/14.1.0/../../../../arm-none-eabi/lib/thumb/v7-m/nofp/libc_nano.a(libc_a-reent.o)
                              /usr/lib/gcc/arm-none-eabi/14.1.0/../../../../arm-none-eabi/lib/thumb/v7-m/nofp/libc_nano.a(libc_a-closer.o) (errno)
/usr/lib/gcc/arm-none-eabi/14.1.0/../../../../arm-none-eabi/lib/thumb/v7-m/nofp/libc_nano.a(libc_a-impure.o)
                              /usr/lib/gcc/arm-none-eabi/14.1.0/../../../../arm-none-eabi/lib/thumb/v7-m/nofp/libc_nano.a(libc_a-reent.o) (_impure_ptr)
/usr/lib/gcc/arm-none-eabi/14.1.0/../../../../arm-none-eabi/lib/thumb/v7-m/nofp/libc_nano.a(libc_a-lseekr.o)
                              /usr/lib/gcc/arm-none-eabi/14.1.0/../../../../arm-none-eabi/lib/thumb/v7-m/nofp/libc_nano.a(libc_a-stdio.o) (_lseek_r)
/usr/lib/gcc/arm-none-eabi/14.1.0/../../../../arm-none-eabi/lib/thumb/v7-m/nofp/libc_nano.a(libc_a-readr.o)
                              /usr/lib/gcc/arm-none-eabi/14.1.0/../../../../arm-none-eabi/lib/thumb/v7-m/nofp/libc_nano.a(libc_a-stdio.o) (_read_r)
/usr/lib/gcc/arm-none-eabi/14.1.0/../../../../arm-none-eabi/lib/thumb/v7-m/nofp/libc_nano.a(libc_a-writer.o)
                              /usr/lib/gcc/arm-none-eabi/14.1.0/../../../../arm-none-eabi/lib/thumb/v7-m/nofp/libc_nano.a(libc_a-stdio.o) (_write_r)
/usr/lib/gcc/arm-none-eabi/14.1.0/../../../../arm-none-eabi/lib/thumb/v7-m/nofp/libc_nano.a(libc_a-errno.o)
                              build/syscalls.o (__errno)
/usr/lib/gcc/arm-none-eabi/14.1.0/../../../../arm-none-eabi/lib/thumb/v7-m/nofp/libc_nano.a(libc_a-init.o)
                              /usr/lib/gcc/arm-none-eabi/14.1.0/../../../../arm-none-eabi/lib/thumb/v7-m/nofp/crt0.o (__libc_init_array)
/usr/lib/gcc/arm-none-eabi/14.1.0/../../../../arm-none-eabi/lib/thumb/v7-m/nofp/libc_nano.a(libc_a-fini.o)
                              /usr/lib/gcc/arm-none-eabi/14.1.0/../../../../arm-none-eabi/lib/thumb/v7-m/nofp/crt0.o (__libc_fini_array)
/usr/lib/gcc/arm-none-eabi/14.1.0/../../../../arm-none-eabi/lib/thumb/v7-m/nofp/libc_nano.a(libc_a-lock.o)
                              /usr/lib/gcc/arm-none-eabi/14.1.0/../../../../arm-none-eabi/lib/thumb/v7-m/nofp/libc_nano.a(libc_a-findfp.o) (__retarget_lock_init_recursive)
/usr/lib/gcc/arm-none-eabi/14.1.0/../../../../arm-none-eabi/lib/thumb/v7-m/nofp/libc_nano.a(libc_a-__atexit.o)
                              /usr/lib/gcc/arm-none-eabi/14.1.0/../../../../arm-none-eabi/lib/thumb/v7-m/nofp/libc_nano.a(libc_a-atexit.o) (__register_exitproc)
/usr/lib/gcc/arm-none-eabi/14.1.0/../../../../arm-none-eabi/lib/thumb/v7-m/nofp/libc_nano.a(libc_a-__call_atexit.o)
                              /usr/lib/gcc/arm-none-eabi/14.1.0/../../../../arm-none-eabi/lib/thumb/v7-m/nofp/libc_nano.a(libc_a-__atexit.o) (__call_exitprocs)
/usr/lib/gcc/arm-none-eabi/14.1.0/../../../../arm-none-eabi/lib/thumb/v7-m/nofp/libc_nano.a(libc_a-freer.o)
                              /usr/lib/gcc/arm-none-eabi/14.1.0/../../../../arm-none-eabi/lib/thumb/v7-m/nofp/libc_nano.a(libc_a-reent.o) (_free_r)
/usr/lib/gcc/arm-none-eabi/14.1.0/../../../../arm-none-eabi/lib/thumb/v7-m/nofp/libc_nano.a(libc_a-mallocr.o)
[...]
Memory Configuration

Name             Origin             Length             Attributes
RAM              0x20000000         0x00005000         xrw
FLASH            0x08000000         0x00010000         xr
*default*        0x00000000         0xffffffff

Linker script and memory map

LOAD /usr/lib/gcc/arm-none-eabi/14.1.0/thumb/v7-m/nofp/crti.o
LOAD /usr/lib/gcc/arm-none-eabi/14.1.0/thumb/v7-m/nofp/crtbegin.o
LOAD /usr/lib/gcc/arm-none-eabi/14.1.0/../../../../arm-none-eabi/lib/thumb/v7-m/nofp/crt0.o
LOAD build/gpio.o
LOAD build/main.o
LOAD build/stm32f1xx_hal_msp.o
LOAD build/stm32f1xx_it.o
LOAD build/syscalls.o
LOAD build/sysmem.o
LOAD build/system_stm32f1xx.o
LOAD build/stm32f1xx_hal.o
LOAD build/stm32f1xx_hal_cortex.o
LOAD build/stm32f1xx_hal_dma.o
LOAD build/stm32f1xx_hal_exti.o
LOAD build/stm32f1xx_hal_flash.o
LOAD build/stm32f1xx_hal_flash_ex.o
LOAD build/stm32f1xx_hal_gpio.o
LOAD build/stm32f1xx_hal_gpio_ex.o
LOAD build/stm32f1xx_hal_pcd.o
LOAD build/stm32f1xx_hal_pcd_ex.o
LOAD build/stm32f1xx_hal_pwr.o
LOAD build/stm32f1xx_hal_rcc.o
LOAD build/stm32f1xx_hal_rcc_ex.o
LOAD build/stm32f1xx_hal_tim.o
LOAD build/stm32f1xx_hal_tim_ex.o
LOAD build/stm32f1xx_ll_usb.o
LOAD build/usbd_customhid.o
LOAD build/usbd_core.o
LOAD build/usbd_ctlreq.o
LOAD build/usbd_ioreq.o
LOAD build/usb_device.o
LOAD build/usbd_custom_hid_if.o
LOAD build/usbd_desc.o
LOAD build/usbd_conf.o
LOAD build/startup_stm32f103xb.o
LOAD /usr/lib/gcc/arm-none-eabi/14.1.0/../../../../arm-none-eabi/lib/thumb/v7-m/nofp/libc_nano.a
LOAD /usr/lib/gcc/arm-none-eabi/14.1.0/../../../../arm-none-eabi/lib/thumb/v7-m/nofp/libm.a
LOAD /usr/lib/gcc/arm-none-eabi/14.1.0/../../../../arm-none-eabi/lib/thumb/v7-m/nofp/libnosys.a
START GROUP
LOAD /usr/lib/gcc/arm-none-eabi/14.1.0/thumb/v7-m/nofp/libgcc.a
LOAD /usr/lib/gcc/arm-none-eabi/14.1.0/../../../../arm-none-eabi/lib/thumb/v7-m/nofp/libc_nano.a
END GROUP
START GROUP
LOAD /usr/lib/gcc/arm-none-eabi/14.1.0/thumb/v7-m/nofp/libgcc.a
LOAD /usr/lib/gcc/arm-none-eabi/14.1.0/../../../../arm-none-eabi/lib/thumb/v7-m/nofp/libc_nano.a
END GROUP
LOAD /usr/lib/gcc/arm-none-eabi/14.1.0/thumb/v7-m/nofp/crtend.o
LOAD /usr/lib/gcc/arm-none-eabi/14.1.0/thumb/v7-m/nofp/crtn.o
                0x20005000                        _estack = (ORIGIN (RAM) + LENGTH (RAM))
                0x00000200                        _Min_Heap_Size = 0x200
                0x00000400                        _Min_Stack_Size = 0x400

.isr_vector     0x08000000      0x10c
                0x08000000                        . = ALIGN (0x4)
 *(.isr_vector)
 .isr_vector    0x08000000      0x10c build/startup_stm32f103xb.o
                0x08000000                g_pfnVectors
                0x0800010c                        . = ALIGN (0x4)

.text           0x0800010c     0x3b20
                0x0800010c                        . = ALIGN (0x4)
 *(.text)
 *(.text*)
 .text.__do_global_dtors_aux
                0x0800010c       0x24 /usr/lib/gcc/arm-none-eabi/14.1.0/thumb/v7-m/nofp/crtbegin.o
 .text.frame_dummy
                0x08000130       0x1c /usr/lib/gcc/arm-none-eabi/14.1.0/thumb/v7-m/nofp/crtbegin.o
 .text.MX_GPIO_Init
                0x0800014c       0x44 build/gpio.o
                0x0800014c                MX_GPIO_Init
 .text.CUSTOM_HID_OutEvent_FS_Handler
                0x08000190        0x2 build/main.o
                0x08000190                CUSTOM_HID_OutEvent_FS_Handler
 .text.Error_Handler
                0x08000192        0x4 build/main.o
                0x08000192                Error_Handler
 .text.SystemClock_Config
                0x08000196       0x80 build/main.o
                0x08000196                SystemClock_Config
 *fill*         0x08000216        0x2 
 .text.main     0x08000218       0x3c build/main.o
                0x08000218                main
 .text.HAL_MspInit
                0x08000254       0x44 build/stm32f1xx_hal_msp.o
                0x08000254                HAL_MspInit
 .text.NMI_Handler
                0x08000298        0x2 build/stm32f1xx_it.o
                0x08000298                NMI_Handler
 .text.HardFault_Handler
                0x0800029a        0x2 build/stm32f1xx_it.o
                0x0800029a                HardFault_Handler
 .text.MemManage_Handler
                0x0800029c        0x2 build/stm32f1xx_it.o
                0x0800029c                MemManage_Handler
 .text.BusFault_Handler
                0x0800029e        0x2 build/stm32f1xx_it.o
                0x0800029e                BusFault_Handler
 .text.UsageFault_Handler
                0x080002a0        0x2 build/stm32f1xx_it.o
                0x080002a0                UsageFault_Handler
 .text.SVC_Handler
                0x080002a2        0x2 build/stm32f1xx_it.o
                0x080002a2                SVC_Handler
 .text.DebugMon_Handler
                0x080002a4        0x2 build/stm32f1xx_it.o
                0x080002a4                DebugMon_Handler
 .text.PendSV_Handler
                0x080002a6        0x2 build/stm32f1xx_it.o
                0x080002a6                PendSV_Handler
 .text.SysTick_Handler
                0x080002a8        0x8 build/stm32f1xx_it.o
                0x080002a8                SysTick_Handler
 .text.USB_LP_CAN1_RX0_IRQHandler
                0x080002b0       0x10 build/stm32f1xx_it.o
                0x080002b0                USB_LP_CAN1_RX0_IRQHandler
 .text.SystemInit
                0x080002c0        0x2 build/system_stm32f1xx.o
                0x080002c0                SystemInit
 *fill*         0x080002c2        0x2 
 .text.HAL_InitTick
                0x080002c4       0x4c build/stm32f1xx_hal.o
                0x080002c4                HAL_InitTick
 .text.HAL_Init
                0x08000310       0x24 build/stm32f1xx_hal.o
                0x08000310                HAL_Init
 .text.HAL_IncTick
                0x08000334       0x18 build/stm32f1xx_hal.o
                0x08000334                HAL_IncTick
 .text.HAL_GetTick
                0x0800034c        0xc build/stm32f1xx_hal.o
                0x0800034c                HAL_GetTick
 .text.HAL_Delay
                0x08000358       0x28 build/stm32f1xx_hal.o
                0x08000358                HAL_Delay
 .text.__NVIC_SetPriority
                0x08000380       0x28 build/stm32f1xx_hal_cortex.o
 .text.NVIC_EncodePriority
                0x080003a8       0x3e build/stm32f1xx_hal_cortex.o
 *fill*         0x080003e6        0x2 
 .text.HAL_NVIC_SetPriorityGrouping
                0x080003e8       0x24 build/stm32f1xx_hal_cortex.o
                0x080003e8                HAL_NVIC_SetPriorityGrouping
 .text.HAL_NVIC_SetPriority
                0x0800040c       0x20 build/stm32f1xx_hal_cortex.o
                0x0800040c                HAL_NVIC_SetPriority
 .text.HAL_NVIC_EnableIRQ
                0x0800042c       0x1c build/stm32f1xx_hal_cortex.o
                0x0800042c                HAL_NVIC_EnableIRQ
 .text.HAL_SYSTICK_Config
                0x08000448       0x28 build/stm32f1xx_hal_cortex.o
                0x08000448                HAL_SYSTICK_Config
 .text.HAL_PCD_EP_DB_Receive
                0x08000470      0x11c build/stm32f1xx_hal_pcd.o
 .text.HAL_PCD_Init
                0x0800058c       0xe8 build/stm32f1xx_hal_pcd.o
                0x0800058c                HAL_PCD_Init
 .text.HAL_PCD_Start
                0x08000674       0x32 build/stm32f1xx_hal_pcd.o
                0x08000674                HAL_PCD_Start
 .text.HAL_PCD_EP_DB_Transmit
                0x080006a6      0x424 build/stm32f1xx_hal_pcd.o
 .text.PCD_EP_ISR_Handler
                0x08000aca      0x554 build/stm32f1xx_hal_pcd.o
 .text.HAL_PCD_SetAddress
                0x0800101e       0x26 build/stm32f1xx_hal_pcd.o
                0x0800101e                HAL_PCD_SetAddress
 .text.HAL_PCD_IRQHandler
                0x08001044      0x1b0 build/stm32f1xx_hal_pcd.o
                0x08001044                HAL_PCD_IRQHandler
 .text.HAL_PCD_EP_Open
                0x080011f4       0x84 build/stm32f1xx_hal_pcd.o
                0x080011f4                HAL_PCD_EP_Open
 .text.HAL_PCD_EP_Close
                0x08001278       0x6c build/stm32f1xx_hal_pcd.o
                0x08001278                HAL_PCD_EP_Close
 .text.HAL_PCD_EP_Receive
                0x080012e4       0x3a build/stm32f1xx_hal_pcd.o
                0x080012e4                HAL_PCD_EP_Receive
 .text.HAL_PCD_EP_Transmit
                0x0800131e       0x4c build/stm32f1xx_hal_pcd.o
                0x0800131e                HAL_PCD_EP_Transmit
 .text.HAL_PCD_EP_SetStall
                0x0800136a       0x80 build/stm32f1xx_hal_pcd.o
                0x0800136a                HAL_PCD_EP_SetStall
 .text.HAL_PCD_EP_ClrStall
                0x080013ea       0x7e build/stm32f1xx_hal_pcd.o
                0x080013ea                HAL_PCD_EP_ClrStall
 .text.HAL_PCDEx_PMAConfig
                0x08001468       0x38 build/stm32f1xx_hal_pcd_ex.o
                0x08001468                HAL_PCDEx_PMAConfig
 .text.RCC_Delay
                0x080014a0       0x2c build/stm32f1xx_hal_rcc.o
 .text.HAL_RCC_OscConfig
                0x080014cc      0x410 build/stm32f1xx_hal_rcc.o
                0x080014cc                HAL_RCC_OscConfig
 .text.HAL_RCC_GetSysClockFreq
                0x080018dc       0x54 build/stm32f1xx_hal_rcc.o
                0x080018dc                HAL_RCC_GetSysClockFreq
 .text.HAL_RCC_ClockConfig
                0x08001930      0x16c build/stm32f1xx_hal_rcc.o
                0x08001930                HAL_RCC_ClockConfig
 .text.HAL_RCCEx_PeriphCLKConfig
                0x08001a9c      0x118 build/stm32f1xx_hal_rcc_ex.o
                0x08001a9c                HAL_RCCEx_PeriphCLKConfig
 .text.USB_CoreInit
                0x08001bb4        0xe build/stm32f1xx_ll_usb.o
                0x08001bb4                USB_CoreInit
 .text.USB_EnableGlobalInt
                0x08001bc2       0x12 build/stm32f1xx_ll_usb.o
                0x08001bc2                USB_EnableGlobalInt
 .text.USB_DisableGlobalInt
                0x08001bd4       0x14 build/stm32f1xx_ll_usb.o
                0x08001bd4                USB_DisableGlobalInt
 .text.USB_SetCurrentMode
                0x08001be8        0x4 build/stm32f1xx_ll_usb.o
                0x08001be8                USB_SetCurrentMode
 .text.USB_DevInit
                0x08001bec       0x22 build/stm32f1xx_ll_usb.o
                0x08001bec                USB_DevInit
 *fill*         0x08001c0e        0x2 
 .text.USB_ActivateEndpoint
                0x08001c10      0x3dc build/stm32f1xx_ll_usb.o
                0x08001c10                USB_ActivateEndpoint
 .text.USB_DeactivateEndpoint
                0x08001fec      0x1d6 build/stm32f1xx_ll_usb.o
                0x08001fec                USB_DeactivateEndpoint
 .text.USB_EPSetStall
                0x080021c2       0x4a build/stm32f1xx_ll_usb.o
                0x080021c2                USB_EPSetStall
 .text.USB_EPClearStall
                0x0800220c       0xa2 build/stm32f1xx_ll_usb.o
                0x0800220c                USB_EPClearStall
 .text.USB_SetDevAddress
                0x080022ae        0xc build/stm32f1xx_ll_usb.o
                0x080022ae                USB_SetDevAddress
 .text.USB_DevConnect
                0x080022ba        0x4 build/stm32f1xx_ll_usb.o
                0x080022ba                USB_DevConnect
 .text.USB_DevDisconnect
                0x080022be        0x4 build/stm32f1xx_ll_usb.o
                0x080022be                USB_DevDisconnect
 .text.USB_ReadInterrupts
                0x080022c2        0x8 build/stm32f1xx_ll_usb.o
                0x080022c2                USB_ReadInterrupts
 .text.USB_EP0_OutStart
                0x080022ca        0x4 build/stm32f1xx_ll_usb.o
                0x080022ca                USB_EP0_OutStart
 .text.USB_WritePMA
                0x080022ce       0x26 build/stm32f1xx_ll_usb.o
                0x080022ce                USB_WritePMA
 .text.USB_EPStartXfer
                0x080022f4      0x7ce build/stm32f1xx_ll_usb.o
                0x080022f4                USB_EPStartXfer
 .text.USB_ReadPMA
                0x08002ac2       0x30 build/stm32f1xx_ll_usb.o
                0x08002ac2                USB_ReadPMA
 *fill*         0x08002af2        0x2 
 .text.USBD_CUSTOM_HID_GetFSCfgDesc
                0x08002af4        0xc build/usbd_customhid.o
 .text.USBD_CUSTOM_HID_GetHSCfgDesc
                0x08002b00        0xc build/usbd_customhid.o
 .text.USBD_CUSTOM_HID_GetOtherSpeedCfgDesc
                0x08002b0c        0xc build/usbd_customhid.o
 .text.USBD_CUSTOM_HID_DataIn
                0x08002b18        0xc build/usbd_customhid.o
 .text.USBD_CUSTOM_HID_EP0_RxReady
                0x08002b24       0x20 build/usbd_customhid.o
 .text.USBD_CUSTOM_HID_GetDeviceQualifierDesc
                0x08002b44        0xc build/usbd_customhid.o
 .text.USBD_CUSTOM_HID_DataOut
                0x08002b50       0x22 build/usbd_customhid.o
 *fill*         0x08002b72        0x2 
 .text.USBD_CUSTOM_HID_Setup
                0x08002b74      0x174 build/usbd_customhid.o
 .text.USBD_CUSTOM_HID_DeInit
                0x08002ce8       0x38 build/usbd_customhid.o
 .text.USBD_CUSTOM_HID_Init
                0x08002d20       0x52 build/usbd_customhid.o
 .text.USBD_CUSTOM_HID_SendReport
                0x08002d72       0x30 build/usbd_customhid.o
                0x08002d72                USBD_CUSTOM_HID_SendReport
 .text.USBD_CUSTOM_HID_RegisterInterface
                0x08002da2        0xe build/usbd_customhid.o
                0x08002da2                USBD_CUSTOM_HID_RegisterInterface
 .text.USBD_Init
                0x08002db0       0x2e build/usbd_core.o
                0x08002db0                USBD_Init
 .text.USBD_RegisterClass
                0x08002dde        0xe build/usbd_core.o
                0x08002dde                USBD_RegisterClass
 .text.USBD_Start
                0x08002dec        0xa build/usbd_core.o
                0x08002dec                USBD_Start
 .text.USBD_SetClassConfig
                0x08002df6       0x18 build/usbd_core.o
                0x08002df6                USBD_SetClassConfig
 .text.USBD_ClrClassConfig
                0x08002e0e        0xe build/usbd_core.o
                0x08002e0e                USBD_ClrClassConfig
 .text.USBD_LL_SetupStage
                0x08002e1c       0x5a build/usbd_core.o
                0x08002e1c                USBD_LL_SetupStage
 .text.USBD_LL_DataOutStage
                0x08002e76       0x8c build/usbd_core.o
                0x08002e76                USBD_LL_DataOutStage
 .text.USBD_LL_DataInStage
                0x08002f02       0xd0 build/usbd_core.o
                0x08002f02                USBD_LL_DataInStage
 .text.USBD_LL_Reset
                0x08002fd2       0x50 build/usbd_core.o
                0x08002fd2                USBD_LL_Reset
 .text.USBD_LL_SetSpeed
                0x08003022        0x6 build/usbd_core.o
                0x08003022                USBD_LL_SetSpeed
 .text.USBD_LL_Suspend
                0x08003028       0x12 build/usbd_core.o
                0x08003028                USBD_LL_Suspend
 .text.USBD_LL_Resume
                0x0800303a       0x16 build/usbd_core.o
                0x0800303a                USBD_LL_Resume
 .text.USBD_LL_SOF
                0x08003050       0x1c build/usbd_core.o
                0x08003050                USBD_LL_SOF
 .text.USBD_GetLen
                0x0800306c       0x14 build/usbd_ctlreq.o
 .text.USBD_SetFeature
                0x08003080       0x14 build/usbd_ctlreq.o
 .text.USBD_ParseSetupRequest
                0x08003094       0x28 build/usbd_ctlreq.o
                0x08003094                USBD_ParseSetupRequest
 .text.USBD_CtlError
                0x080030bc       0x14 build/usbd_ctlreq.o
                0x080030bc                USBD_CtlError
 .text.USBD_GetDescriptor
                0x080030d0      0x1b0 build/usbd_ctlreq.o
 .text.USBD_SetAddress
                0x08003280       0x4e build/usbd_ctlreq.o
 *fill*         0x080032ce        0x2 
 .text.USBD_SetConfig
                0x080032d0       0xb0 build/usbd_ctlreq.o
 .text.USBD_GetConfig
                0x08003380       0x3e build/usbd_ctlreq.o
 .text.USBD_GetStatus
                0x080033be       0x38 build/usbd_ctlreq.o
 .text.USBD_ClrFeature
                0x080033f6       0x26 build/usbd_ctlreq.o
 .text.USBD_StdDevReq
                0x0800341c       0x88 build/usbd_ctlreq.o
                0x0800341c                USBD_StdDevReq
 .text.USBD_StdItfReq
                0x080034a4       0x60 build/usbd_ctlreq.o
                0x080034a4                USBD_StdItfReq
 .text.USBD_StdEPReq
                0x08003504      0x1e2 build/usbd_ctlreq.o
                0x08003504                USBD_StdEPReq
 .text.USBD_GetString
                0x080036e6       0x3a build/usbd_ctlreq.o
                0x080036e6                USBD_GetString
 .text.USBD_CtlSendData
                0x08003720       0x1a build/usbd_ioreq.o
                0x08003720                USBD_CtlSendData
 .text.USBD_CtlContinueSendData
                0x0800373a       0x10 build/usbd_ioreq.o
                0x0800373a                USBD_CtlContinueSendData
 .text.USBD_CtlPrepareRx
                0x0800374a       0x1e build/usbd_ioreq.o
                0x0800374a                USBD_CtlPrepareRx
 .text.USBD_CtlContinueRx
                0x08003768       0x10 build/usbd_ioreq.o
                0x08003768                USBD_CtlContinueRx
 .text.USBD_CtlSendStatus
                0x08003778       0x16 build/usbd_ioreq.o
                0x08003778                USBD_CtlSendStatus
 .text.USBD_CtlReceiveStatus
                0x0800378e       0x16 build/usbd_ioreq.o
                0x0800378e                USBD_CtlReceiveStatus
 .text.MX_USB_DEVICE_Init
                0x080037a4       0x54 build/usb_device.o
                0x080037a4                MX_USB_DEVICE_Init
 .text.CUSTOM_HID_Init_FS
                0x080037f8        0x4 build/usbd_custom_hid_if.o
 .text.CUSTOM_HID_DeInit_FS
                0x080037fc        0x4 build/usbd_custom_hid_if.o
 .text.CUSTOM_HID_OutEvent_FS
                0x08003800        0xa build/usbd_custom_hid_if.o
 *fill*         0x0800380a        0x2 
 .text.USBD_FS_DeviceDescriptor
                0x0800380c        0xc build/usbd_desc.o
                0x0800380c                USBD_FS_DeviceDescriptor
 .text.USBD_FS_LangIDStrDescriptor
                0x08003818        0xc build/usbd_desc.o
                0x08003818                USBD_FS_LangIDStrDescriptor
 .text.IntToUnicode
                0x08003824       0x46 build/usbd_desc.o
 *fill*         0x0800386a        0x2 
 .text.Get_SerialNum
                0x0800386c       0x38 build/usbd_desc.o
 .text.USBD_FS_SerialStrDescriptor
                0x080038a4       0x14 build/usbd_desc.o
                0x080038a4                USBD_FS_SerialStrDescriptor
 .text.USBD_FS_ProductStrDescriptor
                0x080038b8       0x24 build/usbd_desc.o
                0x080038b8                USBD_FS_ProductStrDescriptor
 .text.USBD_FS_ManufacturerStrDescriptor
                0x080038dc       0x1c build/usbd_desc.o
                0x080038dc                USBD_FS_ManufacturerStrDescriptor
 .text.USBD_FS_ConfigStrDescriptor
                0x080038f8       0x24 build/usbd_desc.o
                0x080038f8                USBD_FS_ConfigStrDescriptor
 .text.USBD_FS_InterfaceStrDescriptor
                0x0800391c       0x24 build/usbd_desc.o
                0x0800391c                USBD_FS_InterfaceStrDescriptor
 .text.USBD_Get_USB_Status
                0x08003940       0x20 build/usbd_conf.o
 .text.HAL_PCD_MspInit
                0x08003960       0x40 build/usbd_conf.o
                0x08003960                HAL_PCD_MspInit
 .text.HAL_PCD_SetupStageCallback
                0x080039a0       0x10 build/usbd_conf.o
                0x080039a0                HAL_PCD_SetupStageCallback
 .text.HAL_PCD_DataOutStageCallback
                0x080039b0       0x18 build/usbd_conf.o
                0x080039b0                HAL_PCD_DataOutStageCallback
 .text.HAL_PCD_DataInStageCallback
                0x080039c8       0x16 build/usbd_conf.o
                0x080039c8                HAL_PCD_DataInStageCallback
 .text.HAL_PCD_SOFCallback
                0x080039de        0xc build/usbd_conf.o
                0x080039de                HAL_PCD_SOFCallback
 .text.HAL_PCD_ResetCallback
                0x080039ea       0x24 build/usbd_conf.o
                0x080039ea                HAL_PCD_ResetCallback
 *fill*         0x08003a0e        0x2 
 .text.HAL_PCD_SuspendCallback
                0x08003a10       0x20 build/usbd_conf.o
                0x08003a10                HAL_PCD_SuspendCallback
 .text.HAL_PCD_ResumeCallback
                0x08003a30        0xc build/usbd_conf.o
                0x08003a30                HAL_PCD_ResumeCallback
 .text.USBD_LL_Init
                0x08003a3c       0x74 build/usbd_conf.o
                0x08003a3c                USBD_LL_Init
 .text.USBD_LL_Start
                0x08003ab0       0x10 build/usbd_conf.o
                0x08003ab0                USBD_LL_Start
 .text.USBD_LL_OpenEP
                0x08003ac0       0x16 build/usbd_conf.o
                0x08003ac0                USBD_LL_OpenEP
 .text.USBD_LL_CloseEP
                0x08003ad6       0x10 build/usbd_conf.o
                0x08003ad6                USBD_LL_CloseEP
 .text.USBD_LL_StallEP
                0x08003ae6       0x10 build/usbd_conf.o
                0x08003ae6                USBD_LL_StallEP
 .text.USBD_LL_ClearStallEP
                0x08003af6       0x10 build/usbd_conf.o
                0x08003af6                USBD_LL_ClearStallEP
 .text.USBD_LL_IsStallEP
                0x08003b06       0x2c build/usbd_conf.o
                0x08003b06                USBD_LL_IsStallEP
 .text.USBD_LL_SetUSBAddress
                0x08003b32       0x10 build/usbd_conf.o
                0x08003b32                USBD_LL_SetUSBAddress
 .text.USBD_LL_Transmit
                0x08003b42       0x10 build/usbd_conf.o
                0x08003b42                USBD_LL_Transmit
 .text.USBD_LL_PrepareReceive
                0x08003b52       0x10 build/usbd_conf.o
                0x08003b52                USBD_LL_PrepareReceive
 *fill*         0x08003b62        0x2 
 .text.USBD_static_malloc
                0x08003b64        0x8 build/usbd_conf.o
                0x08003b64                USBD_static_malloc
 .text.USBD_static_free
                0x08003b6c        0x2 build/usbd_conf.o
                0x08003b6c                USBD_static_free
 .text.HAL_PCDEx_SetConnectionState
                0x08003b6e        0x2 build/usbd_conf.o
                0x08003b6e                HAL_PCDEx_SetConnectionState
 .text.Reset_Handler
                0x08003b70       0x48 build/startup_stm32f103xb.o
                0x08003b70                Reset_Handler
 .text.Default_Handler
                0x08003bb8        0x2 build/startup_stm32f103xb.o
                0x08003bb8                RTC_Alarm_IRQHandler
                0x08003bb8                EXTI2_IRQHandler
                0x08003bb8                TIM1_CC_IRQHandler
                0x08003bb8                PVD_IRQHandler
                0x08003bb8                EXTI3_IRQHandler
                0x08003bb8                EXTI0_IRQHandler
                0x08003bb8                I2C2_EV_IRQHandler
                0x08003bb8                ADC1_2_IRQHandler
                0x08003bb8                SPI1_IRQHandler
                0x08003bb8                TAMPER_IRQHandler
                0x08003bb8                DMA1_Channel4_IRQHandler
                0x08003bb8                USART3_IRQHandler
                0x08003bb8                RTC_IRQHandler
                0x08003bb8                DMA1_Channel7_IRQHandler
                0x08003bb8                CAN1_RX1_IRQHandler
                0x08003bb8                TIM4_IRQHandler
                0x08003bb8                I2C1_EV_IRQHandler
                0x08003bb8                DMA1_Channel6_IRQHandler
                0x08003bb8                TIM3_IRQHandler
                0x08003bb8                RCC_IRQHandler
                0x08003bb8                TIM1_TRG_COM_IRQHandler
                0x08003bb8                DMA1_Channel1_IRQHandler
                0x08003bb8                Default_Handler
                0x08003bb8                EXTI15_10_IRQHandler
                0x08003bb8                EXTI9_5_IRQHandler
                0x08003bb8                SPI2_IRQHandler
                0x08003bb8                DMA1_Channel5_IRQHandler
                0x08003bb8                EXTI4_IRQHandler
                0x08003bb8                USB_HP_CAN1_TX_IRQHandler
                0x08003bb8                DMA1_Channel3_IRQHandler
                0x08003bb8                TIM1_UP_IRQHandler
                0x08003bb8                WWDG_IRQHandler
                0x08003bb8                TIM2_IRQHandler
                0x08003bb8                TIM1_BRK_IRQHandler
                0x08003bb8                EXTI1_IRQHandler
                0x08003bb8                USART2_IRQHandler
                0x08003bb8                I2C2_ER_IRQHandler
                0x08003bb8                DMA1_Channel2_IRQHandler
                0x08003bb8                CAN1_SCE_IRQHandler
                0x08003bb8                FLASH_IRQHandler
                0x08003bb8                USART1_IRQHandler
                0x08003bb8                I2C1_ER_IRQHandler
                0x08003bb8                USBWakeUp_IRQHandler
 .text.memset   0x08003bba       0x10 /usr/lib/gcc/arm-none-eabi/14.1.0/../../../../arm-none-eabi/lib/thumb/v7-m/nofp/libc_nano.a(libc_a-memset.o)
                0x08003bba                memset
 *fill*         0x08003bca        0x2 
 .text.__libc_init_array
                0x08003bcc       0x48 /usr/lib/gcc/arm-none-eabi/14.1.0/../../../../arm-none-eabi/lib/thumb/v7-m/nofp/libc_nano.a(libc_a-init.o)
                0x08003bcc                __libc_init_array
 *(.glue_7)
 .glue_7        0x08003c14        0x0 linker stubs
 *(.glue_7t)
 .glue_7t       0x08003c14        0x0 linker stubs
 *(.eh_frame)
 .eh_frame      0x08003c14        0x0 /usr/lib/gcc/arm-none-eabi/14.1.0/thumb/v7-m/nofp/crtbegin.o
 *(.init)
 .init          0x08003c14        0x4 /usr/lib/gcc/arm-none-eabi/14.1.0/thumb/v7-m/nofp/crti.o
                0x08003c14                _init
 .init          0x08003c18        0x8 /usr/lib/gcc/arm-none-eabi/14.1.0/thumb/v7-m/nofp/crtn.o
 *(.fini)
 .fini          0x08003c20        0x4 /usr/lib/gcc/arm-none-eabi/14.1.0/thumb/v7-m/nofp/crti.o
                0x08003c20                _fini
 .fini          0x08003c24        0x8 /usr/lib/gcc/arm-none-eabi/14.1.0/thumb/v7-m/nofp/crtn.o
                0x08003c2c                        . = ALIGN (0x4)
                0x08003c2c                        _etext = .

.vfp11_veneer   0x08003c2c        0x0
 .vfp11_veneer  0x08003c2c        0x0 linker stubs

.v4_bx          0x08003c2c        0x0
 .v4_bx         0x08003c2c        0x0 linker stubs

.iplt           0x08003c2c        0x0
 .iplt          0x08003c2c        0x0 /usr/lib/gcc/arm-none-eabi/14.1.0/thumb/v7-m/nofp/crtbegin.o

.rodata         0x08003c2c       0x6c
                0x08003c2c                        . = ALIGN (0x4)
 *(.rodata)
 *(.rodata*)
 .rodata.AHBPrescTable
                0x08003c2c       0x10 build/system_stm32f1xx.o
                0x08003c2c                AHBPrescTable
 .rodata.aPredivFactorTable.0
                0x08003c3c        0x2 build/stm32f1xx_hal_rcc.o
 *fill*         0x08003c3e        0x2 
 .rodata.aPLLMULFactorTable.1
                0x08003c40       0x10 build/stm32f1xx_hal_rcc.o
 .rodata.USBD_FS_ProductStrDescriptor.str1.4
                0x08003c50       0x45 build/usbd_desc.o
                                  0x8 (size before relaxing)
 .rodata.USBD_FS_ManufacturerStrDescriptor.str1.4
                0x08003c95       0x13 build/usbd_desc.o
 .rodata.USBD_FS_ConfigStrDescriptor.str1.4
                0x08003c95       0x12 build/usbd_desc.o
 .rodata.USBD_FS_InterfaceStrDescriptor.str1.4
                0x08003c95       0x15 build/usbd_desc.o
                0x08003cac                        . = ALIGN (0x4)
 *fill*         0x08003c95        0x3 

.rel.dyn        0x08003c98        0x0
 .rel.iplt      0x08003c98        0x0 /usr/lib/gcc/arm-none-eabi/14.1.0/thumb/v7-m/nofp/crtbegin.o

.ARM.extab
 *(.ARM.extab* .gnu.linkonce.armextab.*)

.ARM            0x08003c98        0x0
                0x08003c98                        __exidx_start = .
 *(.ARM.exidx*)
                0x08003c98                        __exidx_end = .

.preinit_array  0x08003c98        0x0
                0x08003c98                        PROVIDE (__preinit_array_start = .)
 *(.preinit_array*)
                0x08003c98                        PROVIDE (__preinit_array_end = .)

.init_array     0x08003c98        0x4
                0x08003c98                        PROVIDE (__init_array_start = .)
 *(SORT_BY_NAME(.init_array.*))
 *(.init_array*)
 .init_array    0x08003c98        0x4 /usr/lib/gcc/arm-none-eabi/14.1.0/thumb/v7-m/nofp/crtbegin.o
                0x08003c9c                        PROVIDE (__init_array_end = .)

.fini_array     0x08003c9c        0x4
                0x08003c9c                        PROVIDE (__fini_array_start = .)
 *(SORT_BY_NAME(.fini_array.*))
 *(.fini_array*)
 .fini_array    0x08003c9c        0x4 /usr/lib/gcc/arm-none-eabi/14.1.0/thumb/v7-m/nofp/crtbegin.o
                0x08003ca0                        PROVIDE (__fini_array_end = .)
                0x08003ca0                        _sidata = LOADADDR (.data)

.data           0x20000000      0x158 load address 0x08003ca0
                0x20000000                        . = ALIGN (0x4)
                0x20000000                        _sdata = .
 *(.data)
 *(.data*)
 .data.SystemCoreClock
                0x20000000        0x4 build/system_stm32f1xx.o
                0x20000000                SystemCoreClock
 .data.uwTickFreq
                0x20000004        0x1 build/stm32f1xx_hal.o
                0x20000004                uwTickFreq
 *fill*         0x20000005        0x3 
 .data.uwTickPrio
                0x20000008        0x4 build/stm32f1xx_hal.o
                0x20000008                uwTickPrio
 .data.USBD_CUSTOM_HID_DeviceQualifierDesc
                0x2000000c        0xa build/usbd_customhid.o
 *fill*         0x20000016        0x2 
 .data.USBD_CUSTOM_HID_Desc
                0x20000018        0x9 build/usbd_customhid.o
 *fill*         0x20000021        0x3 
 .data.USBD_CUSTOM_HID_OtherSpeedCfgDesc
                0x20000024       0x29 build/usbd_customhid.o
 *fill*         0x2000004d        0x3 
 .data.USBD_CUSTOM_HID_CfgHSDesc
                0x20000050       0x29 build/usbd_customhid.o
 *fill*         0x20000079        0x3 
 .data.USBD_CUSTOM_HID_CfgFSDesc
                0x2000007c       0x29 build/usbd_customhid.o
 *fill*         0x200000a5        0x3 
 .data.USBD_CUSTOM_HID
                0x200000a8       0x38 build/usbd_customhid.o
                0x200000a8                USBD_CUSTOM_HID
 .data.USBD_CustomHID_fops_FS
                0x200000e0       0x10 build/usbd_custom_hid_if.o
                0x200000e0                USBD_CustomHID_fops_FS
 .data.CUSTOM_HID_ReportDesc_FS
                0x200000f0       0x18 build/usbd_custom_hid_if.o
 .data.USBD_StringSerial
                0x20000108       0x1a build/usbd_desc.o
                0x20000108                USBD_StringSerial
 *fill*         0x20000122        0x2 
 .data.USBD_LangIDDesc
                0x20000124        0x4 build/usbd_desc.o
                0x20000124                USBD_LangIDDesc
 .data.USBD_FS_DeviceDesc
                0x20000128       0x12 build/usbd_desc.o
                0x20000128                USBD_FS_DeviceDesc
 *fill*         0x2000013a        0x2 
 .data.FS_Desc  0x2000013c       0x1c build/usbd_desc.o
                0x2000013c                FS_Desc
                0x20000158                        . = ALIGN (0x4)
                0x20000158                        _edata = .

.igot.plt       0x20000158        0x0 load address 0x08003df8
 .igot.plt      0x20000158        0x0 /usr/lib/gcc/arm-none-eabi/14.1.0/thumb/v7-m/nofp/crtbegin.o
                0x20000158                        . = ALIGN (0x4)

.bss            0x20000158      0x858 load address 0x08003df8
                0x20000158                        _sbss = .
                0x20000158                        __bss_start__ = _sbss
 *(.bss)
 *(.bss*)
 .bss.completed.1
                0x20000158        0x1 /usr/lib/gcc/arm-none-eabi/14.1.0/thumb/v7-m/nofp/crtbegin.o
 *fill*         0x20000159        0x3 
 .bss.object.0  0x2000015c       0x18 /usr/lib/gcc/arm-none-eabi/14.1.0/thumb/v7-m/nofp/crtbegin.o
 .bss.output_buffer
                0x20000174       0x40 build/main.o
                0x20000174                output_buffer
 .bss.uwTick    0x200001b4        0x4 build/stm32f1xx_hal.o
                0x200001b4                uwTick
 .bss.cfgidx.0  0x200001b8        0x1 build/usbd_ctlreq.o
 *fill*         0x200001b9        0x3 
 .bss.hUsbDeviceFS
                0x200001bc      0x2c4 build/usb_device.o
                0x200001bc                hUsbDeviceFS
 .bss.USBD_StrDesc
                0x20000480      0x200 build/usbd_desc.o
                0x20000480                USBD_StrDesc
 .bss.mem.0     0x20000680       0x58 build/usbd_conf.o
 .bss.hpcd_USB_FS
                0x200006d8      0x2d8 build/usbd_conf.o
                0x200006d8                hpcd_USB_FS
 *(COMMON)
                0x200009b0                        . = ALIGN (0x4)
                0x200009b0                        _ebss = .
                0x200009b0                        __bss_end__ = _ebss

._user_heap_stack
                0x200009b0      0x600 load address 0x08003df8
                0x200009b0                        . = ALIGN (0x8)
                [!provide]                        PROVIDE (end = .)
                0x200009b0                        PROVIDE (_end = .)
                0x20000bb0                        . = (. + _Min_Heap_Size)
 *fill*         0x200009b0      0x200 
                0x20000fb0                        . = (. + _Min_Stack_Size)
 *fill*         0x20000bb0      0x400 
                0x20000fb0                        . = ALIGN (0x8)

/DISCARD/
 libc.a(*)
 libm.a(*)
 libgcc.a(*)

.ARM.attributes
                0x00000000       0x29
 *(.ARM.attributes)
 .ARM.attributes
                0x00000000       0x1d /usr/lib/gcc/arm-none-eabi/14.1.0/thumb/v7-m/nofp/crti.o
 .ARM.attributes
                0x0000001d       0x2d /usr/lib/gcc/arm-none-eabi/14.1.0/thumb/v7-m/nofp/crtbegin.o
 .ARM.attributes
                0x0000004a       0x2d build/gpio.o
 .ARM.attributes
                0x00000077       0x2d build/main.o
 .ARM.attributes
                0x000000a4       0x2d build/stm32f1xx_hal_msp.o
 .ARM.attributes
                0x000000d1       0x2d build/stm32f1xx_it.o
 .ARM.attributes
                0x000000fe       0x2d build/system_stm32f1xx.o
 .ARM.attributes
                0x0000012b       0x2d build/stm32f1xx_hal.o
 .ARM.attributes
                0x00000158       0x2d build/stm32f1xx_hal_cortex.o
 .ARM.attributes
                0x00000185       0x2d build/stm32f1xx_hal_pcd.o
 .ARM.attributes
                0x000001b2       0x2d build/stm32f1xx_hal_pcd_ex.o
 .ARM.attributes
                0x000001df       0x2d build/stm32f1xx_hal_rcc.o
 .ARM.attributes
                0x0000020c       0x2d build/stm32f1xx_hal_rcc_ex.o
 .ARM.attributes
                0x00000239       0x2d build/stm32f1xx_ll_usb.o
 .ARM.attributes
                0x00000266       0x2d build/usbd_customhid.o
 .ARM.attributes
                0x00000293       0x2d build/usbd_core.o
 .ARM.attributes
                0x000002c0       0x2d build/usbd_ctlreq.o
 .ARM.attributes
                0x000002ed       0x2d build/usbd_ioreq.o
 .ARM.attributes
                0x0000031a       0x2d build/usb_device.o
 .ARM.attributes
                0x00000347       0x2d build/usbd_custom_hid_if.o
 .ARM.attributes
                0x00000374       0x2d build/usbd_desc.o
 .ARM.attributes
                0x000003a1       0x2d build/usbd_conf.o
 .ARM.attributes
                0x000003ce       0x21 build/startup_stm32f103xb.o
 .ARM.attributes
                0x000003ef       0x2d /usr/lib/gcc/arm-none-eabi/14.1.0/../../../../arm-none-eabi/lib/thumb/v7-m/nofp/libc_nano.a(libc_a-memset.o)
 .ARM.attributes
                0x0000041c       0x2d /usr/lib/gcc/arm-none-eabi/14.1.0/../../../../arm-none-eabi/lib/thumb/v7-m/nofp/libc_nano.a(libc_a-init.o)
 .ARM.attributes
                0x00000449       0x1d /usr/lib/gcc/arm-none-eabi/14.1.0/thumb/v7-m/nofp/crtn.o
OUTPUT(build/usbhid-test-fw.elf elf32-littlearm)
LOAD linker stubs
LOAD /usr/lib/gcc/arm-none-eabi/14.1.0/../../../../arm-none-eabi/lib/thumb/v7-m/nofp/libc.a
LOAD /usr/lib/gcc/arm-none-eabi/14.1.0/../../../../arm-none-eabi/lib/thumb/v7-m/nofp/libm.a
LOAD /usr/lib/gcc/arm-none-eabi/14.1.0/thumb/v7-m/nofp/libgcc.a

.debug_info     0x00000000     0xd714
 .debug_info    0x00000000      0x180 build/gpio.o
 .debug_info    0x00000180      0x8a8 build/main.o
 .debug_info    0x00000a28      0x1f4 build/stm32f1xx_hal_msp.o
 .debug_info    0x00000c1c      0x61a build/stm32f1xx_it.o
 .debug_info    0x00001236      0x22d build/system_stm32f1xx.o
 .debug_info    0x00001463      0x7a2 build/stm32f1xx_hal.o
 .debug_info    0x00001c05      0xcd9 build/stm32f1xx_hal_cortex.o
 .debug_info    0x000028de     0x1cbc build/stm32f1xx_hal_pcd.o
 .debug_info    0x0000459a      0x6d2 build/stm32f1xx_hal_pcd_ex.o
 .debug_info    0x00004c6c      0x9c7 build/stm32f1xx_hal_rcc.o
 .debug_info    0x00005633      0x420 build/stm32f1xx_hal_rcc_ex.o
 .debug_info    0x00005a53     0x1b1a build/stm32f1xx_ll_usb.o
 .debug_info    0x0000756d      0xd29 build/usbd_customhid.o
 .debug_info    0x00008296      0xdf2 build/usbd_core.o
 .debug_info    0x00009088     0x10a5 build/usbd_ctlreq.o
 .debug_info    0x0000a12d      0x834 build/usbd_ioreq.o
 .debug_info    0x0000a961      0x697 build/usb_device.o
 .debug_info    0x0000aff8      0x1f6 build/usbd_custom_hid_if.o
 .debug_info    0x0000b1ee      0x5ce build/usbd_desc.o
 .debug_info    0x0000b7bc     0x1d3d build/usbd_conf.o
 .debug_info    0x0000d4f9       0x30 build/startup_stm32f103xb.o
 .debug_info    0x0000d529       0xe0 /usr/lib/gcc/arm-none-eabi/14.1.0/../../../../arm-none-eabi/lib/thumb/v7-m/nofp/libc_nano.a(libc_a-memset.o)
 .debug_info    0x0000d609      0x10b /usr/lib/gcc/arm-none-eabi/14.1.0/../../../../arm-none-eabi/lib/thumb/v7-m/nofp/libc_nano.a(libc_a-init.o)

.debug_abbrev   0x00000000     0x2bd6
 .debug_abbrev  0x00000000       0xc4 build/gpio.o
 .debug_abbrev  0x000000c4      0x2a7 build/main.o
 .debug_abbrev  0x0000036b       0xed build/stm32f1xx_hal_msp.o
 .debug_abbrev  0x00000458      0x19b build/stm32f1xx_it.o
 .debug_abbrev  0x000005f3      0x143 build/system_stm32f1xx.o
 .debug_abbrev  0x00000736      0x22d build/stm32f1xx_hal.o
 .debug_abbrev  0x00000963      0x36d build/stm32f1xx_hal_cortex.o
 .debug_abbrev  0x00000cd0      0x311 build/stm32f1xx_hal_pcd.o
 .debug_abbrev  0x00000fe1      0x19f build/stm32f1xx_hal_pcd_ex.o
 .debug_abbrev  0x00001180      0x2a0 build/stm32f1xx_hal_rcc.o
 .debug_abbrev  0x00001420      0x1d8 build/stm32f1xx_hal_rcc_ex.o
 .debug_abbrev  0x000015f8      0x233 build/stm32f1xx_ll_usb.o
 .debug_abbrev  0x0000182b      0x2b8 build/usbd_customhid.o
 .debug_abbrev  0x00001ae3      0x289 build/usbd_core.o
 .debug_abbrev  0x00001d6c      0x2eb build/usbd_ctlreq.o
 .debug_abbrev  0x00002057      0x1a8 build/usbd_ioreq.o
 .debug_abbrev  0x000021ff      0x1a8 build/usb_device.o
 .debug_abbrev  0x000023a7      0x156 build/usbd_custom_hid_if.o
 .debug_abbrev  0x000024fd      0x220 build/usbd_desc.o
 .debug_abbrev  0x0000271d      0x32e build/usbd_conf.o
 .debug_abbrev  0x00002a4b       0x24 build/startup_stm32f103xb.o
 .debug_abbrev  0x00002a6f       0x9e /usr/lib/gcc/arm-none-eabi/14.1.0/../../../../arm-none-eabi/lib/thumb/v7-m/nofp/libc_nano.a(libc_a-memset.o)
 .debug_abbrev  0x00002b0d       0xc9 /usr/lib/gcc/arm-none-eabi/14.1.0/../../../../arm-none-eabi/lib/thumb/v7-m/nofp/libc_nano.a(libc_a-init.o)

.debug_aranges  0x00000000      0xa10
 .debug_aranges
                0x00000000       0x20 build/gpio.o
 .debug_aranges
                0x00000020       0x38 build/main.o
 .debug_aranges
                0x00000058       0x20 build/stm32f1xx_hal_msp.o
 .debug_aranges
                0x00000078       0x68 build/stm32f1xx_it.o
 .debug_aranges
                0x000000e0       0x28 build/system_stm32f1xx.o
 .debug_aranges
                0x00000108       0xe0 build/stm32f1xx_hal.o
 .debug_aranges
                0x000001e8       0xc0 build/stm32f1xx_hal_cortex.o
 .debug_aranges
                0x000002a8      0x140 build/stm32f1xx_hal_pcd.o
 .debug_aranges
                0x000003e8       0x38 build/stm32f1xx_hal_pcd_ex.o
 .debug_aranges
                0x00000420       0x90 build/stm32f1xx_hal_rcc.o
 .debug_aranges
                0x000004b0       0x30 build/stm32f1xx_hal_rcc_ex.o
 .debug_aranges
                0x000004e0       0xf8 build/stm32f1xx_ll_usb.o
 .debug_aranges
                0x000005d8       0x78 build/usbd_customhid.o
 .debug_aranges
                0x00000650       0xb8 build/usbd_core.o
 .debug_aranges
                0x00000708       0x88 build/usbd_ctlreq.o
 .debug_aranges
                0x00000790       0x50 build/usbd_ioreq.o
 .debug_aranges
                0x000007e0       0x20 build/usb_device.o
 .debug_aranges
                0x00000800       0x30 build/usbd_custom_hid_if.o
 .debug_aranges
                0x00000830       0x60 build/usbd_desc.o
 .debug_aranges
                0x00000890      0x118 build/usbd_conf.o
 .debug_aranges
                0x000009a8       0x28 build/startup_stm32f103xb.o
 .debug_aranges
                0x000009d0       0x20 /usr/lib/gcc/arm-none-eabi/14.1.0/../../../../arm-none-eabi/lib/thumb/v7-m/nofp/libc_nano.a(libc_a-memset.o)
 .debug_aranges
                0x000009f0       0x20 /usr/lib/gcc/arm-none-eabi/14.1.0/../../../../arm-none-eabi/lib/thumb/v7-m/nofp/libc_nano.a(libc_a-init.o)

.debug_rnglists
                0x00000000      0x929
 .debug_rnglists
                0x00000000       0x13 build/gpio.o
 .debug_rnglists
                0x00000013       0x26 build/main.o
 .debug_rnglists
                0x00000039       0x13 build/stm32f1xx_hal_msp.o
 .debug_rnglists
                0x0000004c       0x49 build/stm32f1xx_it.o
 .debug_rnglists
                0x00000095       0x1a build/system_stm32f1xx.o
 .debug_rnglists
                0x000000af       0xa3 build/stm32f1xx_hal.o
 .debug_rnglists
                0x00000152       0x8b build/stm32f1xx_hal_cortex.o
 .debug_rnglists
                0x000001dd      0x186 build/stm32f1xx_hal_pcd.o
 .debug_rnglists
                0x00000363       0x25 build/stm32f1xx_hal_pcd_ex.o
 .debug_rnglists
                0x00000388       0x7d build/stm32f1xx_hal_rcc.o
 .debug_rnglists
                0x00000405       0x2f build/stm32f1xx_hal_rcc_ex.o
 .debug_rnglists
                0x00000434      0x1fb build/stm32f1xx_ll_usb.o
 .debug_rnglists
                0x0000062f       0x56 build/usbd_customhid.o
 .debug_rnglists
                0x00000685       0x87 build/usbd_core.o
 .debug_rnglists
                0x0000070c       0x65 build/usbd_ctlreq.o
 .debug_rnglists
                0x00000771       0x37 build/usbd_ioreq.o
 .debug_rnglists
                0x000007a8       0x13 build/usb_device.o
 .debug_rnglists
                0x000007bb       0x1f build/usbd_custom_hid_if.o
 .debug_rnglists
                0x000007da       0x43 build/usbd_desc.o
 .debug_rnglists
                0x0000081d       0xcd build/usbd_conf.o
 .debug_rnglists
                0x000008ea       0x19 build/startup_stm32f103xb.o
 .debug_rnglists
                0x00000903       0x13 /usr/lib/gcc/arm-none-eabi/14.1.0/../../../../arm-none-eabi/lib/thumb/v7-m/nofp/libc_nano.a(libc_a-memset.o)
 .debug_rnglists
                0x00000916       0x13 /usr/lib/gcc/arm-none-eabi/14.1.0/../../../../arm-none-eabi/lib/thumb/v7-m/nofp/libc_nano.a(libc_a-init.o)

.debug_line     0x00000000     0x7e5c
 .debug_line    0x00000000       0xf7 build/gpio.o
 .debug_line    0x000000f7      0x368 build/main.o
 .debug_line    0x0000045f      0x105 build/stm32f1xx_hal_msp.o
 .debug_line    0x00000564      0x238 build/stm32f1xx_it.o
 .debug_line    0x0000079c      0x1cd build/system_stm32f1xx.o
 .debug_line    0x00000969      0x4b6 build/stm32f1xx_hal.o
 .debug_line    0x00000e1f      0x62f build/stm32f1xx_hal_cortex.o
 .debug_line    0x0000144e     0x1776 build/stm32f1xx_hal_pcd.o
 .debug_line    0x00002bc4      0x21b build/stm32f1xx_hal_pcd_ex.o
 .debug_line    0x00002ddf      0xc40 build/stm32f1xx_hal_rcc.o
 .debug_line    0x00003a1f      0x431 build/stm32f1xx_hal_rcc_ex.o
 .debug_line    0x00003e50     0x16e8 build/stm32f1xx_ll_usb.o
 .debug_line    0x00005538      0x59b build/usbd_customhid.o
 .debug_line    0x00005ad3      0x6a1 build/usbd_core.o
 .debug_line    0x00006174      0xa6f build/usbd_ctlreq.o
 .debug_line    0x00006be3      0x22c build/usbd_ioreq.o
 .debug_line    0x00006e0f      0x1d4 build/usb_device.o
 .debug_line    0x00006fe3      0x1b0 build/usbd_custom_hid_if.o
 .debug_line    0x00007193      0x2dc build/usbd_desc.o
 .debug_line    0x0000746f      0x744 build/usbd_conf.o
 .debug_line    0x00007bb3       0x74 build/startup_stm32f103xb.o
 .debug_line    0x00007c27      0x123 /usr/lib/gcc/arm-none-eabi/14.1.0/../../../../arm-none-eabi/lib/thumb/v7-m/nofp/libc_nano.a(libc_a-memset.o)
 .debug_line    0x00007d4a      0x112 /usr/lib/gcc/arm-none-eabi/14.1.0/../../../../arm-none-eabi/lib/thumb/v7-m/nofp/libc_nano.a(libc_a-init.o)

.debug_str      0x00000000     0x2d77
 .debug_str     0x00000000     0x2d77 build/gpio.o
                                0x1bf (size before relaxing)
 .debug_str     0x00002d77      0x7f2 build/main.o
 .debug_str     0x00002d77      0x1f9 build/stm32f1xx_hal_msp.o
 .debug_str     0x00002d77      0x5c6 build/stm32f1xx_it.o
 .debug_str     0x00002d77      0x22e build/system_stm32f1xx.o
 .debug_str     0x00002d77      0x808 build/stm32f1xx_hal.o
 .debug_str     0x00002d77      0x8ad build/stm32f1xx_hal_cortex.o
 .debug_str     0x00002d77      0xafd build/stm32f1xx_hal_pcd.o
 .debug_str     0x00002d77      0x6ad build/stm32f1xx_hal_pcd_ex.o
 .debug_str     0x00002d77      0x605 build/stm32f1xx_hal_rcc.o
 .debug_str     0x00002d77      0x3ad build/stm32f1xx_hal_rcc_ex.o
 .debug_str     0x00002d77      0x6ff build/stm32f1xx_ll_usb.o
 .debug_str     0x00002d77      0x937 build/usbd_customhid.o
 .debug_str     0x00002d77      0x80b build/usbd_core.o
 .debug_str     0x00002d77      0x725 build/usbd_ctlreq.o
 .debug_str     0x00002d77      0x652 build/usbd_ioreq.o
 .debug_str     0x00002d77      0x650 build/usb_device.o
 .debug_str     0x00002d77      0x291 build/usbd_custom_hid_if.o
 .debug_str     0x00002d77      0x42b build/usbd_desc.o
 .debug_str     0x00002d77     0x118b build/usbd_conf.o
 .debug_str     0x00002d77       0x68 build/startup_stm32f103xb.o
 .debug_str     0x00002d77      0x1b7 /usr/lib/gcc/arm-none-eabi/14.1.0/../../../../arm-none-eabi/lib/thumb/v7-m/nofp/libc_nano.a(libc_a-memset.o)
 .debug_str     0x00002d77      0x218 /usr/lib/gcc/arm-none-eabi/14.1.0/../../../../arm-none-eabi/lib/thumb/v7-m/nofp/libc_nano.a(libc_a-init.o)

.comment        0x00000000       0x3c
 .comment       0x00000000       0x3c build/gpio.o
                                 0x1f (size before relaxing)
 .comment       0x0000003c       0x1f build/main.o
 .comment       0x0000003c       0x1f build/stm32f1xx_hal_msp.o
 .comment       0x0000003c       0x1f build/stm32f1xx_it.o
 .comment       0x0000003c       0x1f build/system_stm32f1xx.o
 .comment       0x0000003c       0x1f build/stm32f1xx_hal.o
 .comment       0x0000003c       0x1f build/stm32f1xx_hal_cortex.o
 .comment       0x0000003c       0x1f build/stm32f1xx_hal_pcd.o
 .comment       0x0000003c       0x1f build/stm32f1xx_hal_pcd_ex.o
 .comment       0x0000003c       0x1f build/stm32f1xx_hal_rcc.o
 .comment       0x0000003c       0x1f build/stm32f1xx_hal_rcc_ex.o
 .comment       0x0000003c       0x1f build/stm32f1xx_ll_usb.o
 .comment       0x0000003c       0x1f build/usbd_customhid.o
 .comment       0x0000003c       0x1f build/usbd_core.o
 .comment       0x0000003c       0x1f build/usbd_ctlreq.o
 .comment       0x0000003c       0x1f build/usbd_ioreq.o
 .comment       0x0000003c       0x1f build/usb_device.o
 .comment       0x0000003c       0x1f build/usbd_custom_hid_if.o
 .comment       0x0000003c       0x1f build/usbd_desc.o
 .comment       0x0000003c       0x1f build/usbd_conf.o
 .comment       0x0000003c       0x1f /usr/lib/gcc/arm-none-eabi/14.1.0/../../../../arm-none-eabi/lib/thumb/v7-m/nofp/libc_nano.a(libc_a-memset.o)
 .comment       0x0000003c       0x1f /usr/lib/gcc/arm-none-eabi/14.1.0/../../../../arm-none-eabi/lib/thumb/v7-m/nofp/libc_nano.a(libc_a-init.o)

.debug_frame    0x00000000     0x1634
 .debug_frame   0x00000000       0x28 build/gpio.o
 .debug_frame   0x00000028       0x68 build/main.o
 .debug_frame   0x00000090       0x28 build/stm32f1xx_hal_msp.o
 .debug_frame   0x000000b8       0xc0 build/stm32f1xx_it.o
 .debug_frame   0x00000178       0x30 build/system_stm32f1xx.o
 .debug_frame   0x000001a8      0x1cc build/stm32f1xx_hal.o
 .debug_frame   0x00000374      0x19c build/stm32f1xx_hal_cortex.o
 .debug_frame   0x00000510      0x358 build/stm32f1xx_hal_pcd.o
 .debug_frame   0x00000868       0x50 build/stm32f1xx_hal_pcd_ex.o
 .debug_frame   0x000008b8      0x184 build/stm32f1xx_hal_rcc.o
 .debug_frame   0x00000a3c       0x60 build/stm32f1xx_hal_rcc_ex.o
 .debug_frame   0x00000a9c      0x200 build/stm32f1xx_ll_usb.o
 .debug_frame   0x00000c9c      0x11c build/usbd_customhid.o
 .debug_frame   0x00000db8      0x1c4 build/usbd_core.o
 .debug_frame   0x00000f7c      0x178 build/usbd_ctlreq.o
 .debug_frame   0x000010f4       0xb8 build/usbd_ioreq.o
 .debug_frame   0x000011ac       0x28 build/usb_device.o
 .debug_frame   0x000011d4       0x48 build/usbd_custom_hid_if.o
 .debug_frame   0x0000121c       0xe0 build/usbd_desc.o
 .debug_frame   0x000012fc      0x2ec build/usbd_conf.o
 .debug_frame   0x000015e8       0x20 /usr/lib/gcc/arm-none-eabi/14.1.0/../../../../arm-none-eabi/lib/thumb/v7-m/nofp/libc_nano.a(libc_a-memset.o)
 .debug_frame   0x00001608       0x2c /usr/lib/gcc/arm-none-eabi/14.1.0/../../../../arm-none-eabi/lib/thumb/v7-m/nofp/libc_nano.a(libc_a-init.o)

.debug_loclists
                0x00000000     0x5839
 .debug_loclists
                0x00000000       0x35 build/main.o
 .debug_loclists
                0x00000035       0x17 build/stm32f1xx_hal_msp.o
 .debug_loclists
                0x0000004c       0xb7 build/system_stm32f1xx.o
 .debug_loclists
                0x00000103       0xe1 build/stm32f1xx_hal.o
 .debug_loclists
                0x000001e4      0x530 build/stm32f1xx_hal_cortex.o
 .debug_loclists
                0x00000714      0xf0e build/stm32f1xx_hal_pcd.o
 .debug_loclists
                0x00001622       0xf0 build/stm32f1xx_hal_pcd_ex.o
 .debug_loclists
                0x00001712      0x42e build/stm32f1xx_hal_rcc.o
 .debug_loclists
                0x00001b40      0x2ca build/stm32f1xx_hal_rcc_ex.o
 .debug_loclists
                0x00001e0a     0x10a8 build/stm32f1xx_ll_usb.o
 .debug_loclists
                0x00002eb2      0x69e build/usbd_customhid.o
 .debug_loclists
                0x00003550      0x695 build/usbd_core.o
 .debug_loclists
                0x00003be5      0xea5 build/usbd_ctlreq.o
 .debug_loclists
                0x00004a8a      0x214 build/usbd_ioreq.o
 .debug_loclists
                0x00004c9e       0x29 build/usbd_custom_hid_if.o
 .debug_loclists
                0x00004cc7      0x299 build/usbd_desc.o
 .debug_loclists
                0x00004f60      0x86a build/usbd_conf.o
 .debug_loclists
                0x000057ca       0x3b /usr/lib/gcc/arm-none-eabi/14.1.0/../../../../arm-none-eabi/lib/thumb/v7-m/nofp/libc_nano.a(libc_a-memset.o)
 .debug_loclists
                0x00005805       0x34 /usr/lib/gcc/arm-none-eabi/14.1.0/../../../../arm-none-eabi/lib/thumb/v7-m/nofp/libc_nano.a(libc_a-init.o)

.debug_line_str
                0x00000000       0x4e
 .debug_line_str
                0x00000000       0x4e build/startup_stm32f103xb.o

Cross Reference Table

Symbol                                            File
ADC1_2_IRQHandler                                 build/startup_stm32f103xb.o
AHBPrescTable                                     build/system_stm32f1xx.o
                                                  build/stm32f1xx_hal_rcc.o
APBPrescTable                                     build/system_stm32f1xx.o
                                                  build/stm32f1xx_hal_rcc.o
BusFault_Handler                                  build/stm32f1xx_it.o
CAN1_RX1_IRQHandler                               build/startup_stm32f103xb.o
CAN1_SCE_IRQHandler                               build/startup_stm32f103xb.o
CUSTOM_HID_OutEvent_FS_Handler                    build/main.o
                                                  build/usbd_custom_hid_if.o
DMA1_Channel1_IRQHandler                          build/startup_stm32f103xb.o
DMA1_Channel2_IRQHandler                          build/startup_stm32f103xb.o
DMA1_Channel3_IRQHandler                          build/startup_stm32f103xb.o
DMA1_Channel4_IRQHandler                          build/startup_stm32f103xb.o
DMA1_Channel5_IRQHandler                          build/startup_stm32f103xb.o
DMA1_Channel6_IRQHandler                          build/startup_stm32f103xb.o
DMA1_Channel7_IRQHandler                          build/startup_stm32f103xb.o
DebugMon_Handler                                  build/stm32f1xx_it.o
Default_Handler                                   build/startup_stm32f103xb.o
EXTI0_IRQHandler                                  build/startup_stm32f103xb.o
EXTI15_10_IRQHandler                              build/startup_stm32f103xb.o
EXTI1_IRQHandler                                  build/startup_stm32f103xb.o
EXTI2_IRQHandler                                  build/startup_stm32f103xb.o
EXTI3_IRQHandler                                  build/startup_stm32f103xb.o
EXTI4_IRQHandler                                  build/startup_stm32f103xb.o
EXTI9_5_IRQHandler                                build/startup_stm32f103xb.o
Error_Handler                                     build/main.o
                                                  build/usbd_conf.o
                                                  build/usb_device.o
FLASH_IRQHandler                                  build/startup_stm32f103xb.o
FLASH_PageErase                                   build/stm32f1xx_hal_flash_ex.o
                                                  build/stm32f1xx_hal_flash.o
FLASH_WaitForLastOperation                        build/stm32f1xx_hal_flash.o
                                                  build/stm32f1xx_hal_flash_ex.o
FS_Desc                                           build/usbd_desc.o
                                                  build/usb_device.o
HAL_DBGMCU_DisableDBGSleepMode                    build/stm32f1xx_hal.o
HAL_DBGMCU_DisableDBGStandbyMode                  build/stm32f1xx_hal.o
HAL_DBGMCU_DisableDBGStopMode                     build/stm32f1xx_hal.o
HAL_DBGMCU_EnableDBGSleepMode                     build/stm32f1xx_hal.o
HAL_DBGMCU_EnableDBGStandbyMode                   build/stm32f1xx_hal.o
HAL_DBGMCU_EnableDBGStopMode                      build/stm32f1xx_hal.o
HAL_DMA_Abort                                     build/stm32f1xx_hal_dma.o
HAL_DMA_Abort_IT                                  build/stm32f1xx_hal_dma.o
HAL_DMA_DeInit                                    build/stm32f1xx_hal_dma.o
HAL_DMA_GetError                                  build/stm32f1xx_hal_dma.o
HAL_DMA_GetState                                  build/stm32f1xx_hal_dma.o
HAL_DMA_IRQHandler                                build/stm32f1xx_hal_dma.o
HAL_DMA_Init                                      build/stm32f1xx_hal_dma.o
HAL_DMA_PollForTransfer                           build/stm32f1xx_hal_dma.o
HAL_DMA_RegisterCallback                          build/stm32f1xx_hal_dma.o
HAL_DMA_Start                                     build/stm32f1xx_hal_dma.o
HAL_DMA_Start_IT                                  build/stm32f1xx_hal_dma.o
HAL_DMA_UnRegisterCallback                        build/stm32f1xx_hal_dma.o
HAL_DeInit                                        build/stm32f1xx_hal.o
HAL_Delay                                         build/stm32f1xx_hal.o
                                                  build/usbd_conf.o
                                                  build/main.o
HAL_EXTI_ClearConfigLine                          build/stm32f1xx_hal_exti.o
HAL_EXTI_ClearPending                             build/stm32f1xx_hal_exti.o
HAL_EXTI_GenerateSWI                              build/stm32f1xx_hal_exti.o
HAL_EXTI_GetConfigLine                            build/stm32f1xx_hal_exti.o
HAL_EXTI_GetHandle                                build/stm32f1xx_hal_exti.o
HAL_EXTI_GetPending                               build/stm32f1xx_hal_exti.o
HAL_EXTI_IRQHandler                               build/stm32f1xx_hal_exti.o
HAL_EXTI_RegisterCallback                         build/stm32f1xx_hal_exti.o
HAL_EXTI_SetConfigLine                            build/stm32f1xx_hal_exti.o
HAL_FLASHEx_Erase                                 build/stm32f1xx_hal_flash_ex.o
HAL_FLASHEx_Erase_IT                              build/stm32f1xx_hal_flash_ex.o
HAL_FLASHEx_OBErase                               build/stm32f1xx_hal_flash_ex.o
HAL_FLASHEx_OBGetConfig                           build/stm32f1xx_hal_flash_ex.o
HAL_FLASHEx_OBGetUserData                         build/stm32f1xx_hal_flash_ex.o
HAL_FLASHEx_OBProgram                             build/stm32f1xx_hal_flash_ex.o
HAL_FLASH_EndOfOperationCallback                  build/stm32f1xx_hal_flash.o
HAL_FLASH_GetError                                build/stm32f1xx_hal_flash.o
HAL_FLASH_IRQHandler                              build/stm32f1xx_hal_flash.o
HAL_FLASH_Lock                                    build/stm32f1xx_hal_flash.o
HAL_FLASH_OB_Launch                               build/stm32f1xx_hal_flash.o
HAL_FLASH_OB_Lock                                 build/stm32f1xx_hal_flash.o
HAL_FLASH_OB_Unlock                               build/stm32f1xx_hal_flash.o
HAL_FLASH_OperationErrorCallback                  build/stm32f1xx_hal_flash.o
HAL_FLASH_Program                                 build/stm32f1xx_hal_flash.o
HAL_FLASH_Program_IT                              build/stm32f1xx_hal_flash.o
HAL_FLASH_Unlock                                  build/stm32f1xx_hal_flash.o
HAL_GPIOEx_ConfigEventout                         build/stm32f1xx_hal_gpio_ex.o
HAL_GPIOEx_DisableEventout                        build/stm32f1xx_hal_gpio_ex.o
HAL_GPIOEx_EnableEventout                         build/stm32f1xx_hal_gpio_ex.o
HAL_GPIO_DeInit                                   build/stm32f1xx_hal_gpio.o
HAL_GPIO_EXTI_Callback                            build/stm32f1xx_hal_gpio.o
HAL_GPIO_EXTI_IRQHandler                          build/stm32f1xx_hal_gpio.o
HAL_GPIO_Init                                     build/stm32f1xx_hal_gpio.o
                                                  build/stm32f1xx_hal_rcc.o
HAL_GPIO_LockPin                                  build/stm32f1xx_hal_gpio.o
HAL_GPIO_ReadPin                                  build/stm32f1xx_hal_gpio.o
HAL_GPIO_TogglePin                                build/stm32f1xx_hal_gpio.o
HAL_GPIO_WritePin                                 build/stm32f1xx_hal_gpio.o
HAL_GetDEVID                                      build/stm32f1xx_hal.o
HAL_GetHalVersion                                 build/stm32f1xx_hal.o
HAL_GetREVID                                      build/stm32f1xx_hal.o
HAL_GetTick                                       build/stm32f1xx_hal.o
                                                  build/stm32f1xx_hal_rcc_ex.o
                                                  build/stm32f1xx_hal_rcc.o
                                                  build/stm32f1xx_hal_flash.o
                                                  build/stm32f1xx_hal_dma.o
HAL_GetTickFreq                                   build/stm32f1xx_hal.o
HAL_GetTickPrio                                   build/stm32f1xx_hal.o
HAL_GetUIDw0                                      build/stm32f1xx_hal.o
HAL_GetUIDw1                                      build/stm32f1xx_hal.o
HAL_GetUIDw2                                      build/stm32f1xx_hal.o
HAL_IncTick                                       build/stm32f1xx_hal.o
                                                  build/stm32f1xx_it.o
HAL_Init                                          build/stm32f1xx_hal.o
                                                  build/main.o
HAL_InitTick                                      build/stm32f1xx_hal.o
                                                  build/stm32f1xx_hal_rcc.o
HAL_MspDeInit                                     build/stm32f1xx_hal.o
HAL_MspInit                                       build/stm32f1xx_hal_msp.o
HAL_NVIC_ClearPendingIRQ                          build/stm32f1xx_hal_cortex.o
HAL_NVIC_DisableIRQ                               build/stm32f1xx_hal_cortex.o
                                                  build/usbd_conf.o
HAL_NVIC_EnableIRQ                                build/stm32f1xx_hal_cortex.o
                                                  build/usbd_conf.o
HAL_NVIC_GetActive                                build/stm32f1xx_hal_cortex.o
HAL_NVIC_GetPendingIRQ                            build/stm32f1xx_hal_cortex.o
HAL_NVIC_GetPriority                              build/stm32f1xx_hal_cortex.o
HAL_NVIC_GetPriorityGrouping                      build/stm32f1xx_hal_cortex.o
HAL_NVIC_SetPendingIRQ                            build/stm32f1xx_hal_cortex.o
HAL_NVIC_SetPriority                              build/stm32f1xx_hal_cortex.o
                                                  build/usbd_conf.o
                                                  build/stm32f1xx_hal.o
HAL_NVIC_SetPriorityGrouping                      build/stm32f1xx_hal_cortex.o
                                                  build/stm32f1xx_hal.o
HAL_NVIC_SystemReset                              build/stm32f1xx_hal_cortex.o
                                                  build/stm32f1xx_hal_flash.o
HAL_PCDEx_BCD_Callback                            build/stm32f1xx_hal_pcd_ex.o
HAL_PCDEx_LPM_Callback                            build/stm32f1xx_hal_pcd_ex.o
HAL_PCDEx_PMAConfig                               build/stm32f1xx_hal_pcd_ex.o
                                                  build/usbd_conf.o
HAL_PCDEx_SetConnectionState                      build/usbd_conf.o
                                                  build/stm32f1xx_hal_pcd_ex.o
                                                  build/stm32f1xx_hal_pcd.o
HAL_PCD_ActivateRemoteWakeup                      build/stm32f1xx_hal_pcd.o
HAL_PCD_ConnectCallback                           build/usbd_conf.o
                                                  build/stm32f1xx_hal_pcd.o
HAL_PCD_DataInStageCallback                       build/usbd_conf.o
                                                  build/stm32f1xx_hal_pcd.o
HAL_PCD_DataOutStageCallback                      build/usbd_conf.o
                                                  build/stm32f1xx_hal_pcd.o
HAL_PCD_DeActivateRemoteWakeup                    build/stm32f1xx_hal_pcd.o
HAL_PCD_DeInit                                    build/stm32f1xx_hal_pcd.o
                                                  build/usbd_conf.o
HAL_PCD_DevConnect                                build/stm32f1xx_hal_pcd.o
HAL_PCD_DevDisconnect                             build/stm32f1xx_hal_pcd.o
HAL_PCD_DisconnectCallback                        build/usbd_conf.o
                                                  build/stm32f1xx_hal_pcd.o
HAL_PCD_EP_Abort                                  build/stm32f1xx_hal_pcd.o
HAL_PCD_EP_Close                                  build/stm32f1xx_hal_pcd.o
                                                  build/usbd_conf.o
HAL_PCD_EP_ClrStall                               build/stm32f1xx_hal_pcd.o
                                                  build/usbd_conf.o
HAL_PCD_EP_Flush                                  build/stm32f1xx_hal_pcd.o
                                                  build/usbd_conf.o
HAL_PCD_EP_GetRxCount                             build/stm32f1xx_hal_pcd.o
                                                  build/usbd_conf.o
HAL_PCD_EP_Open                                   build/stm32f1xx_hal_pcd.o
                                                  build/usbd_conf.o
HAL_PCD_EP_Receive                                build/stm32f1xx_hal_pcd.o
                                                  build/usbd_conf.o
HAL_PCD_EP_SetStall                               build/stm32f1xx_hal_pcd.o
                                                  build/usbd_conf.o
HAL_PCD_EP_Transmit                               build/stm32f1xx_hal_pcd.o
                                                  build/usbd_conf.o
HAL_PCD_GetState                                  build/stm32f1xx_hal_pcd.o
HAL_PCD_IRQHandler                                build/stm32f1xx_hal_pcd.o
                                                  build/stm32f1xx_it.o
HAL_PCD_ISOINIncompleteCallback                   build/usbd_conf.o
                                                  build/stm32f1xx_hal_pcd.o
HAL_PCD_ISOOUTIncompleteCallback                  build/usbd_conf.o
                                                  build/stm32f1xx_hal_pcd.o
HAL_PCD_Init                                      build/stm32f1xx_hal_pcd.o
                                                  build/usbd_conf.o
HAL_PCD_MspDeInit                                 build/usbd_conf.o
                                                  build/stm32f1xx_hal_pcd.o
HAL_PCD_MspInit                                   build/usbd_conf.o
                                                  build/stm32f1xx_hal_pcd.o
HAL_PCD_ResetCallback                             build/usbd_conf.o
                                                  build/stm32f1xx_hal_pcd.o
HAL_PCD_ResumeCallback                            build/usbd_conf.o
                                                  build/stm32f1xx_hal_pcd.o
HAL_PCD_SOFCallback                               build/usbd_conf.o
                                                  build/stm32f1xx_hal_pcd.o
HAL_PCD_SetAddress                                build/stm32f1xx_hal_pcd.o
                                                  build/usbd_conf.o
HAL_PCD_SetupStageCallback                        build/usbd_conf.o
                                                  build/stm32f1xx_hal_pcd.o
HAL_PCD_Start                                     build/stm32f1xx_hal_pcd.o
                                                  build/usbd_conf.o
HAL_PCD_Stop                                      build/stm32f1xx_hal_pcd.o
                                                  build/usbd_conf.o
HAL_PCD_SuspendCallback                           build/usbd_conf.o
                                                  build/stm32f1xx_hal_pcd.o
HAL_PCD_WKUP_IRQHandler                           build/stm32f1xx_hal_pcd.o
HAL_PWR_ConfigPVD                                 build/stm32f1xx_hal_pwr.o
HAL_PWR_DeInit                                    build/stm32f1xx_hal_pwr.o
HAL_PWR_DisableBkUpAccess                         build/stm32f1xx_hal_pwr.o
HAL_PWR_DisablePVD                                build/stm32f1xx_hal_pwr.o
HAL_PWR_DisableSEVOnPend                          build/stm32f1xx_hal_pwr.o
HAL_PWR_DisableSleepOnExit                        build/stm32f1xx_hal_pwr.o
HAL_PWR_DisableWakeUpPin                          build/stm32f1xx_hal_pwr.o
HAL_PWR_EnableBkUpAccess                          build/stm32f1xx_hal_pwr.o
HAL_PWR_EnablePVD                                 build/stm32f1xx_hal_pwr.o
HAL_PWR_EnableSEVOnPend                           build/stm32f1xx_hal_pwr.o
HAL_PWR_EnableSleepOnExit                         build/stm32f1xx_hal_pwr.o
HAL_PWR_EnableWakeUpPin                           build/stm32f1xx_hal_pwr.o
HAL_PWR_EnterSLEEPMode                            build/stm32f1xx_hal_pwr.o
HAL_PWR_EnterSTANDBYMode                          build/stm32f1xx_hal_pwr.o
HAL_PWR_EnterSTOPMode                             build/stm32f1xx_hal_pwr.o
HAL_PWR_PVDCallback                               build/stm32f1xx_hal_pwr.o
HAL_PWR_PVD_IRQHandler                            build/stm32f1xx_hal_pwr.o
HAL_RCCEx_GetPeriphCLKConfig                      build/stm32f1xx_hal_rcc_ex.o
HAL_RCCEx_GetPeriphCLKFreq                        build/stm32f1xx_hal_rcc_ex.o
HAL_RCCEx_PeriphCLKConfig                         build/stm32f1xx_hal_rcc_ex.o
                                                  build/main.o
HAL_RCC_CSSCallback                               build/stm32f1xx_hal_rcc.o
HAL_RCC_ClockConfig                               build/stm32f1xx_hal_rcc.o
                                                  build/main.o
HAL_RCC_DeInit                                    build/stm32f1xx_hal_rcc.o
HAL_RCC_DisableCSS                                build/stm32f1xx_hal_rcc.o
HAL_RCC_EnableCSS                                 build/stm32f1xx_hal_rcc.o
HAL_RCC_GetClockConfig                            build/stm32f1xx_hal_rcc.o
HAL_RCC_GetHCLKFreq                               build/stm32f1xx_hal_rcc.o
HAL_RCC_GetOscConfig                              build/stm32f1xx_hal_rcc.o
HAL_RCC_GetPCLK1Freq                              build/stm32f1xx_hal_rcc.o
HAL_RCC_GetPCLK2Freq                              build/stm32f1xx_hal_rcc.o
                                                  build/stm32f1xx_hal_rcc_ex.o
HAL_RCC_GetSysClockFreq                           build/stm32f1xx_hal_rcc.o
HAL_RCC_MCOConfig                                 build/stm32f1xx_hal_rcc.o
HAL_RCC_NMI_IRQHandler                            build/stm32f1xx_hal_rcc.o
HAL_RCC_OscConfig                                 build/stm32f1xx_hal_rcc.o
                                                  build/main.o
HAL_ResumeTick                                    build/stm32f1xx_hal.o
HAL_SYSTICK_CLKSourceConfig                       build/stm32f1xx_hal_cortex.o
HAL_SYSTICK_Callback                              build/stm32f1xx_hal_cortex.o
HAL_SYSTICK_Config                                build/stm32f1xx_hal_cortex.o
                                                  build/stm32f1xx_hal.o
HAL_SYSTICK_IRQHandler                            build/stm32f1xx_hal_cortex.o
HAL_SetTickFreq                                   build/stm32f1xx_hal.o
HAL_SuspendTick                                   build/stm32f1xx_hal.o
HardFault_Handler                                 build/stm32f1xx_it.o
I2C1_ER_IRQHandler                                build/startup_stm32f103xb.o
I2C1_EV_IRQHandler                                build/startup_stm32f103xb.o
I2C2_ER_IRQHandler                                build/startup_stm32f103xb.o
I2C2_EV_IRQHandler                                build/startup_stm32f103xb.o
MX_GPIO_Init                                      build/gpio.o
                                                  build/main.o
MX_USB_DEVICE_Init                                build/usb_device.o
                                                  build/main.o
MemManage_Handler                                 build/stm32f1xx_it.o
NMI_Handler                                       build/stm32f1xx_it.o
PVD_IRQHandler                                    build/startup_stm32f103xb.o
PendSV_Handler                                    build/stm32f1xx_it.o
RCC_IRQHandler                                    build/startup_stm32f103xb.o
RTC_Alarm_IRQHandler                              build/startup_stm32f103xb.o
RTC_IRQHandler                                    build/startup_stm32f103xb.o
Reset_Handler                                     build/startup_stm32f103xb.o
SPI1_IRQHandler                                   build/startup_stm32f103xb.o
SPI2_IRQHandler                                   build/startup_stm32f103xb.o
SVC_Handler                                       build/stm32f1xx_it.o
SysTick_Handler                                   build/stm32f1xx_it.o
SystemClock_Config                                build/main.o
SystemCoreClock                                   build/system_stm32f1xx.o
                                                  build/stm32f1xx_hal_rcc.o
                                                  build/stm32f1xx_hal.o
SystemCoreClockUpdate                             build/system_stm32f1xx.o
SystemInit                                        build/system_stm32f1xx.o
                                                  build/startup_stm32f103xb.o
TAMPER_IRQHandler                                 build/startup_stm32f103xb.o
TIM1_BRK_IRQHandler                               build/startup_stm32f103xb.o
TIM1_CC_IRQHandler                                build/startup_stm32f103xb.o
TIM1_TRG_COM_IRQHandler                           build/startup_stm32f103xb.o
TIM1_UP_IRQHandler                                build/startup_stm32f103xb.o
TIM2_IRQHandler                                   build/startup_stm32f103xb.o
TIM3_IRQHandler                                   build/startup_stm32f103xb.o
TIM4_IRQHandler                                   build/startup_stm32f103xb.o
USART1_IRQHandler                                 build/startup_stm32f103xb.o
USART2_IRQHandler                                 build/startup_stm32f103xb.o
USART3_IRQHandler                                 build/startup_stm32f103xb.o
USBD_CUSTOM_HID                                   build/usbd_customhid.o
                                                  build/usb_device.o
USBD_CUSTOM_HID_RegisterInterface                 build/usbd_customhid.o
                                                  build/usb_device.o
USBD_CUSTOM_HID_SendReport                        build/usbd_customhid.o
                                                  build/main.o
USBD_ClrClassConfig                               build/usbd_core.o
                                                  build/usbd_ctlreq.o
USBD_CtlContinueRx                                build/usbd_ioreq.o
                                                  build/usbd_core.o
USBD_CtlContinueSendData                          build/usbd_ioreq.o
                                                  build/usbd_core.o
USBD_CtlError                                     build/usbd_ctlreq.o
                                                  build/usbd_customhid.o
USBD_CtlPrepareRx                                 build/usbd_ioreq.o
                                                  build/usbd_customhid.o
USBD_CtlReceiveStatus                             build/usbd_ioreq.o
                                                  build/usbd_core.o
USBD_CtlSendData                                  build/usbd_ioreq.o
                                                  build/usbd_ctlreq.o
                                                  build/usbd_customhid.o
USBD_CtlSendStatus                                build/usbd_ioreq.o
                                                  build/usbd_ctlreq.o
                                                  build/usbd_core.o
USBD_CustomHID_fops_FS                            build/usbd_custom_hid_if.o
                                                  build/usb_device.o
USBD_DeInit                                       build/usbd_core.o
USBD_FS_ConfigStrDescriptor                       build/usbd_desc.o
USBD_FS_DeviceDesc                                build/usbd_desc.o
USBD_FS_DeviceDescriptor                          build/usbd_desc.o
USBD_FS_InterfaceStrDescriptor                    build/usbd_desc.o
USBD_FS_LangIDStrDescriptor                       build/usbd_desc.o
USBD_FS_ManufacturerStrDescriptor                 build/usbd_desc.o
USBD_FS_ProductStrDescriptor                      build/usbd_desc.o
USBD_FS_SerialStrDescriptor                       build/usbd_desc.o
USBD_GetRxCount                                   build/usbd_ioreq.o
USBD_GetString                                    build/usbd_ctlreq.o
                                                  build/usbd_desc.o
USBD_Init                                         build/usbd_core.o
                                                  build/usb_device.o
USBD_LL_ClearStallEP                              build/usbd_conf.o
                                                  build/usbd_ctlreq.o
USBD_LL_CloseEP                                   build/usbd_conf.o
                                                  build/usbd_customhid.o
USBD_LL_DataInStage                               build/usbd_core.o
                                                  build/usbd_conf.o
USBD_LL_DataOutStage                              build/usbd_core.o
                                                  build/usbd_conf.o
USBD_LL_DeInit                                    build/usbd_conf.o
                                                  build/usbd_core.o
USBD_LL_Delay                                     build/usbd_conf.o
USBD_LL_DevConnected                              build/usbd_core.o
                                                  build/usbd_conf.o
USBD_LL_DevDisconnected                           build/usbd_core.o
                                                  build/usbd_conf.o
USBD_LL_FlushEP                                   build/usbd_conf.o
USBD_LL_GetRxDataSize                             build/usbd_conf.o
                                                  build/usbd_ioreq.o
USBD_LL_Init                                      build/usbd_conf.o
                                                  build/usbd_core.o
USBD_LL_IsStallEP                                 build/usbd_conf.o
                                                  build/usbd_ctlreq.o
USBD_LL_IsoINIncomplete                           build/usbd_core.o
                                                  build/usbd_conf.o
USBD_LL_IsoOUTIncomplete                          build/usbd_core.o
                                                  build/usbd_conf.o
USBD_LL_OpenEP                                    build/usbd_conf.o
                                                  build/usbd_core.o
                                                  build/usbd_customhid.o
USBD_LL_PrepareReceive                            build/usbd_conf.o
                                                  build/usbd_ioreq.o
                                                  build/usbd_core.o
                                                  build/usbd_customhid.o
USBD_LL_Reset                                     build/usbd_core.o
                                                  build/usbd_conf.o
USBD_LL_Resume                                    build/usbd_core.o
                                                  build/usbd_conf.o
USBD_LL_SOF                                       build/usbd_core.o
                                                  build/usbd_conf.o
USBD_LL_SetSpeed                                  build/usbd_core.o
                                                  build/usbd_conf.o
USBD_LL_SetUSBAddress                             build/usbd_conf.o
                                                  build/usbd_ctlreq.o
USBD_LL_SetupStage                                build/usbd_core.o
                                                  build/usbd_conf.o
USBD_LL_StallEP                                   build/usbd_conf.o
                                                  build/usbd_ctlreq.o
                                                  build/usbd_core.o
USBD_LL_Start                                     build/usbd_conf.o
                                                  build/usbd_core.o
USBD_LL_Stop                                      build/usbd_conf.o
                                                  build/usbd_core.o
USBD_LL_Suspend                                   build/usbd_core.o
                                                  build/usbd_conf.o
USBD_LL_Transmit                                  build/usbd_conf.o
                                                  build/usbd_ioreq.o
                                                  build/usbd_customhid.o
USBD_LangIDDesc                                   build/usbd_desc.o
USBD_ParseSetupRequest                            build/usbd_ctlreq.o
                                                  build/usbd_core.o
USBD_RegisterClass                                build/usbd_core.o
                                                  build/usb_device.o
USBD_RunTestMode                                  build/usbd_core.o
USBD_SetClassConfig                               build/usbd_core.o
                                                  build/usbd_ctlreq.o
USBD_Start                                        build/usbd_core.o
                                                  build/usb_device.o
USBD_StdDevReq                                    build/usbd_ctlreq.o
                                                  build/usbd_core.o
USBD_StdEPReq                                     build/usbd_ctlreq.o
                                                  build/usbd_core.o
USBD_StdItfReq                                    build/usbd_ctlreq.o
                                                  build/usbd_core.o
USBD_Stop                                         build/usbd_core.o
USBD_StrDesc                                      build/usbd_desc.o
USBD_StringSerial                                 build/usbd_desc.o
USBD_static_free                                  build/usbd_conf.o
                                                  build/usbd_customhid.o
USBD_static_malloc                                build/usbd_conf.o
                                                  build/usbd_customhid.o
USBWakeUp_IRQHandler                              build/startup_stm32f103xb.o
USB_ActivateEndpoint                              build/stm32f1xx_ll_usb.o
                                                  build/stm32f1xx_hal_pcd.o
USB_ActivateRemoteWakeup                          build/stm32f1xx_ll_usb.o
                                                  build/stm32f1xx_hal_pcd.o
USB_ClearInterrupts                               build/stm32f1xx_ll_usb.o
USB_CoreInit                                      build/stm32f1xx_ll_usb.o
                                                  build/stm32f1xx_hal_pcd.o
USB_DeActivateRemoteWakeup                        build/stm32f1xx_ll_usb.o
                                                  build/stm32f1xx_hal_pcd.o
USB_DeactivateEndpoint                            build/stm32f1xx_ll_usb.o
                                                  build/stm32f1xx_hal_pcd.o
USB_DevConnect                                    build/stm32f1xx_ll_usb.o
                                                  build/stm32f1xx_hal_pcd.o
USB_DevDisconnect                                 build/stm32f1xx_ll_usb.o
                                                  build/stm32f1xx_hal_pcd.o
USB_DevInit                                       build/stm32f1xx_ll_usb.o
                                                  build/stm32f1xx_hal_pcd.o
USB_DisableGlobalInt                              build/stm32f1xx_ll_usb.o
                                                  build/stm32f1xx_hal_pcd.o
USB_EP0_OutStart                                  build/stm32f1xx_ll_usb.o
                                                  build/stm32f1xx_hal_pcd.o
USB_EPClearStall                                  build/stm32f1xx_ll_usb.o
                                                  build/stm32f1xx_hal_pcd.o
USB_EPSetStall                                    build/stm32f1xx_ll_usb.o
                                                  build/stm32f1xx_hal_pcd.o
USB_EPStartXfer                                   build/stm32f1xx_ll_usb.o
                                                  build/stm32f1xx_hal_pcd.o
USB_EPStopXfer                                    build/stm32f1xx_ll_usb.o
                                                  build/stm32f1xx_hal_pcd.o
USB_EnableGlobalInt                               build/stm32f1xx_ll_usb.o
                                                  build/stm32f1xx_hal_pcd.o
USB_FlushRxFifo                                   build/stm32f1xx_ll_usb.o
                                                  build/stm32f1xx_hal_pcd.o
USB_FlushTxFifo                                   build/stm32f1xx_ll_usb.o
                                                  build/stm32f1xx_hal_pcd.o
USB_HP_CAN1_TX_IRQHandler                         build/startup_stm32f103xb.o
USB_LP_CAN1_RX0_IRQHandler                        build/stm32f1xx_it.o
USB_ReadDevAllInEpInterrupt                       build/stm32f1xx_ll_usb.o
USB_ReadDevAllOutEpInterrupt                      build/stm32f1xx_ll_usb.o
USB_ReadDevInEPInterrupt                          build/stm32f1xx_ll_usb.o
USB_ReadDevOutEPInterrupt                         build/stm32f1xx_ll_usb.o
USB_ReadInterrupts                                build/stm32f1xx_ll_usb.o
                                                  build/stm32f1xx_hal_pcd.o
USB_ReadPMA                                       build/stm32f1xx_ll_usb.o
                                                  build/stm32f1xx_hal_pcd.o
USB_SetCurrentMode                                build/stm32f1xx_ll_usb.o
                                                  build/stm32f1xx_hal_pcd.o
USB_SetDevAddress                                 build/stm32f1xx_ll_usb.o
                                                  build/stm32f1xx_hal_pcd.o
USB_StopDevice                                    build/stm32f1xx_ll_usb.o
                                                  build/stm32f1xx_hal_pcd.o
USB_WritePMA                                      build/stm32f1xx_ll_usb.o
                                                  build/stm32f1xx_hal_pcd.o
UsageFault_Handler                                build/stm32f1xx_it.o
WWDG_IRQHandler                                   build/startup_stm32f103xb.o
_Min_Stack_Size                                   build/sysmem.o
__atexit                                          /usr/lib/gcc/arm-none-eabi/14.1.0/../../../../arm-none-eabi/lib/thumb/v7-m/nofp/libc_nano.a(libc_a-__call_atexit.o)
                                                  /usr/lib/gcc/arm-none-eabi/14.1.0/../../../../arm-none-eabi/lib/thumb/v7-m/nofp/libc_nano.a(libc_a-__atexit.o)
__atexit0                                         /usr/lib/gcc/arm-none-eabi/14.1.0/../../../../arm-none-eabi/lib/thumb/v7-m/nofp/libc_nano.a(libc_a-__atexit.o)
__atexit_dummy                                    /usr/lib/gcc/arm-none-eabi/14.1.0/../../../../arm-none-eabi/lib/thumb/v7-m/nofp/libc_nano.a(libc_a-__atexit.o)
__atexit_recursive_mutex                          /usr/lib/gcc/arm-none-eabi/14.1.0/../../../../arm-none-eabi/lib/thumb/v7-m/nofp/libc_nano.a(libc_a-__call_atexit.o)
                                                  /usr/lib/gcc/arm-none-eabi/14.1.0/../../../../arm-none-eabi/lib/thumb/v7-m/nofp/libc_nano.a(libc_a-__atexit.o)
__bss_end__                                       /usr/lib/gcc/arm-none-eabi/14.1.0/../../../../arm-none-eabi/lib/thumb/v7-m/nofp/crt0.o
__bss_start__                                     /usr/lib/gcc/arm-none-eabi/14.1.0/../../../../arm-none-eabi/lib/thumb/v7-m/nofp/crt0.o
__call_exitprocs                                  /usr/lib/gcc/arm-none-eabi/14.1.0/../../../../arm-none-eabi/lib/thumb/v7-m/nofp/libc_nano.a(libc_a-__call_atexit.o)
                                                  /usr/lib/gcc/arm-none-eabi/14.1.0/../../../../arm-none-eabi/lib/thumb/v7-m/nofp/libc_nano.a(libc_a-__atexit.o)
                                                  /usr/lib/gcc/arm-none-eabi/14.1.0/../../../../arm-none-eabi/lib/thumb/v7-m/nofp/libc_nano.a(libc_a-exit.o)
__deregister_frame_info                           /usr/lib/gcc/arm-none-eabi/14.1.0/thumb/v7-m/nofp/crtbegin.o
__dso_handle                                      /usr/lib/gcc/arm-none-eabi/14.1.0/thumb/v7-m/nofp/crtbegin.o
__env                                             build/syscalls.o
__errno                                           /usr/lib/gcc/arm-none-eabi/14.1.0/../../../../arm-none-eabi/lib/thumb/v7-m/nofp/libc_nano.a(libc_a-errno.o)
                                                  build/sysmem.o
                                                  build/syscalls.o
__fini_array_end                                  /usr/lib/gcc/arm-none-eabi/14.1.0/../../../../arm-none-eabi/lib/thumb/v7-m/nofp/libc_nano.a(libc_a-fini.o)
__fini_array_start                                /usr/lib/gcc/arm-none-eabi/14.1.0/../../../../arm-none-eabi/lib/thumb/v7-m/nofp/libc_nano.a(libc_a-fini.o)
__fp_lock_all                                     /usr/lib/gcc/arm-none-eabi/14.1.0/../../../../arm-none-eabi/lib/thumb/v7-m/nofp/libc_nano.a(libc_a-findfp.o)
__fp_unlock_all                                   /usr/lib/gcc/arm-none-eabi/14.1.0/../../../../arm-none-eabi/lib/thumb/v7-m/nofp/libc_nano.a(libc_a-findfp.o)
__init_array_end                                  /usr/lib/gcc/arm-none-eabi/14.1.0/../../../../arm-none-eabi/lib/thumb/v7-m/nofp/libc_nano.a(libc_a-init.o)
__init_array_start                                /usr/lib/gcc/arm-none-eabi/14.1.0/../../../../arm-none-eabi/lib/thumb/v7-m/nofp/libc_nano.a(libc_a-init.o)
__io_getchar                                      build/syscalls.o
__io_putchar                                      build/syscalls.o
__libc_fini_array                                 /usr/lib/gcc/arm-none-eabi/14.1.0/../../../../arm-none-eabi/lib/thumb/v7-m/nofp/libc_nano.a(libc_a-fini.o)
                                                  /usr/lib/gcc/arm-none-eabi/14.1.0/../../../../arm-none-eabi/lib/thumb/v7-m/nofp/crt0.o
__libc_init_array                                 /usr/lib/gcc/arm-none-eabi/14.1.0/../../../../arm-none-eabi/lib/thumb/v7-m/nofp/libc_nano.a(libc_a-init.o)
                                                  build/startup_stm32f103xb.o
                                                  /usr/lib/gcc/arm-none-eabi/14.1.0/../../../../arm-none-eabi/lib/thumb/v7-m/nofp/crt0.o
__lock___arc4random_mutex                         /usr/lib/gcc/arm-none-eabi/14.1.0/../../../../arm-none-eabi/lib/thumb/v7-m/nofp/libc_nano.a(libc_a-lock.o)
__lock___at_quick_exit_mutex                      /usr/lib/gcc/arm-none-eabi/14.1.0/../../../../arm-none-eabi/lib/thumb/v7-m/nofp/libc_nano.a(libc_a-lock.o)
__lock___atexit_recursive_mutex                   /usr/lib/gcc/arm-none-eabi/14.1.0/../../../../arm-none-eabi/lib/thumb/v7-m/nofp/libc_nano.a(libc_a-lock.o)
                                                  /usr/lib/gcc/arm-none-eabi/14.1.0/../../../../arm-none-eabi/lib/thumb/v7-m/nofp/libc_nano.a(libc_a-__call_atexit.o)
__lock___dd_hash_mutex                            /usr/lib/gcc/arm-none-eabi/14.1.0/../../../../arm-none-eabi/lib/thumb/v7-m/nofp/libc_nano.a(libc_a-lock.o)
__lock___env_recursive_mutex                      /usr/lib/gcc/arm-none-eabi/14.1.0/../../../../arm-none-eabi/lib/thumb/v7-m/nofp/libc_nano.a(libc_a-lock.o)
__lock___malloc_recursive_mutex                   /usr/lib/gcc/arm-none-eabi/14.1.0/../../../../arm-none-eabi/lib/thumb/v7-m/nofp/libc_nano.a(libc_a-lock.o)
                                                  /usr/lib/gcc/arm-none-eabi/14.1.0/../../../../arm-none-eabi/lib/thumb/v7-m/nofp/libc_nano.a(libc_a-mlock.o)
__lock___sfp_recursive_mutex                      /usr/lib/gcc/arm-none-eabi/14.1.0/../../../../arm-none-eabi/lib/thumb/v7-m/nofp/libc_nano.a(libc_a-lock.o)
                                                  /usr/lib/gcc/arm-none-eabi/14.1.0/../../../../arm-none-eabi/lib/thumb/v7-m/nofp/libc_nano.a(libc_a-findfp.o)
__lock___tz_mutex                                 /usr/lib/gcc/arm-none-eabi/14.1.0/../../../../arm-none-eabi/lib/thumb/v7-m/nofp/libc_nano.a(libc_a-lock.o)
__malloc_free_list                                /usr/lib/gcc/arm-none-eabi/14.1.0/../../../../arm-none-eabi/lib/thumb/v7-m/nofp/libc_nano.a(libc_a-mallocr.o)
                                                  /usr/lib/gcc/arm-none-eabi/14.1.0/../../../../arm-none-eabi/lib/thumb/v7-m/nofp/libc_nano.a(libc_a-freer.o)
__malloc_lock                                     /usr/lib/gcc/arm-none-eabi/14.1.0/../../../../arm-none-eabi/lib/thumb/v7-m/nofp/libc_nano.a(libc_a-mlock.o)
                                                  /usr/lib/gcc/arm-none-eabi/14.1.0/../../../../arm-none-eabi/lib/thumb/v7-m/nofp/libc_nano.a(libc_a-mallocr.o)
                                                  /usr/lib/gcc/arm-none-eabi/14.1.0/../../../../arm-none-eabi/lib/thumb/v7-m/nofp/libc_nano.a(libc_a-freer.o)
__malloc_sbrk_start                               /usr/lib/gcc/arm-none-eabi/14.1.0/../../../../arm-none-eabi/lib/thumb/v7-m/nofp/libc_nano.a(libc_a-mallocr.o)
__malloc_unlock                                   /usr/lib/gcc/arm-none-eabi/14.1.0/../../../../arm-none-eabi/lib/thumb/v7-m/nofp/libc_nano.a(libc_a-mlock.o)
                                                  /usr/lib/gcc/arm-none-eabi/14.1.0/../../../../arm-none-eabi/lib/thumb/v7-m/nofp/libc_nano.a(libc_a-mallocr.o)
                                                  /usr/lib/gcc/arm-none-eabi/14.1.0/../../../../arm-none-eabi/lib/thumb/v7-m/nofp/libc_nano.a(libc_a-freer.o)
__on_exit_args                                    /usr/lib/gcc/arm-none-eabi/14.1.0/../../../../arm-none-eabi/lib/thumb/v7-m/nofp/libc_nano.a(libc_a-__atexit.o)
__preinit_array_end                               /usr/lib/gcc/arm-none-eabi/14.1.0/../../../../arm-none-eabi/lib/thumb/v7-m/nofp/libc_nano.a(libc_a-init.o)
__preinit_array_start                             /usr/lib/gcc/arm-none-eabi/14.1.0/../../../../arm-none-eabi/lib/thumb/v7-m/nofp/libc_nano.a(libc_a-init.o)
__register_exitproc                               /usr/lib/gcc/arm-none-eabi/14.1.0/../../../../arm-none-eabi/lib/thumb/v7-m/nofp/libc_nano.a(libc_a-__atexit.o)
                                                  /usr/lib/gcc/arm-none-eabi/14.1.0/../../../../arm-none-eabi/lib/thumb/v7-m/nofp/libc_nano.a(libc_a-atexit.o)
__register_frame_info                             /usr/lib/gcc/arm-none-eabi/14.1.0/thumb/v7-m/nofp/crtbegin.o